Component: ARM Compiler 5.06 update 7 (build 960) Tool: armlink [4d3601]

==============================================================================

Section Cross References

    startup_stm32f405xx.o(STACK) refers (Special) to heapauxi.o(.text) for __use_two_region_memory
    startup_stm32f405xx.o(HEAP) refers (Special) to heapauxi.o(.text) for __use_two_region_memory
    startup_stm32f405xx.o(RESET) refers (Special) to heapauxi.o(.text) for __use_two_region_memory
    startup_stm32f405xx.o(RESET) refers to startup_stm32f405xx.o(STACK) for __initial_sp
    startup_stm32f405xx.o(RESET) refers to startup_stm32f405xx.o(.text) for Reset_Handler
    startup_stm32f405xx.o(RESET) refers to stm32f4xx_it.o(i.NMI_Handler) for NMI_Handler
    startup_stm32f405xx.o(RESET) refers to stm32f4xx_it.o(i.HardFault_Handler) for HardFault_Handler
    startup_stm32f405xx.o(RESET) refers to stm32f4xx_it.o(i.MemManage_Handler) for MemManage_Handler
    startup_stm32f405xx.o(RESET) refers to stm32f4xx_it.o(i.BusFault_Handler) for BusFault_Handler
    startup_stm32f405xx.o(RESET) refers to stm32f4xx_it.o(i.UsageFault_Handler) for UsageFault_Handler
    startup_stm32f405xx.o(RESET) refers to port.o(.emb_text) for SVC_Handler
    startup_stm32f405xx.o(RESET) refers to stm32f4xx_it.o(i.DebugMon_Handler) for DebugMon_Handler
    startup_stm32f405xx.o(RESET) refers to stm32f4xx_it.o(i.SysTick_Handler) for SysTick_Handler
    startup_stm32f405xx.o(RESET) refers to stm32f4xx_it.o(i.EXTI0_IRQHandler) for EXTI0_IRQHandler
    startup_stm32f405xx.o(RESET) refers to stm32f4xx_it.o(i.EXTI4_IRQHandler) for EXTI4_IRQHandler
    startup_stm32f405xx.o(RESET) refers to stm32f4xx_it.o(i.EXTI9_5_IRQHandler) for EXTI9_5_IRQHandler
    startup_stm32f405xx.o(RESET) refers to stm32f4xx_it.o(i.USART1_IRQHandler) for USART1_IRQHandler
    startup_stm32f405xx.o(RESET) refers to ins_task.o(i.DMA2_Stream2_IRQHandler) for DMA2_Stream2_IRQHandler
    startup_stm32f405xx.o(RESET) refers to stm32f4xx_it.o(i.DMA2_Stream7_IRQHandler) for DMA2_Stream7_IRQHandler
    startup_stm32f405xx.o(.text) refers (Special) to heapauxi.o(.text) for __use_two_region_memory
    startup_stm32f405xx.o(.text) refers to system_stm32f4xx.o(i.SystemInit) for SystemInit
    startup_stm32f405xx.o(.text) refers to __main.o(!!!main) for __main
    startup_stm32f405xx.o(.text) refers to startup_stm32f405xx.o(HEAP) for Heap_Mem
    startup_stm32f405xx.o(.text) refers to startup_stm32f405xx.o(STACK) for Stack_Mem
    ins_task.o(i.AHRS_update) refers to mahonyahrs.o(i.MahonyAHRSupdate) for MahonyAHRSupdate
    ins_task.o(i.DMA2_Stream2_IRQHandler) refers to spi.o(.bss) for hspi1
    ins_task.o(i.DMA2_Stream2_IRQHandler) refers to stm32f4xx_hal_gpio.o(i.HAL_GPIO_WritePin) for HAL_GPIO_WritePin
    ins_task.o(i.DMA2_Stream2_IRQHandler) refers to ins_task.o(.data) for gyro_update_flag
    ins_task.o(i.DMA2_Stream2_IRQHandler) refers to ins_task.o(i.imu_cmd_spi_dma) for imu_cmd_spi_dma
    ins_task.o(i.HAL_GPIO_EXTI_Callback) refers to ins_task.o(i.imu_cmd_spi_dma) for imu_cmd_spi_dma
    ins_task.o(i.HAL_GPIO_EXTI_Callback) refers to ist8310driver.o(i.ist8310_read_mag) for ist8310_read_mag
    ins_task.o(i.HAL_GPIO_EXTI_Callback) refers to tasks.o(i.xTaskGetSchedulerState) for xTaskGetSchedulerState
    ins_task.o(i.HAL_GPIO_EXTI_Callback) refers to tasks.o(i.vTaskNotifyGiveFromISR) for vTaskNotifyGiveFromISR
    ins_task.o(i.HAL_GPIO_EXTI_Callback) refers to ins_task.o(.data) for accel_update_flag
    ins_task.o(i.HAL_GPIO_EXTI_Callback) refers to ins_task.o(.bss) for ist8310_real_data
    ins_task.o(i.INS_task) refers to cmsis_os.o(i.osDelay) for osDelay
    ins_task.o(i.INS_task) refers to bmi088driver.o(i.BMI088_init) for BMI088_init
    ins_task.o(i.INS_task) refers to ist8310driver.o(i.ist8310_init) for ist8310_init
    ins_task.o(i.INS_task) refers to bmi088driver.o(i.BMI088_read) for BMI088_read
    ins_task.o(i.INS_task) refers to ins_task.o(i.AHRS_init) for AHRS_init
    ins_task.o(i.INS_task) refers to tasks.o(i.pcTaskGetName) for pcTaskGetName
    ins_task.o(i.INS_task) refers to tasks.o(i.xTaskGetHandle) for xTaskGetHandle
    ins_task.o(i.INS_task) refers to stm32f4xx_hal_spi.o(i.HAL_SPI_Init) for HAL_SPI_Init
    ins_task.o(i.INS_task) refers to main.o(i.Error_Handler) for Error_Handler
    ins_task.o(i.INS_task) refers to bsp_spi.o(i.SPI1_DMA_init) for SPI1_DMA_init
    ins_task.o(i.INS_task) refers to tasks.o(i.ulTaskNotifyTake) for ulTaskNotifyTake
    ins_task.o(i.INS_task) refers to bmi088driver.o(i.BMI088_gyro_read_over) for BMI088_gyro_read_over
    ins_task.o(i.INS_task) refers to bmi088driver.o(i.BMI088_accel_read_over) for BMI088_accel_read_over
    ins_task.o(i.INS_task) refers to ins_task.o(i.AHRS_update) for AHRS_update
    ins_task.o(i.INS_task) refers to ins_task.o(i.get_angle) for get_angle
    ins_task.o(i.INS_task) refers to f2d.o(x$fpl$f2d) for __aeabi_f2d
    ins_task.o(i.INS_task) refers to bsp_uart.o(i.uart_dma_printf) for uart_dma_printf
[...]
    TAMP_STAMP_IRQHandler                    0x080003af   Thumb Code     0  startup_stm32f405xx.o(.text)
    TIM1_BRK_TIM9_IRQHandler                 0x080003af   Thumb Code     0  startup_stm32f405xx.o(.text)
    TIM1_CC_IRQHandler                       0x080003af   Thumb Code     0  startup_stm32f405xx.o(.text)
    TIM1_TRG_COM_TIM11_IRQHandler            0x080003af   Thumb Code     0  startup_stm32f405xx.o(.text)
    TIM1_UP_TIM10_IRQHandler                 0x080003af   Thumb Code     0  startup_stm32f405xx.o(.text)
    TIM2_IRQHandler                          0x080003af   Thumb Code     0  startup_stm32f405xx.o(.text)
    TIM3_IRQHandler                          0x080003af   Thumb Code     0  startup_stm32f405xx.o(.text)
    TIM4_IRQHandler                          0x080003af   Thumb Code     0  startup_stm32f405xx.o(.text)
    TIM5_IRQHandler                          0x080003af   Thumb Code     0  startup_stm32f405xx.o(.text)
    TIM6_DAC_IRQHandler                      0x080003af   Thumb Code     0  startup_stm32f405xx.o(.text)
    TIM7_IRQHandler                          0x080003af   Thumb Code     0  startup_stm32f405xx.o(.text)
    TIM8_BRK_TIM12_IRQHandler                0x080003af   Thumb Code     0  startup_stm32f405xx.o(.text)
    TIM8_CC_IRQHandler                       0x080003af   Thumb Code     0  startup_stm32f405xx.o(.text)
    TIM8_TRG_COM_TIM14_IRQHandler            0x080003af   Thumb Code     0  startup_stm32f405xx.o(.text)
    TIM8_UP_TIM13_IRQHandler                 0x080003af   Thumb Code     0  startup_stm32f405xx.o(.text)
    UART4_IRQHandler                         0x080003af   Thumb Code     0  startup_stm32f405xx.o(.text)
    UART5_IRQHandler                         0x080003af   Thumb Code     0  startup_stm32f405xx.o(.text)
    USART2_IRQHandler                        0x080003af   Thumb Code     0  startup_stm32f405xx.o(.text)
    USART3_IRQHandler                        0x080003af   Thumb Code     0  startup_stm32f405xx.o(.text)
    USART6_IRQHandler                        0x080003af   Thumb Code     0  startup_stm32f405xx.o(.text)
    WWDG_IRQHandler                          0x080003af   Thumb Code     0  startup_stm32f405xx.o(.text)
    __user_initial_stackheap                 0x080003b1   Thumb Code     0  startup_stm32f405xx.o(.text)
    __aeabi_uldivmod                         0x080003d5   Thumb Code     0  lludivv7m.o(.text)
    _ll_udiv                                 0x080003d5   Thumb Code   238  lludivv7m.o(.text)
    vsprintf                                 0x080004c5   Thumb Code    32  vsprintf.o(.text)
    strlen                                   0x080004e9   Thumb Code    62  strlen.o(.text)
    __aeabi_memcpy                           0x08000527   Thumb Code     0  rt_memcpy_v6.o(.text)
    __rt_memcpy                              0x08000527   Thumb Code   138  rt_memcpy_v6.o(.text)
    _memcpy_lastbytes                        0x0800058d   Thumb Code     0  rt_memcpy_v6.o(.text)
    __aeabi_memcpy4                          0x080005b1   Thumb Code     0  rt_memcpy_w.o(.text)
    __aeabi_memcpy8                          0x080005b1   Thumb Code     0  rt_memcpy_w.o(.text)
    __rt_memcpy_w                            0x080005b1   Thumb Code   100  rt_memcpy_w.o(.text)
    _memcpy_lastbytes_aligned                0x080005f9   Thumb Code     0  rt_memcpy_w.o(.text)
    __aeabi_memset                           0x08000615   Thumb Code    16  aeabi_memset.o(.text)
    __aeabi_memclr4                          0x08000625   Thumb Code     0  rt_memclr_w.o(.text)
    __aeabi_memclr8                          0x08000625   Thumb Code     0  rt_memclr_w.o(.text)
    __rt_memclr_w                            0x08000625   Thumb Code    78  rt_memclr_w.o(.text)
    _memset_w                                0x08000629   Thumb Code     0  rt_memclr_w.o(.text)
    __use_two_region_memory                  0x08000673   Thumb Code     2  heapauxi.o(.text)
    __rt_heap_escrow$2region                 0x08000675   Thumb Code     2  heapauxi.o(.text)
    __rt_heap_expand$2region                 0x08000677   Thumb Code     2  heapauxi.o(.text)
    __read_errno                             0x08000679   Thumb Code    10  _rserrno.o(.text)
    __set_errno                              0x08000683   Thumb Code    12  _rserrno.o(.text)
    _printf_pre_padding                      0x0800068f   Thumb Code    44  _printf_pad.o(.text)
    _printf_post_padding                     0x080006bb   Thumb Code    34  _printf_pad.o(.text)
    _printf_truncate_signed                  0x080006dd   Thumb Code    18  _printf_truncate.o(.text)
    _printf_truncate_unsigned                0x080006ef   Thumb Code    18  _printf_truncate.o(.text)
    _printf_str                              0x08000701   Thumb Code    82  _printf_str.o(.text)
    _printf_int_dec                          0x08000755   Thumb Code   104  _printf_dec.o(.text)
    _printf_charcount                        0x080007cd   Thumb Code    40  _printf_charcount.o(.text)
    _printf_char_common                      0x080007ff   Thumb Code    32  _printf_char_common.o(.text)
    _sputc                                   0x08000825   Thumb Code    10  _sputc.o(.text)
    _printf_wctomb                           0x08000831   Thumb Code   182  _printf_wctomb.o(.text)
    _printf_longlong_dec                     0x080008ed   Thumb Code   108  _printf_longlong_dec.o(.text)
    _printf_longlong_oct                     0x08000969   Thumb Code    66  _printf_oct_int_ll.o(.text)
    _printf_int_oct                          0x080009ab   Thumb Code    24  _printf_oct_int_ll.o(.text)
    _printf_ll_oct                           0x080009c3   Thumb Code    12  _printf_oct_int_ll.o(.text)
    _printf_longlong_hex                     0x080009d9   Thumb Code    86  _printf_hex_int_ll_ptr.o(.text)
    _printf_int_hex                          0x08000a2f   Thumb Code    28  _printf_hex_int_ll_ptr.o(.text)
    _printf_ll_hex                           0x08000a4b   Thumb Code    12  _printf_hex_int_ll_ptr.o(.text)
    _printf_hex_ptr                          0x08000a57   Thumb Code    18  _printf_hex_int_ll_ptr.o(.text)
    __printf                                 0x08000a6d   Thumb Code   388  __printf_flags_ss_wp.o(.text)
    __aeabi_memclr                           0x08000bf5   Thumb Code     0  rt_memclr.o(.text)
    __rt_memclr                              0x08000bf5   Thumb Code    68  rt_memclr.o(.text)
    _memset                                  0x08000bf9   Thumb Code     0  rt_memclr.o(.text)
    __aeabi_errno_addr                       0x08000c39   Thumb Code     8  rt_errno_addr_intlibspace.o(.text)
    __errno$intlibspace                      0x08000c39   Thumb Code     0  rt_errno_addr_intlibspace.o(.text)
    __rt_errno_addr$intlibspace              0x08000c39   Thumb Code     0  rt_errno_addr_intlibspace.o(.text)
    _ll_udiv10                               0x08000c41   Thumb Code   138  lludiv10.o(.text)
    _printf_int_common                       0x08000ccb   Thumb Code   178  _printf_intcommon.o(.text)
    __lib_sel_fp_printf                      0x08000d7d   Thumb Code     2  _printf_fp_dec.o(.text)
    _printf_fp_dec_real                      0x08000f2f   Thumb Code   620  _printf_fp_dec.o(.text)
    _printf_fp_hex_real                      0x0800119d   Thumb Code   756  _printf_fp_hex.o(.text)
    _printf_cs_common                        0x08001499   Thumb Code    20  _printf_char.o(.text)
    _printf_char                             0x080014ad   Thumb Code    16  _printf_char.o(.text)
    _printf_string                           0x080014bd   Thumb Code     8  _printf_char.o(.text)
    _printf_lcs_common                       0x080014c5   Thumb Code    20  _printf_wchar.o(.text)
    _printf_wchar                            0x080014d9   Thumb Code    16  _printf_wchar.o(.text)
    _printf_wstring                          0x080014e9   Thumb Code     8  _printf_wchar.o(.text)
    _wcrtomb                                 0x080014f1   Thumb Code    64  _wcrtomb.o(.text)
    __user_libspace                          0x08001531   Thumb Code     8  libspace.o(.text)
    __user_perproc_libspace                  0x08001531   Thumb Code     0  libspace.o(.text)
    __user_perthread_libspace                0x08001531   Thumb Code     0  libspace.o(.text)
    __user_setup_stackheap                   0x08001539   Thumb Code    74  sys_stackheap_outer.o(.text)
    __rt_ctype_table                         0x08001585   Thumb Code    16  rt_ctype_table.o(.text)
    __rt_locale                              0x08001595   Thumb Code     8  rt_locale_intlibspace.o(.text)
    _printf_fp_infnan                        0x0800159d   Thumb Code   112  _printf_fp_infnan.o(.text)
    _btod_etento                             0x0800161d   Thumb Code   224  bigflt0.o(.text)
    exit                                     0x08001701   Thumb Code    18  exit.o(.text)
    strcmp                                   0x08001715   Thumb Code   128  strcmpv7m.o(.text)
    _sys_exit                                0x08001795   Thumb Code     8  sys_exit.o(.text)
    __I$use$semihosting                      0x080017a1   Thumb Code     0  use_no_semi.o(.text)
    __use_no_semihosting_swi                 0x080017a1   Thumb Code     2  use_no_semi.o(.text)
    __semihosting_library_function           0x080017a3   Thumb Code     0  indicate_semi.o(.text)
    _btod_d2e                                0x080017a3   Thumb Code    62  btod.o(CL$$btod_d2e)
    _d2e_denorm_low                          0x080017e1   Thumb Code    70  btod.o(CL$$btod_d2e_denorm_low)
    _d2e_norm_op1                            0x08001827   Thumb Code    96  btod.o(CL$$btod_d2e_norm_op1)
    __btod_div_common                        0x08001887   Thumb Code   696  btod.o(CL$$btod_div_common)
    _e2e                                     0x08001bbf   Thumb Code   220  btod.o(CL$$btod_e2e)
    _btod_ediv                               0x08001c9b   Thumb Code    42  btod.o(CL$$btod_ediv)
    _btod_emul                               0x08001cc5   Thumb Code    42  btod.o(CL$$btod_emul)
    __btod_mult_common                       0x08001cef   Thumb Code   580  btod.o(CL$$btod_mult_common)
    AHRS_init                                0x08001f35   Thumb Code    34  ins_task.o(i.AHRS_init)
    AHRS_update                              0x08001f5d   Thumb Code   106  ins_task.o(i.AHRS_update)
    BMI088_ACCEL_NS_H                        0x08001fc9   Thumb Code    14  bmi088middleware.o(i.BMI088_ACCEL_NS_H)
    BMI088_ACCEL_NS_L                        0x08001fdd   Thumb Code    14  bmi088middleware.o(i.BMI088_ACCEL_NS_L)
    BMI088_GPIO_init                         0x08001ff1   Thumb Code     2  bmi088middleware.o(i.BMI088_GPIO_init)
    BMI088_GYRO_NS_H                         0x08001ff5   Thumb Code    14  bmi088middleware.o(i.BMI088_GYRO_NS_H)
    BMI088_GYRO_NS_L                         0x08002009   Thumb Code    14  bmi088middleware.o(i.BMI088_GYRO_NS_L)
    BMI088_accel_read_over                   0x0800201d   Thumb Code   134  bmi088driver.o(i.BMI088_accel_read_over)
    BMI088_com_init                          0x080020ad   Thumb Code     2  bmi088middleware.o(i.BMI088_com_init)
    BMI088_delay_ms                          0x080020af   Thumb Code    12  bmi088middleware.o(i.BMI088_delay_ms)
    BMI088_delay_us                          0x080020bb   Thumb Code    12  bmi088middleware.o(i.BMI088_delay_us)
    BMI088_gyro_read_over                    0x080020c9   Thumb Code    98  bmi088driver.o(i.BMI088_gyro_read_over)
    BMI088_init                              0x08002131   Thumb Code    52  bmi088driver.o(i.BMI088_init)
    BMI088_read                              0x08002165   Thumb Code   372  bmi088driver.o(i.BMI088_read)
    BMI088_read_write_byte                   0x08002321   Thumb Code    28  bmi088middleware.o(i.BMI088_read_write_byte)
    BusFault_Handler                         0x08002355   Thumb Code     4  stm32f4xx_it.o(i.BusFault_Handler)
    DMA2_Stream2_IRQHandler                  0x08002359   Thumb Code  2160  ins_task.o(i.DMA2_Stream2_IRQHandler)
    DMA2_Stream7_IRQHandler                  0x08002bd9   Thumb Code    10  stm32f4xx_it.o(i.DMA2_Stream7_IRQHandler)
    DebugMon_Handler                         0x08002cf3   Thumb Code     2  stm32f4xx_it.o(i.DebugMon_Handler)
    EXTI0_IRQHandler                         0x08002cf5   Thumb Code    10  stm32f4xx_it.o(i.EXTI0_IRQHandler)
    EXTI4_IRQHandler                         0x08002cff   Thumb Code    10  stm32f4xx_it.o(i.EXTI4_IRQHandler)
    EXTI9_5_IRQHandler                       0x08002d09   Thumb Code    16  stm32f4xx_it.o(i.EXTI9_5_IRQHandler)
    Error_Handler                            0x08002d19   Thumb Code     6  main.o(i.Error_Handler)
    HAL_CAN_Init                             0x08002d1f   Thumb Code   372  stm32f4xx_hal_can.o(i.HAL_CAN_Init)
    HAL_CAN_MspInit                          0x08002e95   Thumb Code   124  can.o(i.HAL_CAN_MspInit)
    HAL_DMA_Abort                            0x08002f1d   Thumb Code   172  stm32f4xx_hal_dma.o(i.HAL_DMA_Abort)
    HAL_DMA_Abort_IT                         0x08002fc9   Thumb Code    40  stm32f4xx_hal_dma.o(i.HAL_DMA_Abort_IT)
    HAL_DMA_IRQHandler                       0x08002ff1   Thumb Code   570  stm32f4xx_hal_dma.o(i.HAL_DMA_IRQHandler)
    HAL_DMA_Init                             0x08003231   Thumb Code   232  stm32f4xx_hal_dma.o(i.HAL_DMA_Init)
    HAL_DMA_Start_IT                         0x0800331d   Thumb Code   146  stm32f4xx_hal_dma.o(i.HAL_DMA_Start_IT)
    HAL_GPIO_EXTI_Callback                   0x080033b1   Thumb Code   174  ins_task.o(i.HAL_GPIO_EXTI_Callback)
    HAL_GPIO_EXTI_IRQHandler                 0x08003485   Thumb Code    24  stm32f4xx_hal_gpio.o(i.HAL_GPIO_EXTI_IRQHandler)
    HAL_GPIO_Init                            0x080034a1   Thumb Code   454  stm32f4xx_hal_gpio.o(i.HAL_GPIO_Init)
    HAL_GPIO_WritePin                        0x08003695   Thumb Code    12  stm32f4xx_hal_gpio.o(i.HAL_GPIO_WritePin)
    HAL_GetTick                              0x080036a1   Thumb Code     6  stm32f4xx_hal.o(i.HAL_GetTick)
    HAL_I2C_Init                             0x080036ad   Thumb Code   446  stm32f4xx_hal_i2c.o(i.HAL_I2C_Init)
    HAL_I2C_Mem_Read                         0x0800387d   Thumb Code   744  stm32f4xx_hal_i2c.o(i.HAL_I2C_Mem_Read)
    HAL_I2C_Mem_Write                        0x08003b71   Thumb Code   348  stm32f4xx_hal_i2c.o(i.HAL_I2C_Mem_Write)
    HAL_I2C_MspInit                          0x08003cd5   Thumb Code   286  i2c.o(i.HAL_I2C_MspInit)
    HAL_IncTick                              0x08003e0d   Thumb Code    16  stm32f4xx_hal.o(i.HAL_IncTick)
    HAL_Init                                 0x08003e25   Thumb Code    54  stm32f4xx_hal.o(i.HAL_Init)
    HAL_InitTick                             0x08003e61   Thumb Code    64  stm32f4xx_hal.o(i.HAL_InitTick)
    HAL_MspInit                              0x08003ead   Thumb Code    78  stm32f4xx_hal_msp.o(i.HAL_MspInit)
    HAL_NVIC_EnableIRQ                       0x08003f01   Thumb Code    32  stm32f4xx_hal_cortex.o(i.HAL_NVIC_EnableIRQ)
    HAL_NVIC_SetPriority                     0x08003f21   Thumb Code   124  stm32f4xx_hal_cortex.o(i.HAL_NVIC_SetPriority)
    HAL_NVIC_SetPriorityGrouping             0x08003f9d   Thumb Code    32  stm32f4xx_hal_cortex.o(i.HAL_NVIC_SetPriorityGrouping)
    HAL_RCC_ClockConfig                      0x08003fc5   Thumb Code   368  stm32f4xx_hal_rcc.o(i.HAL_RCC_ClockConfig)
    HAL_RCC_GetHCLKFreq                      0x08004149   Thumb Code     6  stm32f4xx_hal_rcc.o(i.HAL_RCC_GetHCLKFreq)
    HAL_RCC_GetPCLK1Freq                     0x08004155   Thumb Code    22  stm32f4xx_hal_rcc.o(i.HAL_RCC_GetPCLK1Freq)
    HAL_RCC_GetPCLK2Freq                     0x08004175   Thumb Code    22  stm32f4xx_hal_rcc.o(i.HAL_RCC_GetPCLK2Freq)
    HAL_RCC_GetSysClockFreq                  0x08004195   Thumb Code   162  stm32f4xx_hal_rcc.o(i.HAL_RCC_GetSysClockFreq)
    HAL_RCC_OscConfig                        0x08004245   Thumb Code  1172  stm32f4xx_hal_rcc.o(i.HAL_RCC_OscConfig)
    HAL_SPI_Init                             0x080046e1   Thumb Code   200  stm32f4xx_hal_spi.o(i.HAL_SPI_Init)
    HAL_SPI_MspInit                          0x080047a9   Thumb Code   254  spi.o(i.HAL_SPI_MspInit)
    HAL_SPI_TransmitReceive                  0x080048c1   Thumb Code   554  stm32f4xx_hal_spi.o(i.HAL_SPI_TransmitReceive)
    HAL_SYSTICK_Config                       0x08004aeb   Thumb Code    52  stm32f4xx_hal_cortex.o(i.HAL_SYSTICK_Config)
    HAL_UARTEx_RxEventCallback               0x08004b1f   Thumb Code     2  stm32f4xx_hal_uart.o(i.HAL_UARTEx_RxEventCallback)
    HAL_UART_ErrorCallback                   0x08004b21   Thumb Code     2  stm32f4xx_hal_uart.o(i.HAL_UART_ErrorCallback)
    HAL_UART_IRQHandler                      0x08004b25   Thumb Code   732  stm32f4xx_hal_uart.o(i.HAL_UART_IRQHandler)
    HAL_UART_Init                            0x08004e05   Thumb Code   114  stm32f4xx_hal_uart.o(i.HAL_UART_Init)
    HAL_UART_MspInit                         0x08004e79   Thumb Code   206  usart.o(i.HAL_UART_MspInit)
    HAL_UART_RxCpltCallback                  0x08004f5d   Thumb Code     2  stm32f4xx_hal_uart.o(i.HAL_UART_RxCpltCallback)
    HAL_UART_Transmit_DMA                    0x08004f61   Thumb Code   160  stm32f4xx_hal_uart.o(i.HAL_UART_Transmit_DMA)
    HAL_UART_TxCpltCallback                  0x0800500d   Thumb Code     2  stm32f4xx_hal_uart.o(i.HAL_UART_TxCpltCallback)
    HAL_UART_TxHalfCpltCallback              0x0800500f   Thumb Code     2  stm32f4xx_hal_uart.o(i.HAL_UART_TxHalfCpltCallback)
    HardFault_Handler                        0x08005011   Thumb Code     4  stm32f4xx_it.o(i.HardFault_Handler)
    INS_task                                 0x08005519   Thumb Code   402  ins_task.o(i.INS_task)
    MX_CAN1_Init                             0x08005711   Thumb Code    48  can.o(i.MX_CAN1_Init)
    MX_DMA_Init                              0x08005749   Thumb Code    84  dma.o(i.MX_DMA_Init)
    MX_FREERTOS_Init                         0x080057a1   Thumb Code    54  freertos.o(i.MX_FREERTOS_Init)
    MX_GPIO_Init                             0x080057e5   Thumb Code   324  gpio.o(i.MX_GPIO_Init)
    MX_I2C1_Init                             0x08005939   Thumb Code    48  i2c.o(i.MX_I2C1_Init)
    MX_I2C3_Init                             0x08005975   Thumb Code    48  i2c.o(i.MX_I2C3_Init)
    MX_SPI1_Init                             0x080059b1   Thumb Code    62  spi.o(i.MX_SPI1_Init)
    MX_USART1_UART_Init                      0x080059f9   Thumb Code    46  usart.o(i.MX_USART1_UART_Init)
    MahonyAHRSupdate                         0x08005a31   Thumb Code  1418  mahonyahrs.o(i.MahonyAHRSupdate)
    MahonyAHRSupdateIMU                      0x08005fdd   Thumb Code   730  mahonyahrs.o(i.MahonyAHRSupdateIMU)
    MemManage_Handler                        0x080062d9   Thumb Code     4  stm32f4xx_it.o(i.MemManage_Handler)
    NMI_Handler                              0x080062dd   Thumb Code     4  stm32f4xx_it.o(i.NMI_Handler)
    SPI1_DMA_enable                          0x080062e1   Thumb Code 10024  bsp_spi.o(i.SPI1_DMA_enable)
    SPI1_DMA_init                            0x08008a1d   Thumb Code   360  bsp_spi.o(i.SPI1_DMA_init)
    StartDefaultTask                         0x08008ce1   Thumb Code    12  freertos.o(i.StartDefaultTask)
    SysTick_Handler                          0x08008ced   Thumb Code    20  stm32f4xx_it.o(i.SysTick_Handler)
    SystemClock_Config                       0x08008d01   Thumb Code   170  main.o(i.SystemClock_Config)
    SystemInit                               0x08008db5   Thumb Code    14  system_stm32f4xx.o(i.SystemInit)
    USART1_IRQHandler                        0x080092c9   Thumb Code    10  stm32f4xx_it.o(i.USART1_IRQHandler)
    UsageFault_Handler                       0x080092d9   Thumb Code     4  stm32f4xx_it.o(i.UsageFault_Handler)
    __ARM_fpclassify                         0x080092dd   Thumb Code    48  fpclassify.o(i.__ARM_fpclassify)
    __ARM_fpclassifyf                        0x0800930d   Thumb Code    38  fpclassifyf.o(i.__ARM_fpclassifyf)
    __hardfp_asinf                           0x0800936d   Thumb Code   258  asinf.o(i.__hardfp_asinf)
    __hardfp_atan2f                          0x08009499   Thumb Code   594  atan2f.o(i.__hardfp_atan2f)
    __hardfp_sqrt                            0x08009745   Thumb Code   122  sqrt.o(i.__hardfp_sqrt)
    __mathlib_flt_infnan                     0x080097bf   Thumb Code     6  funder.o(i.__mathlib_flt_infnan)
    __mathlib_flt_infnan2                    0x080097c5   Thumb Code     6  funder.o(i.__mathlib_flt_infnan2)
    __mathlib_flt_invalid                    0x080097cd   Thumb Code    10  funder.o(i.__mathlib_flt_invalid)
    __mathlib_flt_underflow                  0x080097dd   Thumb Code    10  funder.o(i.__mathlib_flt_underflow)
    _is_digit                                0x080097ed   Thumb Code    14  __printf_wp.o(i._is_digit)
    bmi088_accel_init                        0x080097fd   Thumb Code   346  bmi088driver.o(i.bmi088_accel_init)
    bmi088_accel_self_test                   0x0800995d   Thumb Code   852  bmi088driver.o(i.bmi088_accel_self_test)
    bmi088_gyro_init                         0x08009cb5   Thumb Code   238  bmi088driver.o(i.bmi088_gyro_init)
    bmi088_gyro_self_test                    0x08009da9   Thumb Code   208  bmi088driver.o(i.bmi088_gyro_self_test)
    delay_us                                 0x08009e79   Thumb Code    76  bsp_delay.o(i.delay_us)
    get_angle                                0x08009ec9   Thumb Code   244  ins_task.o(i.get_angle)
    invSqrt                                  0x0800a129   Thumb Code    56  mahonyahrs.o(i.invSqrt)
    ist8310_GPIO_init                        0x0800a165   Thumb Code     2  ist8310driver_middleware.o(i.ist8310_GPIO_init)
    ist8310_IIC_read_muli_reg                0x0800a169   Thumb Code    30  ist8310driver_middleware.o(i.ist8310_IIC_read_muli_reg)
    ist8310_IIC_read_single_reg              0x0800a18d   Thumb Code    36  ist8310driver_middleware.o(i.ist8310_IIC_read_single_reg)
    ist8310_IIC_write_single_reg             0x0800a1b5   Thumb Code    34  ist8310driver_middleware.o(i.ist8310_IIC_write_single_reg)
    ist8310_RST_H                            0x0800a1dd   Thumb Code    14  ist8310driver_middleware.o(i.ist8310_RST_H)
    ist8310_RST_L                            0x0800a1f1   Thumb Code    16  ist8310driver_middleware.o(i.ist8310_RST_L)
    ist8310_com_init                         0x0800a205   Thumb Code     2  ist8310driver_middleware.o(i.ist8310_com_init)
    ist8310_delay_ms                         0x0800a207   Thumb Code    12  ist8310driver_middleware.o(i.ist8310_delay_ms)
    ist8310_init                             0x0800a215   Thumb Code   142  ist8310driver.o(i.ist8310_init)
    ist8310_read_mag                         0x0800a2a9   Thumb Code   136  ist8310driver.o(i.ist8310_read_mag)
    main                                     0x0800a335   Thumb Code    48  main.o(i.main)
    osDelay                                  0x0800a371   Thumb Code    16  cmsis_os.o(i.osDelay)
    osKernelStart                            0x0800a381   Thumb Code    10  cmsis_os.o(i.osKernelStart)
    osThreadCreate                           0x0800a38b   Thumb Code    92  cmsis_os.o(i.osThreadCreate)
    pcTaskGetName                            0x0800a3e9   Thumb Code    30  tasks.o(i.pcTaskGetName)
    pvPortMalloc                             0x0800acd5   Thumb Code   224  heap_4.o(i.pvPortMalloc)
    pxPortInitialiseStack                    0x0800adbd   Thumb Code    38  port.o(i.pxPortInitialiseStack)
    sqrtf                                    0x0800ade9   Thumb Code    62  sqrtf.o(i.sqrtf)
    uart_dma_printf                          0x0800ae29   Thumb Code    58  bsp_uart.o(i.uart_dma_printf)
    ulTaskNotifyTake                         0x0800ae71   Thumb Code    96  tasks.o(i.ulTaskNotifyTake)
    uxListRemove                             0x0800aed9   Thumb Code    38  list.o(i.uxListRemove)
    vApplicationGetIdleTaskMemory            0x0800af01   Thumb Code    14  freertos.o(i.vApplicationGetIdleTaskMemory)
    vApplicationGetTimerTaskMemory           0x0800af19   Thumb Code    16  freertos.o(i.vApplicationGetTimerTaskMemory)
    vListInitialise                          0x0800af31   Thumb Code    22  list.o(i.vListInitialise)
    vListInitialiseItem                      0x0800af47   Thumb Code     6  list.o(i.vListInitialiseItem)
    vListInsert                              0x0800af4d   Thumb Code    54  list.o(i.vListInsert)
    vListInsertEnd                           0x0800af83   Thumb Code    24  list.o(i.vListInsertEnd)
    vPortEnterCritical                       0x0800af9d   Thumb Code    54  port.o(i.vPortEnterCritical)
    vPortExitCritical                        0x0800afdd   Thumb Code    38  port.o(i.vPortExitCritical)
    vPortFree                                0x0800b009   Thumb Code    94  heap_4.o(i.vPortFree)
    vPortSetupTimerInterrupt                 0x0800b06d   Thumb Code    32  port.o(i.vPortSetupTimerInterrupt)
    vPortValidateInterruptPriority           0x0800b091   Thumb Code    74  port.o(i.vPortValidateInterruptPriority)
    vQueueAddToRegistry                      0x0800b0e5   Thumb Code    34  queue.o(i.vQueueAddToRegistry)
    vQueueWaitForMessageRestricted           0x0800b10d   Thumb Code    74  queue.o(i.vQueueWaitForMessageRestricted)
    vTaskDelay                               0x0800b159   Thumb Code    70  tasks.o(i.vTaskDelay)
    vTaskInternalSetTimeOutState             0x0800b1a9   Thumb Code    12  tasks.o(i.vTaskInternalSetTimeOutState)
    vTaskMissedYield                         0x0800b1b9   Thumb Code     8  tasks.o(i.vTaskMissedYield)
    vTaskNotifyGiveFromISR                   0x0800b1c5   Thumb Code   176  tasks.o(i.vTaskNotifyGiveFromISR)
    vTaskPlaceOnEventList                    0x0800b281   Thumb Code    48  tasks.o(i.vTaskPlaceOnEventList)
    vTaskPlaceOnEventListRestricted          0x0800b2b5   Thumb Code    54  tasks.o(i.vTaskPlaceOnEventListRestricted)
    vTaskStartScheduler                      0x0800b2f1   Thumb Code   128  tasks.o(i.vTaskStartScheduler)
    vTaskSuspendAll                          0x0800b381   Thumb Code    10  tasks.o(i.vTaskSuspendAll)
    vTaskSwitchContext                       0x0800b391   Thumb Code    86  tasks.o(i.vTaskSwitchContext)
    xPortStartScheduler                      0x0800b3f1   Thumb Code   232  port.o(i.xPortStartScheduler)
    xPortSysTickHandler                      0x0800b4f5   Thumb Code    38  port.o(i.xPortSysTickHandler)
    xQueueGenericCreateStatic                0x0800b521   Thumb Code   112  queue.o(i.xQueueGenericCreateStatic)
    xQueueGenericReset                       0x0800b591   Thumb Code   138  queue.o(i.xQueueGenericReset)
    xQueueGenericSend                        0x0800b621   Thumb Code   362  queue.o(i.xQueueGenericSend)
    xQueueGenericSendFromISR                 0x0800b791   Thumb Code   190  queue.o(i.xQueueGenericSendFromISR)
    xQueueReceive                            0x0800b851   Thumb Code   322  queue.o(i.xQueueReceive)
    xTaskCheckForTimeOut                     0x0800b999   Thumb Code   148  tasks.o(i.xTaskCheckForTimeOut)
    xTaskCreate                              0x0800ba31   Thumb Code   108  tasks.o(i.xTaskCreate)
    xTaskCreateStatic                        0x0800ba9d   Thumb Code    96  tasks.o(i.xTaskCreateStatic)
    xTaskGetHandle                           0x0800bafd   Thumb Code   124  tasks.o(i.xTaskGetHandle)
    xTaskGetSchedulerState                   0x0800bb89   Thumb Code    24  tasks.o(i.xTaskGetSchedulerState)
    xTaskGetTickCount                        0x0800bba5   Thumb Code     6  tasks.o(i.xTaskGetTickCount)
    xTaskIncrementTick                       0x0800bbb1   Thumb Code   202  tasks.o(i.xTaskIncrementTick)
    xTaskPriorityDisinherit                  0x0800bc85   Thumb Code   146  tasks.o(i.xTaskPriorityDisinherit)
    xTaskRemoveFromEventList                 0x0800bd21   Thumb Code   108  tasks.o(i.xTaskRemoveFromEventList)
    xTaskResumeAll                           0x0800bd99   Thumb Code   190  tasks.o(i.xTaskResumeAll)
    xTimerCreateTimerTask                    0x0800be65   Thumb Code    86  timers.o(i.xTimerCreateTimerTask)
    xTimerGenericCommand                     0x0800becd   Thumb Code   112  timers.o(i.xTimerGenericCommand)
    _get_lc_numeric                          0x0800bf41   Thumb Code    44  lc_numeric_c.o(locale$$code)
    _get_lc_ctype                            0x0800bf6d   Thumb Code    44  lc_ctype_c.o(locale$$code)
    __aeabi_d2f                              0x0800bf99   Thumb Code     0  d2f.o(x$fpl$d2f)
    _d2f                                     0x0800bf99   Thumb Code    98  d2f.o(x$fpl$d2f)
    __fpl_dnaninf                            0x0800bffb   Thumb Code   156  dnaninf.o(x$fpl$dnaninf)
    __fpl_dretinf                            0x0800c097   Thumb Code    12  dretinf.o(x$fpl$dretinf)
    _dsqrt                                   0x0800c0a5   Thumb Code   404  dsqrt_umaal.o(x$fpl$dsqrt)
    __aeabi_f2d                              0x0800c23d   Thumb Code     0  f2d.o(x$fpl$f2d)
    _f2d                                     0x0800c23d   Thumb Code    86  f2d.o(x$fpl$f2d)
    __fpl_fnaninf                            0x0800c293   Thumb Code   140  fnaninf.o(x$fpl$fnaninf)
    _fp_init                                 0x0800c31f   Thumb Code    10  fpinit.o(x$fpl$fpinit)
    __fplib_config_fpu_vfp                   0x0800c327   Thumb Code     0  fpinit.o(x$fpl$fpinit)
    __fplib_config_pureend_doubles           0x0800c327   Thumb Code     0  fpinit.o(x$fpl$fpinit)
    __fpl_fretinf                            0x0800c329   Thumb Code    10  fretinf.o(x$fpl$fretinf)
    _printf_fp_dec                           0x0800c333   Thumb Code     4  printf1.o(x$fpl$printf1)
    _printf_fp_hex                           0x0800c337   Thumb Code     4  printf2.o(x$fpl$printf2)
    __I$use$fp                               0x0800c33a   Number         0  usenofp.o(x$fpl$usenofp)
    AHBPrescTable                            0x0800c398   Data          16  system_stm32f4xx.o(.constdata)
    APBPrescTable                            0x0800c3a8   Data           8  system_stm32f4xx.o(.constdata)
    Region$$Table$$Base                      0x0800c4c0   Number         0  anon$$obj.o(Region$$Table)
    Region$$Table$$Limit                     0x0800c4e0   Number         0  anon$$obj.o(Region$$Table)
    __ctype                                  0x0800c509   Data           0  lc_ctype_c.o(locale$$data)
    gyro_dma_rx_buf                          0x20000004   Data           8  ins_task.o(.data)
    gyro_dma_tx_buf                          0x2000000c   Data           8  ins_task.o(.data)
    accel_dma_tx_buf                         0x20000014   Data           9  ins_task.o(.data)
    accel_temp_dma_rx_buf                    0x2000001d   Data           4  ins_task.o(.data)
    accel_temp_dma_tx_buf                    0x20000021   Data           4  ins_task.o(.data)
    gyro_update_flag                         0x20000025   Data           1  ins_task.o(.data)
    accel_update_flag                        0x20000026   Data           1  ins_task.o(.data)
    accel_temp_update_flag                   0x20000027   Data           1  ins_task.o(.data)
    mag_update_flag                          0x20000028   Data           1  ins_task.o(.data)
    imu_start_dma_flag                       0x20000029   Data           1  ins_task.o(.data)
    twoKp                                    0x20000040   Data           4  mahonyahrs.o(.data)
    twoKi                                    0x20000044   Data           4  mahonyahrs.o(.data)
    integralFBx                              0x20000048   Data           4  mahonyahrs.o(.data)
    integralFBy                              0x2000004c   Data           4  mahonyahrs.o(.data)
    integralFBz                              0x20000050   Data           4  mahonyahrs.o(.data)
    BMI088_ACCEL_SEN                         0x20000054   Data           4  bmi088driver.o(.data)
    BMI088_GYRO_SEN                          0x20000058   Data           4  bmi088driver.o(.data)
    imuTaskHandle                            0x20000080   Data           4  freertos.o(.data)
    defaultTaskHandle                        0x20000084   Data           4  freertos.o(.data)
    uwTick                                   0x20000088   Data           4  stm32f4xx_hal.o(.data)
    uwTickPrio                               0x2000008c   Data           4  stm32f4xx_hal.o(.data)
    uwTickFreq                               0x20000090   Data           1  stm32f4xx_hal.o(.data)
    SystemCoreClock                          0x20000094   Data           4  system_stm32f4xx.o(.data)
    pxCurrentTCB                             0x20000098   Data           4  tasks.o(.data)
    accel_dma_rx_buf                         0x20000114   Data           9  ins_task.o(.bss)
    bmi088_real_data                         0x20000120   Data          36  ins_task.o(.bss)
    ist8310_real_data                        0x20000144   Data          16  ins_task.o(.bss)
    INS_quat                                 0x20000154   Data          16  ins_task.o(.bss)
    INS_angle                                0x20000164   Data          12  ins_task.o(.bss)
    hcan1                                    0x20000898   Data          40  can.o(.bss)
    hi2c1                                    0x200008c0   Data          84  i2c.o(.bss)
    hi2c3                                    0x20000914   Data          84  i2c.o(.bss)
    hspi1                                    0x20000968   Data          88  spi.o(.bss)
    hdma_spi1_rx                             0x200009c0   Data          96  spi.o(.bss)
    hdma_spi1_tx                             0x20000a20   Data          96  spi.o(.bss)
    huart1                                   0x20000a80   Data          68  usart.o(.bss)
    hdma_usart1_tx                           0x20000ac4   Data          96  usart.o(.bss)
    xQueueRegistry                           0x20000b24   Data          64  queue.o(.bss)
    __libspace_start                         0x20006d64   Data          96  libspace.o(.bss)
    __temporary_stack_top$libspace           0x20006dc4   Data           0  libspace.o(.bss)



==============================================================================

Memory Map of the image

  Image Entry point : 0x08000189

  Load Region LR_IROM1 (Base: 0x08000000, Size: 0x0000c720, Max: 0x00100000, ABSOLUTE)

    Execution Region ER_IROM1 (Exec base: 0x08000000, Load base: 0x08000000, Size: 0x0000c60c, Max: 0x00100000, ABSOLUTE)

    Exec Addr    Load Addr    Size         Type   Attr      Idx    E Section Name        Object

    0x08000000   0x08000000   0x00000188   Data   RO            3    RESET               startup_stm32f405xx.o
    0x08000188   0x08000188   0x00000008   Code   RO         5670  * !!!main             c_w.l(__main.o)
    0x08000190   0x08000190   0x00000034   Code   RO         6094    !!!scatter          c_w.l(__scatter.o)
    0x080001c4   0x080001c4   0x0000001a   Code   RO         6096    !!handler_copy      c_w.l(__scatter_copy.o)
    0x080001de   0x080001de   0x00000002   PAD
    0x080001e0   0x080001e0   0x0000001c   Code   RO         6098    !!handler_zi        c_w.l(__scatter_zi.o)
    0x080001fc   0x080001fc   0x00000000   Code   RO         5800    .ARM.Collect$$_printf_percent$$00000000  c_w.l(_printf_percent.o)
    0x080001fc   0x080001fc   0x00000006   Code   RO         5789    .ARM.Collect$$_printf_percent$$00000001  c_w.l(_printf_n.o)
    0x08000202   0x08000202   0x00000006   Code   RO         5791    .ARM.Collect$$_printf_percent$$00000002  c_w.l(_printf_p.o)
    0x08000208   0x08000208   0x00000006   Code   RO         5796    .ARM.Collect$$_printf_percent$$00000003  c_w.l(_printf_f.o)
    0x0800020e   0x0800020e   0x00000006   Code   RO         5797    .ARM.Collect$$_printf_percent$$00000004  c_w.l(_printf_e.o)
    0x08000214   0x08000214   0x00000006   Code   RO         5798    .ARM.Collect$$_printf_percent$$00000005  c_w.l(_printf_g.o)
    0x0800021a   0x0800021a   0x00000006   Code   RO         5799    .ARM.Collect$$_printf_percent$$00000006  c_w.l(_printf_a.o)
    0x08000220   0x08000220   0x0000000a   Code   RO         5804    .ARM.Collect$$_printf_percent$$00000007  c_w.l(_printf_ll.o)
    0x0800022a   0x0800022a   0x00000006   Code   RO         5793    .ARM.Collect$$_printf_percent$$00000008  c_w.l(_printf_i.o)
    0x08000230   0x08000230   0x00000006   Code   RO         5794    .ARM.Collect$$_printf_percent$$00000009  c_w.l(_printf_d.o)
    0x08000236   0x08000236   0x00000006   Code   RO         5795    .ARM.Collect$$_printf_percent$$0000000A  c_w.l(_printf_u.o)
    0x0800023c   0x0800023c   0x00000006   Code   RO         5792    .ARM.Collect$$_printf_percent$$0000000B  c_w.l(_printf_o.o)
    0x08000242   0x08000242   0x00000006   Code   RO         5790    .ARM.Collect$$_printf_percent$$0000000C  c_w.l(_printf_x.o)
    0x08000248   0x08000248   0x00000006   Code   RO         5801    .ARM.Collect$$_printf_percent$$0000000D  c_w.l(_printf_lli.o)
    0x0800024e   0x0800024e   0x00000006   Code   RO         5802    .ARM.Collect$$_printf_percent$$0000000E  c_w.l(_printf_lld.o)
    0x08000254   0x08000254   0x00000006   Code   RO         5803    .ARM.Collect$$_printf_percent$$0000000F  c_w.l(_printf_llu.o)
    0x0800025a   0x0800025a   0x00000006   Code   RO         5808    .ARM.Collect$$_printf_percent$$00000010  c_w.l(_printf_llo.o)
    0x08000260   0x08000260   0x00000006   Code   RO         5809    .ARM.Collect$$_printf_percent$$00000011  c_w.l(_printf_llx.o)
    0x08000266   0x08000266   0x0000000a   Code   RO         5805    .ARM.Collect$$_printf_percent$$00000012  c_w.l(_printf_l.o)
    0x08000270   0x08000270   0x00000006   Code   RO         5787    .ARM.Collect$$_printf_percent$$00000013  c_w.l(_printf_c.o)
    0x08000276   0x08000276   0x00000006   Code   RO         5788    .ARM.Collect$$_printf_percent$$00000014  c_w.l(_printf_s.o)
    0x0800027c   0x0800027c   0x00000006   Code   RO         5806    .ARM.Collect$$_printf_percent$$00000015  c_w.l(_printf_lc.o)
    0x08000282   0x08000282   0x00000006   Code   RO         5807    .ARM.Collect$$_printf_percent$$00000016  c_w.l(_printf_ls.o)
    0x08000288   0x08000288   0x00000004   Code   RO         5898    .ARM.Collect$$_printf_percent$$00000017  c_w.l(_printf_percent_end.o)
    0x0800028c   0x0800028c   0x00000002   Code   RO         5956    .ARM.Collect$$libinit$$00000000  c_w.l(libinit.o)
    0x0800028e   0x0800028e   0x00000004   Code   RO         5974    .ARM.Collect$$libinit$$00000001  c_w.l(libinit2.o)
    0x08000292   0x08000292   0x00000000   Code   RO         5977    .ARM.Collect$$libinit$$00000004  c_w.l(libinit2.o)
    0x08000292   0x08000292   0x00000000   Code   RO         5980    .ARM.Collect$$libinit$$0000000A  c_w.l(libinit2.o)
    0x08000292   0x08000292   0x00000000   Code   RO         5982    .ARM.Collect$$libinit$$0000000C  c_w.l(libinit2.o)
    0x08000292   0x08000292   0x00000000   Code   RO         5984    .ARM.Collect$$libinit$$0000000E  c_w.l(libinit2.o)
    0x08000292   0x08000292   0x00000006   Code   RO         5985    .ARM.Collect$$libinit$$0000000F  c_w.l(libinit2.o)
    0x08000298   0x08000298   0x00000000   Code   RO         5987    .ARM.Collect$$libinit$$00000011  c_w.l(libinit2.o)
    0x08000298   0x08000298   0x0000000c   Code   RO         5988    .ARM.Collect$$libinit$$00000012  c_w.l(libinit2.o)
    0x080002a4   0x080002a4   0x00000000   Code   RO         5989    .ARM.Collect$$libinit$$00000013  c_w.l(libinit2.o)
    0x080002a4   0x080002a4   0x00000000   Code   RO         5991    .ARM.Collect$$libinit$$00000015  c_w.l(libinit2.o)
    0x080002a4   0x080002a4   0x0000000a   Code   RO         5992    .ARM.Collect$$libinit$$00000016  c_w.l(libinit2.o)
    0x080002ae   0x080002ae   0x00000000   Code   RO         5993    .ARM.Collect$$libinit$$00000017  c_w.l(libinit2.o)
    0x080002ae   0x080002ae   0x00000000   Code   RO         5995    .ARM.Collect$$libinit$$00000019  c_w.l(libinit2.o)
    0x080002ae   0x080002ae   0x00000000   Code   RO         5997    .ARM.Collect$$libinit$$0000001B  c_w.l(libinit2.o)
    0x080002ae   0x080002ae   0x00000000   Code   RO         5999    .ARM.Collect$$libinit$$0000001D  c_w.l(libinit2.o)
    0x080002ae   0x080002ae   0x00000000   Code   RO         6001    .ARM.Collect$$libinit$$0000001F  c_w.l(libinit2.o)
    0x080002ae   0x080002ae   0x00000000   Code   RO         6003    .ARM.Collect$$libinit$$00000021  c_w.l(libinit2.o)
    0x080002ae   0x080002ae   0x00000000   Code   RO         6005    .ARM.Collect$$libinit$$00000023  c_w.l(libinit2.o)
    0x080002ae   0x080002ae   0x00000000   Code   RO         6007    .ARM.Collect$$libinit$$00000025  c_w.l(libinit2.o)
    0x080002ae   0x080002ae   0x00000000   Code   RO         6011    .ARM.Collect$$libinit$$0000002C  c_w.l(libinit2.o)
    0x080002ae   0x080002ae   0x00000000   Code   RO         6013    .ARM.Collect$$libinit$$0000002E  c_w.l(libinit2.o)
    0x080002ae   0x080002ae   0x00000000   Code   RO         6015    .ARM.Collect$$libinit$$00000030  c_w.l(libinit2.o)
    0x080002ae   0x080002ae   0x00000000   Code   RO         6017    .ARM.Collect$$libinit$$00000032  c_w.l(libinit2.o)
    0x080002ae   0x080002ae   0x00000002   Code   RO         6018    .ARM.Collect$$libinit$$00000033  c_w.l(libinit2.o)
    0x080002b0   0x080002b0   0x00000002   Code   RO         6049    .ARM.Collect$$libshutdown$$00000000  c_w.l(libshutdown.o)
    0x080002b2   0x080002b2   0x00000000   Code   RO         6075    .ARM.Collect$$libshutdown$$00000002  c_w.l(libshutdown2.o)
    0x080002b2   0x080002b2   0x00000000   Code   RO         6077    .ARM.Collect$$libshutdown$$00000004  c_w.l(libshutdown2.o)
    0x080002b2   0x080002b2   0x00000000   Code   RO         6079    .ARM.Collect$$libshutdown$$00000006  c_w.l(libshutdown2.o)
    0x080002b2   0x080002b2   0x00000000   Code   RO         6082    .ARM.Collect$$libshutdown$$00000009  c_w.l(libshutdown2.o)
    0x080002b2   0x080002b2   0x00000000   Code   RO         6085    .ARM.Collect$$libshutdown$$0000000C  c_w.l(libshutdown2.o)
    0x080002b2   0x080002b2   0x00000000   Code   RO         6087    .ARM.Collect$$libshutdown$$0000000E  c_w.l(libshutdown2.o)
    0x080002b2   0x080002b2   0x00000000   Code   RO         6090    .ARM.Collect$$libshutdown$$00000011  c_w.l(libshutdown2.o)
    0x080002b2   0x080002b2   0x00000002   Code   RO         6091    .ARM.Collect$$libshutdown$$00000012  c_w.l(libshutdown2.o)
    0x080002b4   0x080002b4   0x00000000   Code   RO         5712    .ARM.Collect$$rtentry$$00000000  c_w.l(__rtentry.o)
    0x080002b4   0x080002b4   0x00000000   Code   RO         5862    .ARM.Collect$$rtentry$$00000002  c_w.l(__rtentry2.o)
    0x080002b4   0x080002b4   0x00000006   Code   RO         5874    .ARM.Collect$$rtentry$$00000004  c_w.l(__rtentry4.o)
    0x080002ba   0x080002ba   0x00000000   Code   RO         5864    .ARM.Collect$$rtentry$$00000009  c_w.l(__rtentry2.o)
    0x080002ba   0x080002ba   0x00000004   Code   RO         5865    .ARM.Collect$$rtentry$$0000000A  c_w.l(__rtentry2.o)
    0x080002be   0x080002be   0x00000000   Code   RO         5867    .ARM.Collect$$rtentry$$0000000C  c_w.l(__rtentry2.o)
    0x080002be   0x080002be   0x00000008   Code   RO         5868    .ARM.Collect$$rtentry$$0000000D  c_w.l(__rtentry2.o)
    0x080002c6   0x080002c6   0x00000002   Code   RO         5961    .ARM.Collect$$rtexit$$00000000  c_w.l(rtexit.o)
    0x080002c8   0x080002c8   0x00000000   Code   RO         6022    .ARM.Collect$$rtexit$$00000002  c_w.l(rtexit2.o)
    0x080002c8   0x080002c8   0x00000004   Code   RO         6023    .ARM.Collect$$rtexit$$00000003  c_w.l(rtexit2.o)
    0x080002cc   0x080002cc   0x00000006   Code   RO         6024    .ARM.Collect$$rtexit$$00000004  c_w.l(rtexit2.o)
    0x080002d2   0x080002d2   0x00000002   PAD
    0x080002d4   0x080002d4   0x000000be   Code   RO         5573    .emb_text           port.o
    0x08000392   0x08000392   0x00000002   PAD
    0x08000394   0x08000394   0x00000040   Code   RO            4    .text               startup_stm32f405xx.o
    0x080003d4   0x080003d4   0x000000ee   Code   RO         5652    .text               c_w.l(lludivv7m.o)
    0x080004c2   0x080004c2   0x00000002   PAD
    0x080004c4   0x080004c4   0x00000024   Code   RO         5654    .text               c_w.l(vsprintf.o)
    0x080004e8   0x080004e8   0x0000003e   Code   RO         5656    .text               c_w.l(strlen.o)
    0x08000526   0x08000526   0x0000008a   Code   RO         5658    .text               c_w.l(rt_memcpy_v6.o)
    0x080005b0   0x080005b0   0x00000064   Code   RO         5660    .text               c_w.l(rt_memcpy_w.o)
    0x08000614   0x08000614   0x00000010   Code   RO         5664    .text               c_w.l(aeabi_memset.o)
    0x08000624   0x08000624   0x0000004e   Code   RO         5666    .text               c_w.l(rt_memclr_w.o)
    0x08000672   0x08000672   0x00000006   Code   RO         5668    .text               c_w.l(heapauxi.o)
    0x08000678   0x08000678   0x00000016   Code   RO         5717    .text               c_w.l(_rserrno.o)
    0x0800068e   0x0800068e   0x0000004e   Code   RO         5721    .text               c_w.l(_printf_pad.o)
    0x080006dc   0x080006dc   0x00000024   Code   RO         5723    .text               c_w.l(_printf_truncate.o)
    0x08000700   0x08000700   0x00000052   Code   RO         5725    .text               c_w.l(_printf_str.o)
    0x08000752   0x08000752   0x00000002   PAD
    0x08000754   0x08000754   0x00000078   Code   RO         5727    .text               c_w.l(_printf_dec.o)
    0x080007cc   0x080007cc   0x00000028   Code   RO         5729    .text               c_w.l(_printf_charcount.o)
    0x080007f4   0x080007f4   0x00000030   Code   RO         5731    .text               c_w.l(_printf_char_common.o)
    0x08000824   0x08000824   0x0000000a   Code   RO         5733    .text               c_w.l(_sputc.o)
    0x0800082e   0x0800082e   0x00000002   PAD
    0x08000830   0x08000830   0x000000bc   Code   RO         5735    .text               c_w.l(_printf_wctomb.o)
    0x080008ec   0x080008ec   0x0000007c   Code   RO         5738    .text               c_w.l(_printf_longlong_dec.o)
    0x08000968   0x08000968   0x00000070   Code   RO         5744    .text               c_w.l(_printf_oct_int_ll.o)
    0x080009d8   0x080009d8   0x00000094   Code   RO         5764    .text               c_w.l(_printf_hex_int_ll_ptr.o)
    0x08000a6c   0x08000a6c   0x00000188   Code   RO         5784    .text               c_w.l(__printf_flags_ss_wp.o)
    0x08000bf4   0x08000bf4   0x00000044   Code   RO         5810    .text               c_w.l(rt_memclr.o)
    0x08000c38   0x08000c38   0x00000008   Code   RO         5881    .text               c_w.l(rt_errno_addr_intlibspace.o)
    0x08000c40   0x08000c40   0x0000008a   Code   RO         5883    .text               c_w.l(lludiv10.o)
    0x08000cca   0x08000cca   0x000000b2   Code   RO         5885    .text               c_w.l(_printf_intcommon.o)
    0x08000d7c   0x08000d7c   0x0000041e   Code   RO         5887    .text               c_w.l(_printf_fp_dec.o)
    0x0800119a   0x0800119a   0x00000002   PAD
    0x0800119c   0x0800119c   0x000002fc   Code   RO         5889    .text               c_w.l(_printf_fp_hex.o)
    0x08001498   0x08001498   0x0000002c   Code   RO         5894    .text               c_w.l(_printf_char.o)
    0x080014c4   0x080014c4   0x0000002c   Code   RO         5896    .text               c_w.l(_printf_wchar.o)
    0x080014f0   0x080014f0   0x00000040   Code   RO         5899    .text               c_w.l(_wcrtomb.o)
    0x08001530   0x08001530   0x00000008   Code   RO         5903    .text               c_w.l(libspace.o)
    0x08001538   0x08001538   0x0000004a   Code   RO         5906    .text               c_w.l(sys_stackheap_outer.o)
    0x08001582   0x08001582   0x00000002   PAD
    0x08001584   0x08001584   0x00000010   Code   RO         5908    .text               c_w.l(rt_ctype_table.o)
    0x08001594   0x08001594   0x00000008   Code   RO         5913    .text               c_w.l(rt_locale_intlibspace.o)
    0x0800159c   0x0800159c   0x00000080   Code   RO         5915    .text               c_w.l(_printf_fp_infnan.o)
    0x0800161c   0x0800161c   0x000000e4   Code   RO         5917    .text               c_w.l(bigflt0.o)
    0x08001700   0x08001700   0x00000012   Code   RO         5945    .text               c_w.l(exit.o)
    0x08001712   0x08001712   0x00000002   PAD
    0x08001714   0x08001714   0x00000080   Code   RO         5972    .text               c_w.l(strcmpv7m.o)
    0x08001794   0x08001794   0x0000000c   Code   RO         6019    .text               c_w.l(sys_exit.o)
    0x080017a0   0x080017a0   0x00000002   Code   RO         6038    .text               c_w.l(use_no_semi.o)
    0x080017a2   0x080017a2   0x00000000   Code   RO         6040    .text               c_w.l(indicate_semi.o)
    0x080017a2   0x080017a2   0x0000003e   Code   RO         5920    CL$$btod_d2e        c_w.l(btod.o)
    0x080017e0   0x080017e0   0x00000046   Code   RO         5922    CL$$btod_d2e_denorm_low  c_w.l(btod.o)
    0x08001826   0x08001826   0x00000060   Code   RO         5921    CL$$btod_d2e_norm_op1  c_w.l(btod.o)
    0x08001886   0x08001886   0x00000338   Code   RO         5930    CL$$btod_div_common  c_w.l(btod.o)
    0x08001bbe   0x08001bbe   0x000000dc   Code   RO         5927    CL$$btod_e2e        c_w.l(btod.o)
    0x08001c9a   0x08001c9a   0x0000002a   Code   RO         5924    CL$$btod_ediv       c_w.l(btod.o)
    0x08001cc4   0x08001cc4   0x0000002a   Code   RO         5923    CL$$btod_emul       c_w.l(btod.o)
    0x08001cee   0x08001cee   0x00000244   Code   RO         5929    CL$$btod_mult_common  c_w.l(btod.o)
    0x08001f32   0x08001f32   0x00000002   PAD
    0x08001f34   0x08001f34   0x00000028   Code   RO           13    i.AHRS_init         ins_task.o
    0x08001f5c   0x08001f5c   0x0000006a   Code   RO           14    i.AHRS_update       ins_task.o
    0x08001fc6   0x08001fc6   0x00000002   PAD
    0x08001fc8   0x08001fc8   0x00000014   Code   RO          754    i.BMI088_ACCEL_NS_H  bmi088middleware.o
    0x08001fdc   0x08001fdc   0x00000014   Code   RO          755    i.BMI088_ACCEL_NS_L  bmi088middleware.o
    0x08001ff0   0x08001ff0   0x00000002   Code   RO          756    i.BMI088_GPIO_init  bmi088middleware.o
    0x08001ff2   0x08001ff2   0x00000002   PAD
    0x08001ff4   0x08001ff4   0x00000014   Code   RO          757    i.BMI088_GYRO_NS_H  bmi088middleware.o
    0x08002008   0x08002008   0x00000014   Code   RO          758    i.BMI088_GYRO_NS_L  bmi088middleware.o
    0x0800201c   0x0800201c   0x00000090   Code   RO          618    i.BMI088_accel_read_over  bmi088driver.o
    0x080020ac   0x080020ac   0x00000002   Code   RO          759    i.BMI088_com_init   bmi088middleware.o
    0x080020ae   0x080020ae   0x0000000c   Code   RO          760    i.BMI088_delay_ms   bmi088middleware.o
    0x080020ba   0x080020ba   0x0000000c   Code   RO          761    i.BMI088_delay_us   bmi088middleware.o
    0x080020c6   0x080020c6   0x00000002   PAD
    0x080020c8   0x080020c8   0x00000068   Code   RO          619    i.BMI088_gyro_read_over  bmi088driver.o
    0x08002130   0x08002130   0x00000034   Code   RO          620    i.BMI088_init       bmi088driver.o
    0x08002164   0x08002164   0x0000017c   Code   RO          621    i.BMI088_read       bmi088driver.o
    0x080022e0   0x080022e0   0x00000026   Code   RO          624    i.BMI088_read_muli_reg  bmi088driver.o
    0x08002306   0x08002306   0x00000018   Code   RO          625    i.BMI088_read_single_reg  bmi088driver.o
    0x0800231e   0x0800231e   0x00000002   PAD
    0x08002320   0x08002320   0x00000020   Code   RO          762    i.BMI088_read_write_byte  bmi088middleware.o
    0x08002340   0x08002340   0x00000014   Code   RO          627    i.BMI088_write_single_reg  bmi088driver.o
    0x08002354   0x08002354   0x00000004   Code   RO         1327    i.BusFault_Handler  stm32f4xx_it.o
    0x08002358   0x08002358   0x00000880   Code   RO           15    i.DMA2_Stream2_IRQHandler  ins_task.o
    0x08002bd8   0x08002bd8   0x00000010   Code   RO         1328    i.DMA2_Stream7_IRQHandler  stm32f4xx_it.o
    0x08002be8   0x08002be8   0x00000034   Code   RO         2183    i.DMA_CalcBaseAndBitshift  stm32f4xx_hal_dma.o
    0x08002c1c   0x08002c1c   0x000000aa   Code   RO         2184    i.DMA_CheckFifoParam  stm32f4xx_hal_dma.o
    0x08002cc6   0x08002cc6   0x0000002c   Code   RO         2185    i.DMA_SetConfig     stm32f4xx_hal_dma.o
    0x08002cf2   0x08002cf2   0x00000002   Code   RO         1329    i.DebugMon_Handler  stm32f4xx_it.o
    0x08002cf4   0x08002cf4   0x0000000a   Code   RO         1330    i.EXTI0_IRQHandler  stm32f4xx_it.o
    0x08002cfe   0x08002cfe   0x0000000a   Code   RO         1331    i.EXTI4_IRQHandler  stm32f4xx_it.o
    0x08002d08   0x08002d08   0x00000010   Code   RO         1332    i.EXTI9_5_IRQHandler  stm32f4xx_it.o
    0x08002d18   0x08002d18   0x00000006   Code   RO          965    i.Error_Handler     main.o
    0x08002d1e   0x08002d1e   0x00000174   Code   RO         1459    i.HAL_CAN_Init      stm32f4xx_hal_can.o
    0x08002e92   0x08002e92   0x00000002   PAD
    0x08002e94   0x08002e94   0x00000088   Code   RO         1130    i.HAL_CAN_MspInit   can.o
    0x08002f1c   0x08002f1c   0x000000ac   Code   RO         2186    i.HAL_DMA_Abort     stm32f4xx_hal_dma.o
    0x08002fc8   0x08002fc8   0x00000028   Code   RO         2187    i.HAL_DMA_Abort_IT  stm32f4xx_hal_dma.o
    0x08002ff0   0x08002ff0   0x00000240   Code   RO         2191    i.HAL_DMA_IRQHandler  stm32f4xx_hal_dma.o
    0x08003230   0x08003230   0x000000ec   Code   RO         2192    i.HAL_DMA_Init      stm32f4xx_hal_dma.o
    0x0800331c   0x0800331c   0x00000092   Code   RO         2196    i.HAL_DMA_Start_IT  stm32f4xx_hal_dma.o
    0x080033ae   0x080033ae   0x00000002   PAD
    0x080033b0   0x080033b0   0x000000d4   Code   RO           16    i.HAL_GPIO_EXTI_Callback  ins_task.o
    0x08003484   0x08003484   0x0000001c   Code   RO         2078    i.HAL_GPIO_EXTI_IRQHandler  stm32f4xx_hal_gpio.o
    0x080034a0   0x080034a0   0x000001f4   Code   RO         2079    i.HAL_GPIO_Init     stm32f4xx_hal_gpio.o
    0x08003694   0x08003694   0x0000000c   Code   RO         2083    i.HAL_GPIO_WritePin  stm32f4xx_hal_gpio.o
    0x080036a0   0x080036a0   0x0000000c   Code   RO         2616    i.HAL_GetTick       stm32f4xx_hal.o
    0x080036ac   0x080036ac   0x000001d0   Code   RO         2872    i.HAL_I2C_Init      stm32f4xx_hal_i2c.o
    0x0800387c   0x0800387c   0x000002f4   Code   RO         2890    i.HAL_I2C_Mem_Read  stm32f4xx_hal_i2c.o
    0x08003b70   0x08003b70   0x00000164   Code   RO         2893    i.HAL_I2C_Mem_Write  stm32f4xx_hal_i2c.o
    0x08003cd4   0x08003cd4   0x00000138   Code   RO         1196    i.HAL_I2C_MspInit   i2c.o
    0x08003e0c   0x08003e0c   0x00000018   Code   RO         2622    i.HAL_IncTick       stm32f4xx_hal.o
    0x08003e24   0x08003e24   0x0000003c   Code   RO         2623    i.HAL_Init          stm32f4xx_hal.o
    0x08003e60   0x08003e60   0x0000004c   Code   RO         2624    i.HAL_InitTick      stm32f4xx_hal.o
    0x08003eac   0x08003eac   0x00000054   Code   RO         1421    i.HAL_MspInit       stm32f4xx_hal_msp.o
    0x08003f00   0x08003f00   0x00000020   Code   RO         2468    i.HAL_NVIC_EnableIRQ  stm32f4xx_hal_cortex.o
    0x08003f20   0x08003f20   0x0000007c   Code   RO         2474    i.HAL_NVIC_SetPriority  stm32f4xx_hal_cortex.o
    0x08003f9c   0x08003f9c   0x00000028   Code   RO         2475    i.HAL_NVIC_SetPriorityGrouping  stm32f4xx_hal_cortex.o
    0x08003fc4   0x08003fc4   0x00000184   Code   RO         1680    i.HAL_RCC_ClockConfig  stm32f4xx_hal_rcc.o
    0x08004148   0x08004148   0x0000000c   Code   RO         1685    i.HAL_RCC_GetHCLKFreq  stm32f4xx_hal_rcc.o
    0x08004154   0x08004154   0x00000020   Code   RO         1687    i.HAL_RCC_GetPCLK1Freq  stm32f4xx_hal_rcc.o
    0x08004174   0x08004174   0x00000020   Code   RO         1688    i.HAL_RCC_GetPCLK2Freq  stm32f4xx_hal_rcc.o
    0x08004194   0x08004194   0x000000b0   Code   RO         1689    i.HAL_RCC_GetSysClockFreq  stm32f4xx_hal_rcc.o
    0x08004244   0x08004244   0x0000049c   Code   RO         1692    i.HAL_RCC_OscConfig  stm32f4xx_hal_rcc.o
    0x080046e0   0x080046e0   0x000000c8   Code   RO         3362    i.HAL_SPI_Init      stm32f4xx_hal_spi.o
    0x080047a8   0x080047a8   0x00000118   Code   RO         1244    i.HAL_SPI_MspInit   spi.o
    0x080048c0   0x080048c0   0x0000022a   Code   RO         3371    i.HAL_SPI_TransmitReceive  stm32f4xx_hal_spi.o
    0x08004aea   0x08004aea   0x00000034   Code   RO         2479    i.HAL_SYSTICK_Config  stm32f4xx_hal_cortex.o
    0x08004b1e   0x08004b1e   0x00000002   Code   RO         3720    i.HAL_UARTEx_RxEventCallback  stm32f4xx_hal_uart.o
    0x08004b20   0x08004b20   0x00000002   Code   RO         3734    i.HAL_UART_ErrorCallback  stm32f4xx_hal_uart.o
    0x08004b22   0x08004b22   0x00000002   PAD
    0x08004b24   0x08004b24   0x000002e0   Code   RO         3737    i.HAL_UART_IRQHandler  stm32f4xx_hal_uart.o
    0x08004e04   0x08004e04   0x00000072   Code   RO         3738    i.HAL_UART_Init     stm32f4xx_hal_uart.o
    0x08004e76   0x08004e76   0x00000002   PAD
    0x08004e78   0x08004e78   0x000000e4   Code   RO         1286    i.HAL_UART_MspInit  usart.o
    0x08004f5c   0x08004f5c   0x00000002   Code   RO         3744    i.HAL_UART_RxCpltCallback  stm32f4xx_hal_uart.o
    0x08004f5e   0x08004f5e   0x00000002   PAD
    0x08004f60   0x08004f60   0x000000ac   Code   RO         3747    i.HAL_UART_Transmit_DMA  stm32f4xx_hal_uart.o
    0x0800500c   0x0800500c   0x00000002   Code   RO         3749    i.HAL_UART_TxCpltCallback  stm32f4xx_hal_uart.o
    0x0800500e   0x0800500e   0x00000002   Code   RO         3750    i.HAL_UART_TxHalfCpltCallback  stm32f4xx_hal_uart.o
    0x08005010   0x08005010   0x00000004   Code   RO         1333    i.HardFault_Handler  stm32f4xx_it.o
    0x08005014   0x08005014   0x0000003e   Code   RO         2915    i.I2C_IsAcknowledgeFailed  stm32f4xx_hal_i2c.o
    0x08005052   0x08005052   0x00000002   PAD
    0x08005054   0x08005054   0x00000160   Code   RO         2926    i.I2C_RequestMemoryRead  stm32f4xx_hal_i2c.o
    0x080051b4   0x080051b4   0x000000e0   Code   RO         2927    i.I2C_RequestMemoryWrite  stm32f4xx_hal_i2c.o
    0x08005294   0x08005294   0x0000005c   Code   RO         2935    i.I2C_WaitOnBTFFlagUntilTimeout  stm32f4xx_hal_i2c.o
    0x080052f0   0x080052f0   0x00000086   Code   RO         2936    i.I2C_WaitOnFlagUntilTimeout  stm32f4xx_hal_i2c.o
    0x08005376   0x08005376   0x000000c4   Code   RO         2937    i.I2C_WaitOnMasterAddressFlagUntilTimeout  stm32f4xx_hal_i2c.o
    0x0800543a   0x0800543a   0x00000080   Code   RO         2938    i.I2C_WaitOnRXNEFlagUntilTimeout  stm32f4xx_hal_i2c.o
    0x080054ba   0x080054ba   0x0000005c   Code   RO         2941    i.I2C_WaitOnTXEFlagUntilTimeout  stm32f4xx_hal_i2c.o
    0x08005516   0x08005516   0x00000002   PAD
    0x08005518   0x08005518   0x000001f8   Code   RO           17    i.INS_task          ins_task.o
    0x08005710   0x08005710   0x00000038   Code   RO         1131    i.MX_CAN1_Init      can.o
    0x08005748   0x08005748   0x00000058   Code   RO         1171    i.MX_DMA_Init       dma.o
    0x080057a0   0x080057a0   0x00000044   Code   RO         1067    i.MX_FREERTOS_Init  freertos.o
    0x080057e4   0x080057e4   0x00000154   Code   RO         1043    i.MX_GPIO_Init      gpio.o
    0x08005938   0x08005938   0x0000003c   Code   RO         1197    i.MX_I2C1_Init      i2c.o
    0x08005974   0x08005974   0x0000003c   Code   RO         1198    i.MX_I2C3_Init      i2c.o
    0x080059b0   0x080059b0   0x00000048   Code   RO         1245    i.MX_SPI1_Init      spi.o
    0x080059f8   0x080059f8   0x00000038   Code   RO         1287    i.MX_USART1_UART_Init  usart.o
    0x08005a30   0x08005a30   0x000005ac   Code   RO          503    i.MahonyAHRSupdate  mahonyahrs.o
    0x08005fdc   0x08005fdc   0x000002fc   Code   RO          504    i.MahonyAHRSupdateIMU  mahonyahrs.o
    0x080062d8   0x080062d8   0x00000004   Code   RO         1334    i.MemManage_Handler  stm32f4xx_it.o
    0x080062dc   0x080062dc   0x00000004   Code   RO         1335    i.NMI_Handler       stm32f4xx_it.o
    0x080062e0   0x080062e0   0x0000273c   Code   RO          369    i.SPI1_DMA_enable   bsp_spi.o
    0x08008a1c   0x08008a1c   0x00000180   Code   RO          370    i.SPI1_DMA_init     bsp_spi.o
    0x08008b9c   0x08008b9c   0x0000006c   Code   RO         3400    i.SPI_EndRxTxTransaction  stm32f4xx_hal_spi.o
    0x08008c08   0x08008c08   0x000000d8   Code   RO         3405    i.SPI_WaitFlagStateUntilTimeout  stm32f4xx_hal_spi.o
    0x08008ce0   0x08008ce0   0x0000000c   Code   RO         1068    i.StartDefaultTask  freertos.o
    0x08008cec   0x08008cec   0x00000014   Code   RO         1336    i.SysTick_Handler   stm32f4xx_it.o
    0x08008d00   0x08008d00   0x000000b4   Code   RO          966    i.SystemClock_Config  main.o
    0x08008db4   0x08008db4   0x00000014   Code   RO         4077    i.SystemInit        system_stm32f4xx.o
    0x08008dc8   0x08008dc8   0x00000014   Code   RO         3751    i.UART_DMAAbortOnError  stm32f4xx_hal_uart.o
    0x08008ddc   0x08008ddc   0x00000050   Code   RO         3752    i.UART_DMAError     stm32f4xx_hal_uart.o
    0x08008e2c   0x08008e2c   0x00000058   Code   RO         3757    i.UART_DMATransmitCplt  stm32f4xx_hal_uart.o
    0x08008e84   0x08008e84   0x0000000e   Code   RO         3759    i.UART_DMATxHalfCplt  stm32f4xx_hal_uart.o
    0x08008e92   0x08008e92   0x0000006c   Code   RO         3761    i.UART_EndRxTransfer  stm32f4xx_hal_uart.o
    0x08008efe   0x08008efe   0x00000020   Code   RO         3762    i.UART_EndTransmit_IT  stm32f4xx_hal_uart.o
    0x08008f1e   0x08008f1e   0x00000026   Code   RO         3763    i.UART_EndTxTransfer  stm32f4xx_hal_uart.o
    0x08008f44   0x08008f44   0x000000f8   Code   RO         3764    i.UART_Receive_IT   stm32f4xx_hal_uart.o
    0x0800903c   0x0800903c   0x0000022c   Code   RO         3765    i.UART_SetConfig    stm32f4xx_hal_uart.o
    0x08009268   0x08009268   0x00000060   Code   RO         3768    i.UART_Transmit_IT  stm32f4xx_hal_uart.o
    0x080092c8   0x080092c8   0x00000010   Code   RO         1337    i.USART1_IRQHandler  stm32f4xx_it.o
    0x080092d8   0x080092d8   0x00000004   Code   RO         1338    i.UsageFault_Handler  stm32f4xx_it.o
    0x080092dc   0x080092dc   0x00000030   Code   RO         5959    i.__ARM_fpclassify  m_wm.l(fpclassify.o)
    0x0800930c   0x0800930c   0x00000026   Code   RO         5833    i.__ARM_fpclassifyf  m_wm.l(fpclassifyf.o)
    0x08009332   0x08009332   0x00000002   PAD
    0x08009334   0x08009334   0x00000010   Code   RO         2481    i.__NVIC_GetPriorityGrouping  stm32f4xx_hal_cortex.o
    0x08009344   0x08009344   0x00000028   Code   RO         2482    i.__NVIC_SetPriority  stm32f4xx_hal_cortex.o
    0x0800936c   0x0800936c   0x0000012c   Code   RO         5676    i.__hardfp_asinf    m_wm.l(asinf.o)
    0x08009498   0x08009498   0x000002ac   Code   RO         5688    i.__hardfp_atan2f   m_wm.l(atan2f.o)
    0x08009744   0x08009744   0x0000007a   Code   RO         5700    i.__hardfp_sqrt     m_wm.l(sqrt.o)
    0x080097be   0x080097be   0x00000006   Code   RO         5836    i.__mathlib_flt_infnan  m_wm.l(funder.o)
    0x080097c4   0x080097c4   0x00000006   Code   RO         5837    i.__mathlib_flt_infnan2  m_wm.l(funder.o)
    0x080097ca   0x080097ca   0x00000002   PAD
    0x080097cc   0x080097cc   0x00000010   Code   RO         5838    i.__mathlib_flt_invalid  m_wm.l(funder.o)
    0x080097dc   0x080097dc   0x00000010   Code   RO         5841    i.__mathlib_flt_underflow  m_wm.l(funder.o)
    0x080097ec   0x080097ec   0x0000000e   Code   RO         5777    i._is_digit         c_w.l(__printf_wp.o)
    0x080097fa   0x080097fa   0x00000002   PAD
    0x080097fc   0x080097fc   0x00000160   Code   RO          628    i.bmi088_accel_init  bmi088driver.o
    0x0800995c   0x0800995c   0x00000358   Code   RO          629    i.bmi088_accel_self_test  bmi088driver.o
    0x08009cb4   0x08009cb4   0x000000f4   Code   RO          630    i.bmi088_gyro_init  bmi088driver.o
    0x08009da8   0x08009da8   0x000000d0   Code   RO          631    i.bmi088_gyro_self_test  bmi088driver.o
    0x08009e78   0x08009e78   0x00000050   Code   RO          264    i.delay_us          bsp_delay.o
    0x08009ec8   0x08009ec8   0x000000f8   Code   RO           18    i.get_angle         ins_task.o
    0x08009fc0   0x08009fc0   0x00000168   Code   RO           19    i.imu_cmd_spi_dma   ins_task.o
    0x0800a128   0x0800a128   0x0000003c   Code   RO          505    i.invSqrt           mahonyahrs.o
    0x0800a164   0x0800a164   0x00000002   Code   RO          886    i.ist8310_GPIO_init  ist8310driver_middleware.o
    0x0800a166   0x0800a166   0x00000002   PAD
    0x0800a168   0x0800a168   0x00000024   Code   RO          887    i.ist8310_IIC_read_muli_reg  ist8310driver_middleware.o
    0x0800a18c   0x0800a18c   0x00000028   Code   RO          888    i.ist8310_IIC_read_single_reg  ist8310driver_middleware.o
    0x0800a1b4   0x0800a1b4   0x00000028   Code   RO          890    i.ist8310_IIC_write_single_reg  ist8310driver_middleware.o
    0x0800a1dc   0x0800a1dc   0x00000014   Code   RO          891    i.ist8310_RST_H     ist8310driver_middleware.o
    0x0800a1f0   0x0800a1f0   0x00000014   Code   RO          892    i.ist8310_RST_L     ist8310driver_middleware.o
    0x0800a204   0x0800a204   0x00000002   Code   RO          893    i.ist8310_com_init  ist8310driver_middleware.o
    0x0800a206   0x0800a206   0x0000000c   Code   RO          894    i.ist8310_delay_ms  ist8310driver_middleware.o
    0x0800a212   0x0800a212   0x00000002   PAD
    0x0800a214   0x0800a214   0x00000094   Code   RO          851    i.ist8310_init      ist8310driver.o
    0x0800a2a8   0x0800a2a8   0x0000008c   Code   RO          852    i.ist8310_read_mag  ist8310driver.o
    0x0800a334   0x0800a334   0x00000030   Code   RO          967    i.main              main.o
    0x0800a364   0x0800a364   0x0000000c   Code   RO         5139    i.makeFreeRtosPriority  cmsis_os.o
    0x0800a370   0x0800a370   0x00000010   Code   RO         5141    i.osDelay           cmsis_os.o
    0x0800a380   0x0800a380   0x0000000a   Code   RO         5144    i.osKernelStart     cmsis_os.o
    0x0800a38a   0x0800a38a   0x0000005c   Code   RO         5178    i.osThreadCreate    cmsis_os.o
    0x0800a3e6   0x0800a3e6   0x00000002   PAD
    0x0800a3e8   0x0800a3e8   0x00000024   Code   RO         4606    i.pcTaskGetName     tasks.o
    0x0800a40c   0x0800a40c   0x00000080   Code   RO         4607    i.prvAddCurrentTaskToDelayedList  tasks.o
    0x0800a48c   0x0800a48c   0x00000088   Code   RO         4608    i.prvAddNewTaskToReadyList  tasks.o
    0x0800a514   0x0800a514   0x0000005c   Code   RO         4971    i.prvCheckForValidListAndQueue  timers.o
    0x0800a570   0x0800a570   0x00000040   Code   RO         4609    i.prvCheckTasksWaitingTermination  tasks.o
    0x0800a5b0   0x0800a5b0   0x00000024   Code   RO         4254    i.prvCopyDataFromQueue  queue.o
    0x0800a5d4   0x0800a5d4   0x0000006e   Code   RO         4255    i.prvCopyDataToQueue  queue.o
    0x0800a642   0x0800a642   0x00000040   Code   RO         4610    i.prvDeleteTCB      tasks.o
    0x0800a682   0x0800a682   0x00000002   PAD
    0x0800a684   0x0800a684   0x00000024   Code   RO         4972    i.prvGetNextExpireTime  timers.o
    0x0800a6a8   0x0800a6a8   0x00000050   Code   RO         5518    i.prvHeapInit       heap_4.o
    0x0800a6f8   0x0800a6f8   0x00000028   Code   RO         4611    i.prvIdleTask       tasks.o
    0x0800a720   0x0800a720   0x00000018   Code   RO         4258    i.prvInitialiseNewQueue  queue.o
    0x0800a738   0x0800a738   0x00000098   Code   RO         4612    i.prvInitialiseNewTask  tasks.o
    0x0800a7d0   0x0800a7d0   0x00000060   Code   RO         4613    i.prvInitialiseTaskLists  tasks.o
    0x0800a830   0x0800a830   0x0000005c   Code   RO         5519    i.prvInsertBlockIntoFreeList  heap_4.o
    0x0800a88c   0x0800a88c   0x00000048   Code   RO         4974    i.prvInsertTimerInActiveList  timers.o
    0x0800a8d4   0x0800a8d4   0x0000001a   Code   RO         4259    i.prvIsQueueEmpty   queue.o
    0x0800a8ee   0x0800a8ee   0x0000001e   Code   RO         4260    i.prvIsQueueFull    queue.o
    0x0800a90c   0x0800a90c   0x00000068   Code   RO         4975    i.prvProcessExpiredTimer  timers.o
    0x0800a974   0x0800a974   0x00000110   Code   RO         4976    i.prvProcessReceivedCommands  timers.o
    0x0800aa84   0x0800aa84   0x0000006c   Code   RO         4977    i.prvProcessTimerOrBlockTask  timers.o
    0x0800aaf0   0x0800aaf0   0x00000024   Code   RO         4614    i.prvResetNextTaskUnblockTime  tasks.o
    0x0800ab14   0x0800ab14   0x0000002c   Code   RO         4978    i.prvSampleTimeNow  timers.o
    0x0800ab40   0x0800ab40   0x0000006e   Code   RO         4615    i.prvSearchForNameWithinSingleList  tasks.o
    0x0800abae   0x0800abae   0x00000002   PAD
    0x0800abb0   0x0800abb0   0x00000078   Code   RO         4979    i.prvSwitchTimerLists  timers.o
    0x0800ac28   0x0800ac28   0x00000030   Code   RO         5574    i.prvTaskExitError  port.o
    0x0800ac58   0x0800ac58   0x00000014   Code   RO         4980    i.prvTimerTask      timers.o
    0x0800ac6c   0x0800ac6c   0x00000068   Code   RO         4261    i.prvUnlockQueue    queue.o
    0x0800acd4   0x0800acd4   0x000000e8   Code   RO         5520    i.pvPortMalloc      heap_4.o
    0x0800adbc   0x0800adbc   0x0000002c   Code   RO         5575    i.pxPortInitialiseStack  port.o
    0x0800ade8   0x0800ade8   0x0000003e   Code   RO         5851    i.sqrtf             m_wm.l(sqrtf.o)
    0x0800ae26   0x0800ae26   0x00000002   PAD
    0x0800ae28   0x0800ae28   0x00000048   Code   RO          403    i.uart_dma_printf   bsp_uart.o
    0x0800ae70   0x0800ae70   0x00000068   Code   RO         4619    i.ulTaskNotifyTake  tasks.o
    0x0800aed8   0x0800aed8   0x00000026   Code   RO         4214    i.uxListRemove      list.o
    0x0800aefe   0x0800aefe   0x00000002   PAD
    0x0800af00   0x0800af00   0x00000018   Code   RO         1069    i.vApplicationGetIdleTaskMemory  freertos.o
    0x0800af18   0x0800af18   0x00000018   Code   RO         1070    i.vApplicationGetTimerTaskMemory  freertos.o
    0x0800af30   0x0800af30   0x00000016   Code   RO         4215    i.vListInitialise   list.o
    0x0800af46   0x0800af46   0x00000006   Code   RO         4216    i.vListInitialiseItem  list.o
    0x0800af4c   0x0800af4c   0x00000036   Code   RO         4217    i.vListInsert       list.o
    0x0800af82   0x0800af82   0x00000018   Code   RO         4218    i.vListInsertEnd    list.o
    0x0800af9a   0x0800af9a   0x00000002   PAD
    0x0800af9c   0x0800af9c   0x00000040   Code   RO         5577    i.vPortEnterCritical  port.o
    0x0800afdc   0x0800afdc   0x0000002c   Code   RO         5578    i.vPortExitCritical  port.o
    0x0800b008   0x0800b008   0x00000064   Code   RO         5521    i.vPortFree         heap_4.o
    0x0800b06c   0x0800b06c   0x00000024   Code   RO         5579    i.vPortSetupTimerInterrupt  port.o
    0x0800b090   0x0800b090   0x00000054   Code   RO         5580    i.vPortValidateInterruptPriority  port.o
    0x0800b0e4   0x0800b0e4   0x00000028   Code   RO         4265    i.vQueueAddToRegistry  queue.o
    0x0800b10c   0x0800b10c   0x0000004a   Code   RO         4268    i.vQueueWaitForMessageRestricted  queue.o
    0x0800b156   0x0800b156   0x00000002   PAD
    0x0800b158   0x0800b158   0x00000050   Code   RO         4626    i.vTaskDelay        tasks.o
    0x0800b1a8   0x0800b1a8   0x00000010   Code   RO         4630    i.vTaskInternalSetTimeOutState  tasks.o
    0x0800b1b8   0x0800b1b8   0x0000000c   Code   RO         4631    i.vTaskMissedYield  tasks.o
    0x0800b1c4   0x0800b1c4   0x000000bc   Code   RO         4632    i.vTaskNotifyGiveFromISR  tasks.o
    0x0800b280   0x0800b280   0x00000034   Code   RO         4633    i.vTaskPlaceOnEventList  tasks.o
    0x0800b2b4   0x0800b2b4   0x0000003c   Code   RO         4634    i.vTaskPlaceOnEventListRestricted  tasks.o
    0x0800b2f0   0x0800b2f0   0x00000090   Code   RO         4641    i.vTaskStartScheduler  tasks.o
    0x0800b380   0x0800b380   0x00000010   Code   RO         4643    i.vTaskSuspendAll   tasks.o
    0x0800b390   0x0800b390   0x00000060   Code   RO         4644    i.vTaskSwitchContext  tasks.o
    0x0800b3f0   0x0800b3f0   0x00000104   Code   RO         5581    i.xPortStartScheduler  port.o
    0x0800b4f4   0x0800b4f4   0x0000002c   Code   RO         5582    i.xPortSysTickHandler  port.o
    0x0800b520   0x0800b520   0x00000070   Code   RO         4272    i.xQueueGenericCreateStatic  queue.o
    0x0800b590   0x0800b590   0x00000090   Code   RO         4273    i.xQueueGenericReset  queue.o
    0x0800b620   0x0800b620   0x00000170   Code   RO         4274    i.xQueueGenericSend  queue.o
    0x0800b790   0x0800b790   0x000000be   Code   RO         4275    i.xQueueGenericSendFromISR  queue.o
    0x0800b84e   0x0800b84e   0x00000002   PAD
    0x0800b850   0x0800b850   0x00000148   Code   RO         4283    i.xQueueReceive     queue.o
    0x0800b998   0x0800b998   0x00000098   Code   RO         4647    i.xTaskCheckForTimeOut  tasks.o
    0x0800ba30   0x0800ba30   0x0000006c   Code   RO         4648    i.xTaskCreate       tasks.o
    0x0800ba9c   0x0800ba9c   0x00000060   Code   RO         4649    i.xTaskCreateStatic  tasks.o
    0x0800bafc   0x0800bafc   0x0000008c   Code   RO         4653    i.xTaskGetHandle    tasks.o
    0x0800bb88   0x0800bb88   0x0000001c   Code   RO         4654    i.xTaskGetSchedulerState  tasks.o
    0x0800bba4   0x0800bba4   0x0000000c   Code   RO         4655    i.xTaskGetTickCount  tasks.o
    0x0800bbb0   0x0800bbb0   0x000000d4   Code   RO         4657    i.xTaskIncrementTick  tasks.o
    0x0800bc84   0x0800bc84   0x0000009c   Code   RO         4660    i.xTaskPriorityDisinherit  tasks.o
    0x0800bd20   0x0800bd20   0x00000078   Code   RO         4662    i.xTaskRemoveFromEventList  tasks.o
    0x0800bd98   0x0800bd98   0x000000cc   Code   RO         4663    i.xTaskResumeAll    tasks.o
    0x0800be64   0x0800be64   0x00000068   Code   RO         4987    i.xTimerCreateTimerTask  timers.o
    0x0800becc   0x0800becc   0x00000074   Code   RO         4988    i.xTimerGenericCommand  timers.o
    0x0800bf40   0x0800bf40   0x0000002c   Code   RO         5943    locale$$code        c_w.l(lc_numeric_c.o)
    0x0800bf6c   0x0800bf6c   0x0000002c   Code   RO         5966    locale$$code        c_w.l(lc_ctype_c.o)
    0x0800bf98   0x0800bf98   0x00000062   Code   RO         5672    x$fpl$d2f           fz_wm.l(d2f.o)
    0x0800bffa   0x0800bffa   0x0000009c   Code   RO         5814    x$fpl$dnaninf       fz_wm.l(dnaninf.o)
    0x0800c096   0x0800c096   0x0000000c   Code   RO         5816    x$fpl$dretinf       fz_wm.l(dretinf.o)
    0x0800c0a2   0x0800c0a2   0x00000002   PAD
    0x0800c0a4   0x0800c0a4   0x00000198   Code   RO         5818    x$fpl$dsqrt         fz_wm.l(dsqrt_umaal.o)
    0x0800c23c   0x0800c23c   0x00000056   Code   RO         5674    x$fpl$f2d           fz_wm.l(f2d.o)
    0x0800c292   0x0800c292   0x0000008c   Code   RO         5820    x$fpl$fnaninf       fz_wm.l(fnaninf.o)
    0x0800c31e   0x0800c31e   0x0000000a   Code   RO         6034    x$fpl$fpinit        fz_wm.l(fpinit.o)
    0x0800c328   0x0800c328   0x0000000a   Code   RO         5822    x$fpl$fretinf       fz_wm.l(fretinf.o)
    0x0800c332   0x0800c332   0x00000004   Code   RO         5824    x$fpl$printf1       fz_wm.l(printf1.o)
    0x0800c336   0x0800c336   0x00000004   Code   RO         5826    x$fpl$printf2       fz_wm.l(printf2.o)
    0x0800c33a   0x0800c33a   0x00000000   Code   RO         5832    x$fpl$usenofp       fz_wm.l(usenofp.o)
    0x0800c33a   0x0800c33a   0x00000012   Data   RO          636    .constdata          bmi088driver.o
    0x0800c34c   0x0800c34c   0x0000000c   Data   RO          854    .constdata          ist8310driver.o
    0x0800c358   0x0800c358   0x00000038   Data   RO         1072    .constdata          freertos.o
    0x0800c390   0x0800c390   0x00000008   Data   RO         2198    .constdata          stm32f4xx_hal_dma.o
    0x0800c398   0x0800c398   0x00000018   Data   RO         4078    .constdata          system_stm32f4xx.o
    0x0800c3b0   0x0800c3b0   0x00000008   Data   RO         5736    .constdata          c_w.l(_printf_wctomb.o)
    0x0800c3b8   0x0800c3b8   0x00000028   Data   RO         5765    .constdata          c_w.l(_printf_hex_int_ll_ptr.o)
    0x0800c3e0   0x0800c3e0   0x00000011   Data   RO         5785    .constdata          c_w.l(__printf_flags_ss_wp.o)
    0x0800c3f1   0x0800c3f1   0x00000026   Data   RO         5890    .constdata          c_w.l(_printf_fp_hex.o)
    0x0800c417   0x0800c417   0x00000001   PAD
    0x0800c418   0x0800c418   0x00000094   Data   RO         5918    .constdata          c_w.l(bigflt0.o)
    0x0800c4ac   0x0800c4ac   0x00000014   Data   RO         1073    .conststring        freertos.o
    0x0800c4c0   0x0800c4c0   0x00000020   Data   RO         6092    Region$$Table       anon$$obj.o
    0x0800c4e0   0x0800c4e0   0x0000001c   Data   RO         5942    locale$$data        c_w.l(lc_numeric_c.o)
    0x0800c4fc   0x0800c4fc   0x00000110   Data   RO         5965    locale$$data        c_w.l(lc_ctype_c.o)


    Execution Region RW_IRAM1 (Exec base: 0x20000000, Load base: 0x0800c60c, Size: 0x0000cdc8, Max: 0x0001c000, ABSOLUTE)

    Exec Addr    Load Addr    Size         Type   Attr      Idx    E Section Name        Object

    0x20000000   0x0800c60c   0x00000030   Data   RW           21    .data               ins_task.o
    0x20000030   0x0800c63c   0x00000008   Data   RW          265    .data               bsp_delay.o
    0x20000038   0x0800c644   0x00000006   Data   RW          405    .data               bsp_uart.o
    0x2000003e   0x0800c64a   0x00000002   PAD
    0x20000040   0x0800c64c   0x00000014   Data   RW          506    .data               mahonyahrs.o
    0x20000054   0x0800c660   0x0000002c   Data   RW          637    .data               bmi088driver.o
    0x20000080   0x0800c68c   0x00000008   Data   RW         1074    .data               freertos.o
    0x20000088   0x0800c694   0x00000009   Data   RW         2630    .data               stm32f4xx_hal.o
    0x20000091   0x0800c69d   0x00000003   PAD
    0x20000094   0x0800c6a0   0x00000004   Data   RW         4079    .data               system_stm32f4xx.o
    0x20000098   0x0800c6a4   0x0000003c   Data   RW         4666    .data               tasks.o
    0x200000d4   0x0800c6e0   0x00000014   Data   RW         4996    .data               timers.o
    0x200000e8   0x0800c6f4   0x00000020   Data   RW         5527    .data               heap_4.o
    0x20000108   0x0800c714   0x0000000c   Data   RW         5583    .data               port.o
    0x20000114        -       0x0000005c   Zero   RW           20    .bss                ins_task.o
    0x20000170        -       0x00000080   Zero   RW          404    .bss                bsp_uart.o
    0x200001f0        -       0x000006a8   Zero   RW         1071    .bss                freertos.o
    0x20000898        -       0x00000028   Zero   RW         1132    .bss                can.o
    0x200008c0        -       0x000000a8   Zero   RW         1199    .bss                i2c.o
    0x20000968        -       0x00000118   Zero   RW         1246    .bss                spi.o
    0x20000a80        -       0x000000a4   Zero   RW         1288    .bss                usart.o
    0x20000b24        -       0x00000040   Zero   RW         4286    .bss                queue.o
    0x20000b64        -       0x000000f0   Zero   RW         4665    .bss                tasks.o
    0x20000c54        -       0x00000110   Zero   RW         4995    .bss                timers.o
    0x20000d64        -       0x00006000   Zero   RW         5526    .bss                heap_4.o
    0x20006d64        -       0x00000060   Zero   RW         5904    .bss                c_w.l(libspace.o)
    0x20006dc4   0x0800c720   0x00000004   PAD
    0x20006dc8        -       0x00002000   Zero   RW            2    HEAP                startup_stm32f405xx.o
    0x20008dc8        -       0x00004000   Zero   RW            1    STACK               startup_stm32f405xx.o


    Execution Region RW_IRAM2 (Exec base: 0x2001c000, Load base: 0x0800c720, Size: 0x00000000, Max: 0x00004000, ABSOLUTE)

    **** No section assigned to this execution region ****


==============================================================================

Image component sizes


      Code (inc. data)   RO Data    RW Data    ZI Data      Debug   Object Name

      2422         40         18         44          0       9724   bmi088driver.o
       140         28          0          0          0       4644   bmi088middleware.o
        80          4          0          8          0     536843   bsp_delay.o
     10428        170          0          0          0       5618   bsp_spi.o
        72         14          0          6        128     629902   bsp_uart.o
       192         20          0          0         40       1585   can.o
       130          0          0          0          0      22767   cmsis_os.o
        88          4          0          0          0        742   dma.o
         0          0          0          0          0      19632   event_groups.o
       128         32         76          8       1704       3241   freertos.o
       340         16          0          0          0       1023   gpio.o
       504         32          0         32      24576       4931   heap_4.o
       432         50          0          0        168       2282   i2c.o
      3646        250          0         48         92     562691   ins_task.o
       288         10         12          0          0       2570   ist8310driver.o
       172         26          0          0          0       5043   ist8310driver_middleware.o
       144          0          0          0          0       3494   list.o
      2276         72          0         20          0       4849   mahonyahrs.o
       234         10          0          0          0      26280   main.o
       814         92          0         12          0      11785   port.o
      1586         24          0          0         64      17356   queue.o
       352         36          0          0        280       1791   spi.o
        64         26        392          0      24576        824   startup_stm32f405xx.o
       172         32          0          9          0       8621   stm32f4xx_hal.o
       372          0          0          0          0       1287   stm32f4xx_hal_can.o
       304         22          0          0          0      34339   stm32f4xx_hal_cortex.o
      1436         16          8          0          0       6858   stm32f4xx_hal_dma.o
       540         50          0          0          0       2671   stm32f4xx_hal_gpio.o
      2856         46          0          0          0      11442   stm32f4xx_hal_i2c.o
        84          6          0          0          0        822   stm32f4xx_hal_msp.o
      1820         84          0          0          0       5488   stm32f4xx_hal_rcc.o
      1078         14          0          0          0       4573   stm32f4xx_hal_spi.o
      2312         26          0          0          0      13238   stm32f4xx_hal_uart.o
       110         12          0          0          0       5588   stm32f4xx_it.o
         0          0          0          0          0        416   stream_buffer.o
        20          6         24          4          0       1075   system_stm32f4xx.o
      2858        238          0         60        240      32335   tasks.o
      1088         94          0         20        272      30551   timers.o
       284         32          0          0        164       1729   usart.o

    ----------------------------------------------------------------------
     39908       1634        562        276      52304    2040650   Object Totals
         0          0         32          0          0          0   (incl. Generated)
        42          0          0          5          0          0   (incl. Padding)

    ----------------------------------------------------------------------

      Code (inc. data)   RO Data    RW Data    ZI Data      Debug   Library Member Name

         8          0          0          0          0         68   __main.o
       392          4         17          0          0         92   __printf_flags_ss_wp.o
        14          0          0          0          0         68   __printf_wp.o
         0          0          0          0          0          0   __rtentry.o
        12          0          0          0          0          0   __rtentry2.o
         6          0          0          0          0          0   __rtentry4.o
        52          8          0          0          0          0   __scatter.o
        26          0          0          0          0          0   __scatter_copy.o
        28          0          0          0          0          0   __scatter_zi.o
         6          0          0          0          0          0   _printf_a.o
         6          0          0          0          0          0   _printf_c.o
        44          0          0          0          0        108   _printf_char.o
        48          6          0          0          0         96   _printf_char_common.o
        40          0          0          0          0         68   _printf_charcount.o
         6          0          0          0          0          0   _printf_d.o
       120         16          0          0          0         92   _printf_dec.o
         6          0          0          0          0          0   _printf_e.o
         6          0          0          0          0          0   _printf_f.o
      1054          0          0          0          0        216   _printf_fp_dec.o
       764          8         38          0          0        100   _printf_fp_hex.o
       128         16          0          0          0         84   _printf_fp_infnan.o
         6          0          0          0          0          0   _printf_g.o
       148          4         40          0          0        160   _printf_hex_int_ll_ptr.o
         6          0          0          0          0          0   _printf_i.o
       178          0          0          0          0         88   _printf_intcommon.o
        10          0          0          0          0          0   _printf_l.o
         6          0          0          0          0          0   _printf_lc.o
        10          0          0          0          0          0   _printf_ll.o
         6          0          0          0          0          0   _printf_lld.o
         6          0          0          0          0          0   _printf_lli.o
         6          0          0          0          0          0   _printf_llo.o
         6          0          0          0          0          0   _printf_llu.o
         6          0          0          0          0          0   _printf_llx.o
       124         16          0          0          0         92   _printf_longlong_dec.o
         6          0          0          0          0          0   _printf_ls.o
         6          0          0          0          0          0   _printf_n.o
         6          0          0          0          0          0   _printf_o.o
       112         10          0          0          0        124   _printf_oct_int_ll.o
         6          0          0          0          0          0   _printf_p.o
        78          0          0          0          0        108   _printf_pad.o
         0          0          0          0          0          0   _printf_percent.o
         4          0          0          0          0          0   _printf_percent_end.o
         6          0          0          0          0          0   _printf_s.o
        82          0          0          0          0         80   _printf_str.o
        36          0          0          0          0         84   _printf_truncate.o
         6          0          0          0          0          0   _printf_u.o
        44          0          0          0          0        108   _printf_wchar.o
       188          6          8          0          0         92   _printf_wctomb.o
         6          0          0          0          0          0   _printf_x.o
        22          0          0          0          0        100   _rserrno.o
        10          0          0          0          0         68   _sputc.o
        64          0          0          0          0         92   _wcrtomb.o
        16          0          0          0          0         68   aeabi_memset.o
       228          4        148          0          0         96   bigflt0.o
      1936        128          0          0          0        672   btod.o
        18          0          0          0          0         80   exit.o
         6          0          0          0          0        152   heapauxi.o
         0          0          0          0          0          0   indicate_semi.o
        44         10        272          0          0         76   lc_ctype_c.o
        44         10         28          0          0         76   lc_numeric_c.o
         2          0          0          0          0          0   libinit.o
        34          0          0          0          0          0   libinit2.o
         2          0          0          0          0          0   libshutdown.o
         2          0          0          0          0          0   libshutdown2.o
         8          4          0          0         96         68   libspace.o
       138          0          0          0          0         80   lludiv10.o
       238          0          0          0          0        100   lludivv7m.o
        16          4          0          0          0         76   rt_ctype_table.o
         8          4          0          0          0         68   rt_errno_addr_intlibspace.o
         8          4          0          0          0         68   rt_locale_intlibspace.o
        68          0          0          0          0         68   rt_memclr.o
        78          0          0          0          0         80   rt_memclr_w.o
       138          0          0          0          0         68   rt_memcpy_v6.o
       100          0          0          0          0         80   rt_memcpy_w.o
         2          0          0          0          0          0   rtexit.o
        10          0          0          0          0          0   rtexit2.o
       128          0          0          0          0         68   strcmpv7m.o
        62          0          0          0          0         76   strlen.o
        12          4          0          0          0         68   sys_exit.o
        74          0          0          0          0         80   sys_stackheap_outer.o
         2          0          0          0          0         68   use_no_semi.o
        36          4          0          0          0         76   vsprintf.o
        98          4          0          0          0        140   d2f.o
       156          4          0          0          0        140   dnaninf.o
        12          0          0          0          0        116   dretinf.o
       408         56          0          0          0        168   dsqrt_umaal.o
        86          4          0          0          0        132   f2d.o
       140          4          0          0          0        132   fnaninf.o
        10          0          0          0          0        116   fpinit.o
        10          0          0          0          0        116   fretinf.o
         4          0          0          0          0        116   printf1.o
         4          0          0          0          0        116   printf2.o
         0          0          0          0          0          0   usenofp.o
       300         42          0          0          0        176   asinf.o
       684         90          0          0          0        208   atan2f.o
        48          0          0          0          0        124   fpclassify.o
        38          0          0          0          0        116   fpclassifyf.o
        44         12          0          0          0        464   funder.o
       122          0          0          0          0        148   sqrt.o
        62          0          0          0          0        136   sqrtf.o

    ----------------------------------------------------------------------
      9678        486        552          0        100       7264   Library Totals
        28          0          1          0          4          0   (incl. Padding)

    ----------------------------------------------------------------------

      Code (inc. data)   RO Data    RW Data    ZI Data      Debug   Library Name

      7424        270        551          0         96       4600   c_w.l
       928         72          0          0          0       1292   fz_wm.l
      1298        144          0          0          0       1372   m_wm.l

    ----------------------------------------------------------------------
      9678        486        552          0        100       7264   Library Totals

    ----------------------------------------------------------------------

==============================================================================


      Code (inc. data)   RO Data    RW Data    ZI Data      Debug   

     49586       2120       1114        276      52404    2023166   Grand Totals
     49586       2120       1114        276      52404    2023166   ELF Image Totals
     49586       2120       1114        276          0          0   ROM Totals

==============================================================================

    Total RO  Size (Code + RO Data)                50700 (  49.51kB)
    Total RW  Size (RW Data + ZI Data)             52680 (  51.45kB)
    Total ROM Size (Code + RO Data + RW Data)      50976 (  49.78kB)

==============================================================================

