Component: ARM Compiler 5.06 update 7 (build 960) Tool: armlink [4d3601]

==============================================================================

Section Cross References

    startup_stm32f405xx.o(STACK) refers (Special) to heapauxi.o(.text) for __use_two_region_memory
    startup_stm32f405xx.o(HEAP) refers (Special) to heapauxi.o(.text) for __use_two_region_memory
    startup_stm32f405xx.o(RESET) refers (Special) to heapauxi.o(.text) for __use_two_region_memory
    startup_stm32f405xx.o(RESET) refers to startup_stm32f405xx.o(STACK) for __initial_sp
    startup_stm32f405xx.o(RESET) refers to startup_stm32f405xx.o(.text) for Reset_Handler
    startup_stm32f405xx.o(RESET) refers to stm32f4xx_it.o(i.NMI_Handler) for NMI_Handler
    startup_stm32f405xx.o(RESET) refers to stm32f4xx_it.o(i.HardFault_Handler) for HardFault_Handler
    startup_stm32f405xx.o(RESET) refers to stm32f4xx_it.o(i.MemManage_Handler) for MemManage_Handler
    startup_stm32f405xx.o(RESET) refers to stm32f4xx_it.o(i.BusFault_Handler) for BusFault_Handler
    startup_stm32f405xx.o(RESET) refers to stm32f4xx_it.o(i.UsageFault_Handler) for UsageFault_Handler
    startup_stm32f405xx.o(RESET) refers to port.o(.emb_text) for SVC_Handler
    startup_stm32f405xx.o(RESET) refers to stm32f4xx_it.o(i.DebugMon_Handler) for DebugMon_Handler
    startup_stm32f405xx.o(RESET) refers to port.o(i.SysTick_Handler) for SysTick_Handler
    startup_stm32f405xx.o(RESET) refers to stm32f4xx_it.o(i.EXTI4_IRQHandler) for EXTI4_IRQHandler
    startup_stm32f405xx.o(RESET) refers to stm32f4xx_it.o(i.CAN1_RX0_IRQHandler) for CAN1_RX0_IRQHandler
    startup_stm32f405xx.o(RESET) refers to stm32f4xx_it.o(i.CAN1_RX1_IRQHandler) for CAN1_RX1_IRQHandler
    startup_stm32f405xx.o(RESET) refers to stm32f4xx_it.o(i.EXTI9_5_IRQHandler) for EXTI9_5_IRQHandler
    startup_stm32f405xx.o(RESET) refers to stm32f4xx_it.o(i.TIM2_IRQHandler) for TIM2_IRQHandler
    startup_stm32f405xx.o(RESET) refers to stm32f4xx_it.o(i.USART1_IRQHandler) for USART1_IRQHandler
    startup_stm32f405xx.o(RESET) refers to stm32f4xx_it.o(i.DMA2_Stream7_IRQHandler) for DMA2_Stream7_IRQHandler
    startup_stm32f405xx.o(.text) refers (Special) to heapauxi.o(.text) for __use_two_region_memory
    startup_stm32f405xx.o(.text) refers to system_stm32f4xx.o(i.SystemInit) for SystemInit
    startup_stm32f405xx.o(.text) refers to __main.o(!!!main) for __main
    startup_stm32f405xx.o(.text) refers to startup_stm32f405xx.o(HEAP) for Heap_Mem
    startup_stm32f405xx.o(.text) refers to startup_stm32f405xx.o(STACK) for Stack_Mem
    ins_task.o(i.AHRS_update) refers to mahonyahrs.o(i.MahonyAHRSupdate) for MahonyAHRSupdate
    ins_task.o(i.AHRS_update) refers to bsp_can.o(.data) for mag_en
    ins_task.o(i.HAL_GPIO_EXTI_Callback) refers to tasks.o(i.xTaskGetSchedulerState) for xTaskGetSchedulerState
    ins_task.o(i.HAL_GPIO_EXTI_Callback) refers to tasks.o(i.vTaskNotifyGiveFromISR) for vTaskNotifyGiveFromISR
    ins_task.o(i.HAL_GPIO_EXTI_Callback) refers to ist8310driver.o(i.ist8310_read_mag) for ist8310_read_mag
    ins_task.o(i.HAL_GPIO_EXTI_Callback) refers to ins_task.o(.data) for imu_start_dma_flag
    ins_task.o(i.HAL_GPIO_EXTI_Callback) refers to ins_task.o(.bss) for ist8310_real_data
    ins_task.o(i.INS_task) refers to cmsis_os.o(i.osDelay) for osDelay
    ins_task.o(i.INS_task) refers to bmi088driver.o(i.BMI088_init) for BMI088_init
    ins_task.o(i.INS_task) refers to ist8310driver.o(i.ist8310_init) for ist8310_init
    ins_task.o(i.INS_task) refers to flashstorage.o(i.Flash_ReadMagCal) for Flash_ReadMagCal
    ins_task.o(i.INS_task) refers to flashstorage.o(i.Flash_ReadMpuCal) for Flash_ReadMpuCal
    ins_task.o(i.INS_task) refers to bmi088driver.o(i.BMI088_read) for BMI088_read
    ins_task.o(i.INS_task) refers to ins_task.o(i.AHRS_init) for AHRS_init
    ins_task.o(i.INS_task) refers to stm32f4xx_hal_spi.o(i.HAL_SPI_Init) for HAL_SPI_Init
    ins_task.o(i.INS_task) refers to main.o(i.Error_Handler) for Error_Handler
    ins_task.o(i.INS_task) refers to tasks.o(i.pcTaskGetName) for pcTaskGetName
    ins_task.o(i.INS_task) refers to tasks.o(i.xTaskGetHandle) for xTaskGetHandle
    ins_task.o(i.INS_task) refers to tasks.o(i.ulTaskNotifyTake) for ulTaskNotifyTake
    ins_task.o(i.INS_task) refers to ist8310driver.o(i.ist8310_mag_cal) for ist8310_mag_cal
    ins_task.o(i.INS_task) refers to flashstorage.o(i.Flash_SaveMagCal) for Flash_SaveMagCal
    ins_task.o(i.INS_task) refers to ist8310driver.o(i.ist8310_mag_collect) for ist8310_mag_collect
    ins_task.o(i.INS_task) refers to bmi088driver.o(i.Calibrate_MPU_Offset_Collect) for Calibrate_MPU_Offset_Collect
    ins_task.o(i.INS_task) refers to flashstorage.o(i.Flash_SaveMpuCal) for Flash_SaveMpuCal
    ins_task.o(i.INS_task) refers to ins_task.o(i.AHRS_update) for AHRS_update
    ins_task.o(i.INS_task) refers to ins_task.o(i.get_angle) for get_angle
    ins_task.o(i.INS_task) refers to f2d.o(x$fpl$f2d) for __aeabi_f2d
[...]
    HAL_UART_Transmit_DMA                    0x08005be5   Thumb Code   160  stm32f4xx_hal_uart.o(i.HAL_UART_Transmit_DMA)
    HAL_UART_TxCpltCallback                  0x08005c91   Thumb Code     2  stm32f4xx_hal_uart.o(i.HAL_UART_TxCpltCallback)
    HAL_UART_TxHalfCpltCallback              0x08005c93   Thumb Code     2  stm32f4xx_hal_uart.o(i.HAL_UART_TxHalfCpltCallback)
    HardFault_Handler                        0x08005c95   Thumb Code     4  stm32f4xx_it.o(i.HardFault_Handler)
    I2C_getRawCount                          0x0800619b   Thumb Code    10  magneticsensor.o(i.I2C_getRawCount)
    INS_task                                 0x080061a5   Thumb Code   458  ins_task.o(i.INS_task)
    MX_CAN1_Init                             0x080063e5   Thumb Code    58  can.o(i.MX_CAN1_Init)
    MX_DMA_Init                              0x08006429   Thumb Code    84  dma.o(i.MX_DMA_Init)
    MX_FREERTOS_Init                         0x08006481   Thumb Code    78  freertos.o(i.MX_FREERTOS_Init)
    MX_GPIO_Init                             0x080064e1   Thumb Code   332  gpio.o(i.MX_GPIO_Init)
    MX_I2C3_Init                             0x0800663d   Thumb Code    48  i2c.o(i.MX_I2C3_Init)
    MX_SPI1_Init                             0x08006679   Thumb Code    62  spi.o(i.MX_SPI1_Init)
    MX_USART1_UART_Init                      0x080066c1   Thumb Code    46  usart.o(i.MX_USART1_UART_Init)
    MagneticSensor_Init                      0x080066f9   Thumb Code    40  magneticsensor.o(i.MagneticSensor_Init)
    MahonyAHRSupdate                         0x08006739   Thumb Code  1418  mahonyahrs.o(i.MahonyAHRSupdate)
    MahonyAHRSupdateIMU                      0x08006ce5   Thumb Code   730  mahonyahrs.o(i.MahonyAHRSupdateIMU)
    MemManage_Handler                        0x08006fe1   Thumb Code     4  stm32f4xx_it.o(i.MemManage_Handler)
    NMI_Handler                              0x08006fe5   Thumb Code     4  stm32f4xx_it.o(i.NMI_Handler)
    SendTask                                 0x0800712d   Thumb Code   230  rm_send_task.o(i.SendTask)
    StartDefaultTask                         0x08007235   Thumb Code    12  freertos.o(i.StartDefaultTask)
    SysTick_Handler                          0x08007241   Thumb Code    38  port.o(i.SysTick_Handler)
    SystemClock_Config                       0x0800726d   Thumb Code   170  main.o(i.SystemClock_Config)
    SystemInit                               0x08007321   Thumb Code    14  system_stm32f4xx.o(i.SystemInit)
    TIM2_IRQHandler                          0x08007335   Thumb Code    10  stm32f4xx_it.o(i.TIM2_IRQHandler)
    TIM_Base_SetConfig                       0x08007345   Thumb Code   170  stm32f4xx_hal_tim.o(i.TIM_Base_SetConfig)
    USART1_IRQHandler                        0x0800791d   Thumb Code    10  stm32f4xx_it.o(i.USART1_IRQHandler)
    UsageFault_Handler                       0x0800792d   Thumb Code     4  stm32f4xx_it.o(i.UsageFault_Handler)
    __ARM_fpclassify                         0x08007931   Thumb Code    48  fpclassify.o(i.__ARM_fpclassify)
    __ARM_fpclassifyf                        0x08007961   Thumb Code    38  fpclassifyf.o(i.__ARM_fpclassifyf)
    __hardfp_asinf                           0x080079c1   Thumb Code   258  asinf.o(i.__hardfp_asinf)
    __hardfp_atan2f                          0x08007aed   Thumb Code   594  atan2f.o(i.__hardfp_atan2f)
    __hardfp_fabs                            0x08007d99   Thumb Code    20  fabs.o(i.__hardfp_fabs)
    __hardfp_sqrt                            0x08007dad   Thumb Code   122  sqrt.o(i.__hardfp_sqrt)
    __hardfp_sqrtf                           0x08007e27   Thumb Code    58  sqrtf.o(i.__hardfp_sqrtf)
    __mathlib_flt_infnan                     0x08007e61   Thumb Code     6  funder.o(i.__mathlib_flt_infnan)
    __mathlib_flt_infnan2                    0x08007e67   Thumb Code     6  funder.o(i.__mathlib_flt_infnan2)
    __mathlib_flt_invalid                    0x08007e6d   Thumb Code    10  funder.o(i.__mathlib_flt_invalid)
    __mathlib_flt_underflow                  0x08007e7d   Thumb Code    10  funder.o(i.__mathlib_flt_underflow)
    _is_digit                                0x08007e8d   Thumb Code    14  __printf_wp.o(i._is_digit)
    bmi088_accel_init                        0x08007e9d   Thumb Code   346  bmi088driver.o(i.bmi088_accel_init)
    bmi088_accel_self_test                   0x08007ffd   Thumb Code   886  bmi088driver.o(i.bmi088_accel_self_test)
    bmi088_gyro_init                         0x08008379   Thumb Code   238  bmi088driver.o(i.bmi088_gyro_init)
    bmi088_gyro_self_test                    0x0800846d   Thumb Code   208  bmi088driver.o(i.bmi088_gyro_self_test)
    delay_us                                 0x0800853d   Thumb Code    76  bsp_delay.o(i.delay_us)
    getAngle                                 0x0800858d   Thumb Code   288  magneticsensor.o(i.getAngle)
    get_angle                                0x080086dd   Thumb Code   220  ins_task.o(i.get_angle)
    iic_ack                                  0x080087b9   Thumb Code    76  magneticsensor.o(i.iic_ack)
    iic_nack                                 0x08008815   Thumb Code    58  magneticsensor.o(i.iic_nack)
    iic_read_byte                            0x08008855   Thumb Code    88  magneticsensor.o(i.iic_read_byte)
    iic_send_byte                            0x080088b1   Thumb Code   102  magneticsensor.o(i.iic_send_byte)
    iic_start                                0x0800891d   Thumb Code    72  magneticsensor.o(i.iic_start)
    iic_stop                                 0x08008969   Thumb Code    58  magneticsensor.o(i.iic_stop)
    iic_wait_ack                             0x080089a9   Thumb Code    96  magneticsensor.o(i.iic_wait_ack)
    invSqrt                                  0x08008a0d   Thumb Code    56  mahonyahrs.o(i.invSqrt)
    ist8310_GPIO_init                        0x08008a49   Thumb Code     2  ist8310driver_middleware.o(i.ist8310_GPIO_init)
    ist8310_IIC_read_muli_reg                0x08008a4d   Thumb Code    30  ist8310driver_middleware.o(i.ist8310_IIC_read_muli_reg)
    ist8310_IIC_read_single_reg              0x08008a71   Thumb Code    36  ist8310driver_middleware.o(i.ist8310_IIC_read_single_reg)
    ist8310_IIC_write_single_reg             0x08008a99   Thumb Code    34  ist8310driver_middleware.o(i.ist8310_IIC_write_single_reg)
    ist8310_RST_H                            0x08008ac1   Thumb Code    14  ist8310driver_middleware.o(i.ist8310_RST_H)
    ist8310_RST_L                            0x08008ad5   Thumb Code    16  ist8310driver_middleware.o(i.ist8310_RST_L)
    ist8310_com_init                         0x08008ae9   Thumb Code     2  ist8310driver_middleware.o(i.ist8310_com_init)
    ist8310_delay_ms                         0x08008aeb   Thumb Code    12  ist8310driver_middleware.o(i.ist8310_delay_ms)
    ist8310_init                             0x08008af9   Thumb Code   142  ist8310driver.o(i.ist8310_init)
    ist8310_mag_cal                          0x08008b8d   Thumb Code   330  ist8310driver.o(i.ist8310_mag_cal)
    ist8310_mag_collect                      0x08008ce1   Thumb Code   350  ist8310driver.o(i.ist8310_mag_collect)
    ist8310_read_mag                         0x08008e55   Thumb Code   122  ist8310driver.o(i.ist8310_read_mag)
    main                                     0x08008ed5   Thumb Code    44  main.o(i.main)
    osDelay                                  0x08008f0d   Thumb Code    16  cmsis_os.o(i.osDelay)
    osKernelStart                            0x08008f1d   Thumb Code    10  cmsis_os.o(i.osKernelStart)
    osThreadCreate                           0x08008f27   Thumb Code    92  cmsis_os.o(i.osThreadCreate)
    pcTaskGetName                            0x08008f85   Thumb Code    30  tasks.o(i.pcTaskGetName)
    pvPortMalloc                             0x08009871   Thumb Code   224  heap_4.o(i.pvPortMalloc)
    pxPortInitialiseStack                    0x08009959   Thumb Code    38  port.o(i.pxPortInitialiseStack)
    sqrtf                                    0x08009985   Thumb Code    62  sqrtf.o(i.sqrtf)
    uart_dma_printf                          0x080099c5   Thumb Code    58  bsp_uart.o(i.uart_dma_printf)
    ulTaskNotifyTake                         0x08009a0d   Thumb Code    96  tasks.o(i.ulTaskNotifyTake)
    uxListRemove                             0x08009a75   Thumb Code    38  list.o(i.uxListRemove)
    vApplicationGetIdleTaskMemory            0x08009a9d   Thumb Code    14  freertos.o(i.vApplicationGetIdleTaskMemory)
    vApplicationGetTimerTaskMemory           0x08009ab5   Thumb Code    16  freertos.o(i.vApplicationGetTimerTaskMemory)
    vListInitialise                          0x08009acd   Thumb Code    22  list.o(i.vListInitialise)
    vListInitialiseItem                      0x08009ae3   Thumb Code     6  list.o(i.vListInitialiseItem)
    vListInsert                              0x08009ae9   Thumb Code    54  list.o(i.vListInsert)
    vListInsertEnd                           0x08009b1f   Thumb Code    24  list.o(i.vListInsertEnd)
    vPortEnterCritical                       0x08009b39   Thumb Code    54  port.o(i.vPortEnterCritical)
    vPortExitCritical                        0x08009b79   Thumb Code    38  port.o(i.vPortExitCritical)
    vPortFree                                0x08009ba5   Thumb Code    94  heap_4.o(i.vPortFree)
    vPortSetupTimerInterrupt                 0x08009c09   Thumb Code    32  port.o(i.vPortSetupTimerInterrupt)
    vPortValidateInterruptPriority           0x08009c2d   Thumb Code    74  port.o(i.vPortValidateInterruptPriority)
    vQueueAddToRegistry                      0x08009c81   Thumb Code    34  queue.o(i.vQueueAddToRegistry)
    vQueueWaitForMessageRestricted           0x08009ca9   Thumb Code    74  queue.o(i.vQueueWaitForMessageRestricted)
    vTaskDelay                               0x08009cf5   Thumb Code    70  tasks.o(i.vTaskDelay)
    vTaskInternalSetTimeOutState             0x08009d45   Thumb Code    12  tasks.o(i.vTaskInternalSetTimeOutState)
    vTaskMissedYield                         0x08009d55   Thumb Code     8  tasks.o(i.vTaskMissedYield)
    vTaskNotifyGiveFromISR                   0x08009d61   Thumb Code   176  tasks.o(i.vTaskNotifyGiveFromISR)
    vTaskPlaceOnEventList                    0x08009e1d   Thumb Code    48  tasks.o(i.vTaskPlaceOnEventList)
    vTaskPlaceOnEventListRestricted          0x08009e51   Thumb Code    54  tasks.o(i.vTaskPlaceOnEventListRestricted)
    vTaskStartScheduler                      0x08009e8d   Thumb Code   128  tasks.o(i.vTaskStartScheduler)
    vTaskSuspendAll                          0x08009f1d   Thumb Code    10  tasks.o(i.vTaskSuspendAll)
    vTaskSwitchContext                       0x08009f2d   Thumb Code    86  tasks.o(i.vTaskSwitchContext)
    xPortStartScheduler                      0x08009f8d   Thumb Code   232  port.o(i.xPortStartScheduler)
    xQueueGenericCreateStatic                0x0800a091   Thumb Code   112  queue.o(i.xQueueGenericCreateStatic)
    xQueueGenericReset                       0x0800a101   Thumb Code   138  queue.o(i.xQueueGenericReset)
    xQueueGenericSend                        0x0800a191   Thumb Code   362  queue.o(i.xQueueGenericSend)
    xQueueGenericSendFromISR                 0x0800a301   Thumb Code   190  queue.o(i.xQueueGenericSendFromISR)
    xQueueReceive                            0x0800a3c1   Thumb Code   322  queue.o(i.xQueueReceive)
    xTaskCheckForTimeOut                     0x0800a509   Thumb Code   148  tasks.o(i.xTaskCheckForTimeOut)
    xTaskCreate                              0x0800a5a1   Thumb Code   108  tasks.o(i.xTaskCreate)
    xTaskCreateStatic                        0x0800a60d   Thumb Code    96  tasks.o(i.xTaskCreateStatic)
    xTaskGetHandle                           0x0800a66d   Thumb Code   124  tasks.o(i.xTaskGetHandle)
    xTaskGetSchedulerState                   0x0800a6f9   Thumb Code    24  tasks.o(i.xTaskGetSchedulerState)
    xTaskGetTickCount                        0x0800a715   Thumb Code     6  tasks.o(i.xTaskGetTickCount)
    xTaskIncrementTick                       0x0800a721   Thumb Code   202  tasks.o(i.xTaskIncrementTick)
    xTaskPriorityDisinherit                  0x0800a7f5   Thumb Code   146  tasks.o(i.xTaskPriorityDisinherit)
    xTaskRemoveFromEventList                 0x0800a891   Thumb Code   108  tasks.o(i.xTaskRemoveFromEventList)
    xTaskResumeAll                           0x0800a909   Thumb Code   190  tasks.o(i.xTaskResumeAll)
    xTimerCreateTimerTask                    0x0800a9d5   Thumb Code    86  timers.o(i.xTimerCreateTimerTask)
    xTimerGenericCommand                     0x0800aa3d   Thumb Code   112  timers.o(i.xTimerGenericCommand)
    _get_lc_numeric                          0x0800aab1   Thumb Code    44  lc_numeric_c.o(locale$$code)
    _get_lc_ctype                            0x0800aadd   Thumb Code    44  lc_ctype_c.o(locale$$code)
    __aeabi_d2f                              0x0800ab09   Thumb Code     0  d2f.o(x$fpl$d2f)
    _d2f                                     0x0800ab09   Thumb Code    98  d2f.o(x$fpl$d2f)
    __aeabi_dadd                             0x0800ab6d   Thumb Code     0  daddsub_clz.o(x$fpl$dadd)
    _dadd                                    0x0800ab6d   Thumb Code   332  daddsub_clz.o(x$fpl$dadd)
    __fpl_dcmp_Inf                           0x0800acbd   Thumb Code    24  dcmpi.o(x$fpl$dcmpinf)
    __aeabi_ddiv                             0x0800acd5   Thumb Code     0  ddiv.o(x$fpl$ddiv)
    _ddiv                                    0x0800acd5   Thumb Code   552  ddiv.o(x$fpl$ddiv)
    __aeabi_i2d                              0x0800af85   Thumb Code     0  dflt_clz.o(x$fpl$dflt)
    _dflt                                    0x0800af85   Thumb Code    46  dflt_clz.o(x$fpl$dflt)
    __aeabi_cdcmple                          0x0800afb5   Thumb Code     0  dleqf.o(x$fpl$dleqf)
    _dcmple                                  0x0800afb5   Thumb Code   120  dleqf.o(x$fpl$dleqf)
    __fpl_dcmple_InfNaN                      0x0800b017   Thumb Code     0  dleqf.o(x$fpl$dleqf)
    __aeabi_dmul                             0x0800b02d   Thumb Code     0  dmul.o(x$fpl$dmul)
    _dmul                                    0x0800b02d   Thumb Code   332  dmul.o(x$fpl$dmul)
    __fpl_dnaninf                            0x0800b181   Thumb Code   156  dnaninf.o(x$fpl$dnaninf)
    __fpl_dretinf                            0x0800b21d   Thumb Code    12  dretinf.o(x$fpl$dretinf)
    __aeabi_cdrcmple                         0x0800b229   Thumb Code     0  drleqf.o(x$fpl$drleqf)
    _drcmple                                 0x0800b229   Thumb Code   108  drleqf.o(x$fpl$drleqf)
    _dsqrt                                   0x0800b295   Thumb Code   404  dsqrt_umaal.o(x$fpl$dsqrt)
    __aeabi_dsub                             0x0800b42d   Thumb Code     0  daddsub_clz.o(x$fpl$dsub)
    _dsub                                    0x0800b42d   Thumb Code   464  daddsub_clz.o(x$fpl$dsub)
    __aeabi_f2d                              0x0800b601   Thumb Code     0  f2d.o(x$fpl$f2d)
    _f2d                                     0x0800b601   Thumb Code    86  f2d.o(x$fpl$f2d)
    __fpl_fnaninf                            0x0800b657   Thumb Code   140  fnaninf.o(x$fpl$fnaninf)
    _fp_init                                 0x0800b6e3   Thumb Code    10  fpinit.o(x$fpl$fpinit)
    __fplib_config_fpu_vfp                   0x0800b6eb   Thumb Code     0  fpinit.o(x$fpl$fpinit)
    __fplib_config_pureend_doubles           0x0800b6eb   Thumb Code     0  fpinit.o(x$fpl$fpinit)
    __fpl_fretinf                            0x0800b6ed   Thumb Code    10  fretinf.o(x$fpl$fretinf)
    _printf_fp_dec                           0x0800b6f7   Thumb Code     4  printf1.o(x$fpl$printf1)
    _printf_fp_hex                           0x0800b6fb   Thumb Code     4  printf2.o(x$fpl$printf2)
    __I$use$fp                               0x0800b6fe   Number         0  usenofp.o(x$fpl$usenofp)
    gNorm_lpf                                0x0800b700   Data           4  bmi088driver.o(.constdata)
    GyroOffset_lpf                           0x0800b704   Data           4  bmi088driver.o(.constdata)
    AHBPrescTable                            0x0800b784   Data          16  system_stm32f4xx.o(.constdata)
    APBPrescTable                            0x0800b794   Data           8  system_stm32f4xx.o(.constdata)
    Region$$Table$$Base                      0x0800b8b8   Number         0  anon$$obj.o(Region$$Table)
    Region$$Table$$Limit                     0x0800b8d8   Number         0  anon$$obj.o(Region$$Table)
    __ctype                                  0x0800b901   Data           0  lc_ctype_c.o(locale$$data)
    gyro_dma_rx_buf                          0x20000004   Data           8  ins_task.o(.data)
    gyro_dma_tx_buf                          0x2000000c   Data           8  ins_task.o(.data)
    accel_dma_tx_buf                         0x20000014   Data           9  ins_task.o(.data)
    accel_temp_dma_rx_buf                    0x2000001d   Data           4  ins_task.o(.data)
    accel_temp_dma_tx_buf                    0x20000021   Data           4  ins_task.o(.data)
    gyro_update_flag                         0x20000025   Data           1  ins_task.o(.data)
    accel_update_flag                        0x20000026   Data           1  ins_task.o(.data)
    accel_temp_update_flag                   0x20000027   Data           1  ins_task.o(.data)
    mag_update_flag                          0x20000028   Data           1  ins_task.o(.data)
    imu_start_dma_flag                       0x20000029   Data           1  ins_task.o(.data)
    do_once_flag                             0x2000002a   Data           1  ins_task.o(.data)
    mag_cal_flag_last                        0x2000002b   Data           1  ins_task.o(.data)
    mpu_cal_flag_last                        0x2000002c   Data           1  ins_task.o(.data)
    magBias                                  0x20000030   Data          12  ins_task.o(.data)
    magScale                                 0x2000003c   Data          12  ins_task.o(.data)
    encoder_angle                            0x2000004c   Data           4  rm_send_task.o(.data)
    byte_0                                   0x20000050   Data           8  rm_send_task.o(.data)
    angle_cal_flag_last                      0x20000058   Data           1  rm_send_task.o(.data)
    data4bytes                               0x2000006c   Data           4  bsp_can.o(.data)
    mag_cal_flag                             0x20000070   Data           1  bsp_can.o(.data)
    encoder_cal_flag                         0x20000071   Data           1  bsp_can.o(.data)
    mpu_cal_flag                             0x20000072   Data           1  bsp_can.o(.data)
    mag_en                                   0x20000073   Data           1  bsp_can.o(.data)
    send_succeed                             0x20000074   Data           1  bsp_can.o(.data)
    twoKp                                    0x20000078   Data           4  mahonyahrs.o(.data)
    twoKi                                    0x2000007c   Data           4  mahonyahrs.o(.data)
    integralFBx                              0x20000080   Data           4  mahonyahrs.o(.data)
    integralFBy                              0x20000084   Data           4  mahonyahrs.o(.data)
    integralFBz                              0x20000088   Data           4  mahonyahrs.o(.data)
    BMI088_ACCEL_SEN                         0x2000008c   Data           4  bmi088driver.o(.data)
    BMI088_GYRO_SEN                          0x20000090   Data           4  bmi088driver.o(.data)
    TempWhenCali                             0x20000094   Data           4  bmi088driver.o(.data)
    gNorm                                    0x20000098   Data           4  bmi088driver.o(.data)
    AccelScale                               0x2000009c   Data           4  bmi088driver.o(.data)
    caliOffset                               0x200000a0   Data           1  bmi088driver.o(.data)
    caliCount                                0x200000a2   Data           2  bmi088driver.o(.data)
    mag_max                                  0x200000cc   Data          12  ist8310driver.o(.data)
    mag_min                                  0x200000d8   Data          12  ist8310driver.o(.data)
    cpr                                      0x200000ec   Data           4  magneticsensor.o(.data)
    full_rotation_offset                     0x200000f0   Data           4  magneticsensor.o(.data)
    angle_data                               0x200000f4   Data           4  magneticsensor.o(.data)
    angle_data_prev                          0x200000f8   Data           4  magneticsensor.o(.data)
    velocity_calc_timestamp                  0x200000fc   Data           4  magneticsensor.o(.data)
    angle_prev                               0x20000100   Data           4  magneticsensor.o(.data)
    cal_offset                               0x20000104   Data           4  magneticsensor.o(.data)
    imuTaskHandle                            0x2000010c   Data           4  freertos.o(.data)
    defaultTaskHandle                        0x20000110   Data           4  freertos.o(.data)
    sendTaskHandle                           0x20000114   Data           4  freertos.o(.data)
    uwTick                                   0x20000118   Data           4  stm32f4xx_hal.o(.data)
    uwTickPrio                               0x2000011c   Data           4  stm32f4xx_hal.o(.data)
    uwTickFreq                               0x20000120   Data           1  stm32f4xx_hal.o(.data)
    SystemCoreClock                          0x20000124   Data           4  system_stm32f4xx.o(.data)
    pxCurrentTCB                             0x20000128   Data           4  tasks.o(.data)
    accel_dma_rx_buf                         0x200001a4   Data           9  ins_task.o(.bss)
    bmi088_real_data                         0x200001b0   Data          36  ins_task.o(.bss)
    ist8310_real_data                        0x200001d4   Data          16  ins_task.o(.bss)
    INS_quat                                 0x200001e4   Data          16  ins_task.o(.bss)
    INS_angle                                0x200001f4   Data          12  ins_task.o(.bss)
    Accel                                    0x20000280   Data          12  bmi088driver.o(.bss)
    Gyro                                     0x2000028c   Data          12  bmi088driver.o(.bss)
    GyroOffset                               0x20000298   Data          12  bmi088driver.o(.bss)
    hcan1                                    0x2000094c   Data          40  can.o(.bss)
    hi2c3                                    0x20000974   Data          84  i2c.o(.bss)
    hspi1                                    0x200009c8   Data          88  spi.o(.bss)
    hdma_spi1_rx                             0x20000a20   Data          96  spi.o(.bss)
    hdma_spi1_tx                             0x20000a80   Data          96  spi.o(.bss)
    huart1                                   0x20000ae0   Data          68  usart.o(.bss)
    hdma_usart1_tx                           0x20000b24   Data          96  usart.o(.bss)
    htim2                                    0x20000b84   Data          72  stm32f4xx_hal_timebase_tim.o(.bss)
    pFlash                                   0x20000bcc   Data          32  stm32f4xx_hal_flash.o(.bss)
    xQueueRegistry                           0x20000bec   Data          64  queue.o(.bss)
    __libspace_start                         0x20006e2c   Data          96  libspace.o(.bss)
    __temporary_stack_top$libspace           0x20006e8c   Data           0  libspace.o(.bss)



==============================================================================

Memory Map of the image

  Image Entry point : 0x08000189

  Load Region LR_IROM1 (Base: 0x08000000, Size: 0x0000bba8, Max: 0x00100000, ABSOLUTE, COMPRESSED[0x0000ba80])

    Execution Region ER_IROM1 (Exec base: 0x08000000, Load base: 0x08000000, Size: 0x0000ba04, Max: 0x00100000, ABSOLUTE)

    Exec Addr    Load Addr    Size         Type   Attr      Idx    E Section Name        Object

    0x08000000   0x08000000   0x00000188   Data   RO            3    RESET               startup_stm32f405xx.o
    0x08000188   0x08000188   0x00000008   Code   RO         7047  * !!!main             c_w.l(__main.o)
    0x08000190   0x08000190   0x00000034   Code   RO         7531    !!!scatter          c_w.l(__scatter.o)
    0x080001c4   0x080001c4   0x0000005a   Code   RO         7529    !!dczerorl2         c_w.l(__dczerorl2.o)
    0x0800021e   0x0800021e   0x00000002   PAD
    0x08000220   0x08000220   0x0000001c   Code   RO         7533    !!handler_zi        c_w.l(__scatter_zi.o)
    0x0800023c   0x0800023c   0x00000000   Code   RO         7233    .ARM.Collect$$_printf_percent$$00000000  c_w.l(_printf_percent.o)
    0x0800023c   0x0800023c   0x00000006   Code   RO         7222    .ARM.Collect$$_printf_percent$$00000001  c_w.l(_printf_n.o)
    0x08000242   0x08000242   0x00000006   Code   RO         7224    .ARM.Collect$$_printf_percent$$00000002  c_w.l(_printf_p.o)
    0x08000248   0x08000248   0x00000006   Code   RO         7229    .ARM.Collect$$_printf_percent$$00000003  c_w.l(_printf_f.o)
    0x0800024e   0x0800024e   0x00000006   Code   RO         7230    .ARM.Collect$$_printf_percent$$00000004  c_w.l(_printf_e.o)
    0x08000254   0x08000254   0x00000006   Code   RO         7231    .ARM.Collect$$_printf_percent$$00000005  c_w.l(_printf_g.o)
    0x0800025a   0x0800025a   0x00000006   Code   RO         7232    .ARM.Collect$$_printf_percent$$00000006  c_w.l(_printf_a.o)
    0x08000260   0x08000260   0x0000000a   Code   RO         7237    .ARM.Collect$$_printf_percent$$00000007  c_w.l(_printf_ll.o)
    0x0800026a   0x0800026a   0x00000006   Code   RO         7226    .ARM.Collect$$_printf_percent$$00000008  c_w.l(_printf_i.o)
    0x08000270   0x08000270   0x00000006   Code   RO         7227    .ARM.Collect$$_printf_percent$$00000009  c_w.l(_printf_d.o)
    0x08000276   0x08000276   0x00000006   Code   RO         7228    .ARM.Collect$$_printf_percent$$0000000A  c_w.l(_printf_u.o)
    0x0800027c   0x0800027c   0x00000006   Code   RO         7225    .ARM.Collect$$_printf_percent$$0000000B  c_w.l(_printf_o.o)
    0x08000282   0x08000282   0x00000006   Code   RO         7223    .ARM.Collect$$_printf_percent$$0000000C  c_w.l(_printf_x.o)
    0x08000288   0x08000288   0x00000006   Code   RO         7234    .ARM.Collect$$_printf_percent$$0000000D  c_w.l(_printf_lli.o)
    0x0800028e   0x0800028e   0x00000006   Code   RO         7235    .ARM.Collect$$_printf_percent$$0000000E  c_w.l(_printf_lld.o)
    0x08000294   0x08000294   0x00000006   Code   RO         7236    .ARM.Collect$$_printf_percent$$0000000F  c_w.l(_printf_llu.o)
    0x0800029a   0x0800029a   0x00000006   Code   RO         7241    .ARM.Collect$$_printf_percent$$00000010  c_w.l(_printf_llo.o)
    0x080002a0   0x080002a0   0x00000006   Code   RO         7242    .ARM.Collect$$_printf_percent$$00000011  c_w.l(_printf_llx.o)
    0x080002a6   0x080002a6   0x0000000a   Code   RO         7238    .ARM.Collect$$_printf_percent$$00000012  c_w.l(_printf_l.o)
    0x080002b0   0x080002b0   0x00000006   Code   RO         7220    .ARM.Collect$$_printf_percent$$00000013  c_w.l(_printf_c.o)
    0x080002b6   0x080002b6   0x00000006   Code   RO         7221    .ARM.Collect$$_printf_percent$$00000014  c_w.l(_printf_s.o)
    0x080002bc   0x080002bc   0x00000006   Code   RO         7239    .ARM.Collect$$_printf_percent$$00000015  c_w.l(_printf_lc.o)
    0x080002c2   0x080002c2   0x00000006   Code   RO         7240    .ARM.Collect$$_printf_percent$$00000016  c_w.l(_printf_ls.o)
    0x080002c8   0x080002c8   0x00000004   Code   RO         7335    .ARM.Collect$$_printf_percent$$00000017  c_w.l(_printf_percent_end.o)
    0x080002cc   0x080002cc   0x00000002   Code   RO         7391    .ARM.Collect$$libinit$$00000000  c_w.l(libinit.o)
    0x080002ce   0x080002ce   0x00000004   Code   RO         7409    .ARM.Collect$$libinit$$00000001  c_w.l(libinit2.o)
    0x080002d2   0x080002d2   0x00000000   Code   RO         7412    .ARM.Collect$$libinit$$00000004  c_w.l(libinit2.o)
    0x080002d2   0x080002d2   0x00000000   Code   RO         7415    .ARM.Collect$$libinit$$0000000A  c_w.l(libinit2.o)
    0x080002d2   0x080002d2   0x00000000   Code   RO         7417    .ARM.Collect$$libinit$$0000000C  c_w.l(libinit2.o)
    0x080002d2   0x080002d2   0x00000000   Code   RO         7419    .ARM.Collect$$libinit$$0000000E  c_w.l(libinit2.o)
    0x080002d2   0x080002d2   0x00000006   Code   RO         7420    .ARM.Collect$$libinit$$0000000F  c_w.l(libinit2.o)
    0x080002d8   0x080002d8   0x00000000   Code   RO         7422    .ARM.Collect$$libinit$$00000011  c_w.l(libinit2.o)
    0x080002d8   0x080002d8   0x0000000c   Code   RO         7423    .ARM.Collect$$libinit$$00000012  c_w.l(libinit2.o)
    0x080002e4   0x080002e4   0x00000000   Code   RO         7424    .ARM.Collect$$libinit$$00000013  c_w.l(libinit2.o)
    0x080002e4   0x080002e4   0x00000000   Code   RO         7426    .ARM.Collect$$libinit$$00000015  c_w.l(libinit2.o)
    0x080002e4   0x080002e4   0x0000000a   Code   RO         7427    .ARM.Collect$$libinit$$00000016  c_w.l(libinit2.o)
    0x080002ee   0x080002ee   0x00000000   Code   RO         7428    .ARM.Collect$$libinit$$00000017  c_w.l(libinit2.o)
    0x080002ee   0x080002ee   0x00000000   Code   RO         7430    .ARM.Collect$$libinit$$00000019  c_w.l(libinit2.o)
    0x080002ee   0x080002ee   0x00000000   Code   RO         7432    .ARM.Collect$$libinit$$0000001B  c_w.l(libinit2.o)
    0x080002ee   0x080002ee   0x00000000   Code   RO         7434    .ARM.Collect$$libinit$$0000001D  c_w.l(libinit2.o)
    0x080002ee   0x080002ee   0x00000000   Code   RO         7436    .ARM.Collect$$libinit$$0000001F  c_w.l(libinit2.o)
    0x080002ee   0x080002ee   0x00000000   Code   RO         7438    .ARM.Collect$$libinit$$00000021  c_w.l(libinit2.o)
    0x080002ee   0x080002ee   0x00000000   Code   RO         7440    .ARM.Collect$$libinit$$00000023  c_w.l(libinit2.o)
    0x080002ee   0x080002ee   0x00000000   Code   RO         7442    .ARM.Collect$$libinit$$00000025  c_w.l(libinit2.o)
    0x080002ee   0x080002ee   0x00000000   Code   RO         7446    .ARM.Collect$$libinit$$0000002C  c_w.l(libinit2.o)
    0x080002ee   0x080002ee   0x00000000   Code   RO         7448    .ARM.Collect$$libinit$$0000002E  c_w.l(libinit2.o)
    0x080002ee   0x080002ee   0x00000000   Code   RO         7450    .ARM.Collect$$libinit$$00000030  c_w.l(libinit2.o)
    0x080002ee   0x080002ee   0x00000000   Code   RO         7452    .ARM.Collect$$libinit$$00000032  c_w.l(libinit2.o)
    0x080002ee   0x080002ee   0x00000002   Code   RO         7453    .ARM.Collect$$libinit$$00000033  c_w.l(libinit2.o)
    0x080002f0   0x080002f0   0x00000002   Code   RO         7484    .ARM.Collect$$libshutdown$$00000000  c_w.l(libshutdown.o)
    0x080002f2   0x080002f2   0x00000000   Code   RO         7510    .ARM.Collect$$libshutdown$$00000002  c_w.l(libshutdown2.o)
    0x080002f2   0x080002f2   0x00000000   Code   RO         7512    .ARM.Collect$$libshutdown$$00000004  c_w.l(libshutdown2.o)
    0x080002f2   0x080002f2   0x00000000   Code   RO         7514    .ARM.Collect$$libshutdown$$00000006  c_w.l(libshutdown2.o)
    0x080002f2   0x080002f2   0x00000000   Code   RO         7517    .ARM.Collect$$libshutdown$$00000009  c_w.l(libshutdown2.o)
    0x080002f2   0x080002f2   0x00000000   Code   RO         7520    .ARM.Collect$$libshutdown$$0000000C  c_w.l(libshutdown2.o)
    0x080002f2   0x080002f2   0x00000000   Code   RO         7522    .ARM.Collect$$libshutdown$$0000000E  c_w.l(libshutdown2.o)
    0x080002f2   0x080002f2   0x00000000   Code   RO         7525    .ARM.Collect$$libshutdown$$00000011  c_w.l(libshutdown2.o)
    0x080002f2   0x080002f2   0x00000002   Code   RO         7526    .ARM.Collect$$libshutdown$$00000012  c_w.l(libshutdown2.o)
    0x080002f4   0x080002f4   0x00000000   Code   RO         7145    .ARM.Collect$$rtentry$$00000000  c_w.l(__rtentry.o)
    0x080002f4   0x080002f4   0x00000000   Code   RO         7299    .ARM.Collect$$rtentry$$00000002  c_w.l(__rtentry2.o)
    0x080002f4   0x080002f4   0x00000006   Code   RO         7311    .ARM.Collect$$rtentry$$00000004  c_w.l(__rtentry4.o)
    0x080002fa   0x080002fa   0x00000000   Code   RO         7301    .ARM.Collect$$rtentry$$00000009  c_w.l(__rtentry2.o)
    0x080002fa   0x080002fa   0x00000004   Code   RO         7302    .ARM.Collect$$rtentry$$0000000A  c_w.l(__rtentry2.o)
    0x080002fe   0x080002fe   0x00000000   Code   RO         7304    .ARM.Collect$$rtentry$$0000000C  c_w.l(__rtentry2.o)
    0x080002fe   0x080002fe   0x00000008   Code   RO         7305    .ARM.Collect$$rtentry$$0000000D  c_w.l(__rtentry2.o)
    0x08000306   0x08000306   0x00000002   Code   RO         7396    .ARM.Collect$$rtexit$$00000000  c_w.l(rtexit.o)
    0x08000308   0x08000308   0x00000000   Code   RO         7457    .ARM.Collect$$rtexit$$00000002  c_w.l(rtexit2.o)
    0x08000308   0x08000308   0x00000004   Code   RO         7458    .ARM.Collect$$rtexit$$00000003  c_w.l(rtexit2.o)
    0x0800030c   0x0800030c   0x00000006   Code   RO         7459    .ARM.Collect$$rtexit$$00000004  c_w.l(rtexit2.o)
    0x08000312   0x08000312   0x00000002   PAD
    0x08000314   0x08000314   0x000000be   Code   RO         6950    .emb_text           port.o
    0x080003d2   0x080003d2   0x00000002   PAD
    0x080003d4   0x080003d4   0x00000040   Code   RO            4    .text               startup_stm32f405xx.o
    0x08000414   0x08000414   0x000000ee   Code   RO         7029    .text               c_w.l(lludivv7m.o)
    0x08000502   0x08000502   0x00000002   PAD
    0x08000504   0x08000504   0x00000024   Code   RO         7031    .text               c_w.l(vsprintf.o)
    0x08000528   0x08000528   0x0000003e   Code   RO         7033    .text               c_w.l(strlen.o)
    0x08000566   0x08000566   0x0000008a   Code   RO         7035    .text               c_w.l(rt_memcpy_v6.o)
    0x080005f0   0x080005f0   0x00000064   Code   RO         7037    .text               c_w.l(rt_memcpy_w.o)
    0x08000654   0x08000654   0x00000010   Code   RO         7041    .text               c_w.l(aeabi_memset.o)
    0x08000664   0x08000664   0x0000004e   Code   RO         7043    .text               c_w.l(rt_memclr_w.o)
    0x080006b2   0x080006b2   0x00000006   Code   RO         7045    .text               c_w.l(heapauxi.o)
    0x080006b8   0x080006b8   0x00000016   Code   RO         7150    .text               c_w.l(_rserrno.o)
    0x080006ce   0x080006ce   0x0000004e   Code   RO         7154    .text               c_w.l(_printf_pad.o)
    0x0800071c   0x0800071c   0x00000024   Code   RO         7156    .text               c_w.l(_printf_truncate.o)
    0x08000740   0x08000740   0x00000052   Code   RO         7158    .text               c_w.l(_printf_str.o)
    0x08000792   0x08000792   0x00000002   PAD
    0x08000794   0x08000794   0x00000078   Code   RO         7160    .text               c_w.l(_printf_dec.o)
    0x0800080c   0x0800080c   0x00000028   Code   RO         7162    .text               c_w.l(_printf_charcount.o)
    0x08000834   0x08000834   0x00000030   Code   RO         7164    .text               c_w.l(_printf_char_common.o)
    0x08000864   0x08000864   0x0000000a   Code   RO         7166    .text               c_w.l(_sputc.o)
    0x0800086e   0x0800086e   0x00000002   PAD
    0x08000870   0x08000870   0x000000bc   Code   RO         7168    .text               c_w.l(_printf_wctomb.o)
    0x0800092c   0x0800092c   0x0000007c   Code   RO         7171    .text               c_w.l(_printf_longlong_dec.o)
    0x080009a8   0x080009a8   0x00000070   Code   RO         7177    .text               c_w.l(_printf_oct_int_ll.o)
    0x08000a18   0x08000a18   0x00000094   Code   RO         7197    .text               c_w.l(_printf_hex_int_ll_ptr.o)
    0x08000aac   0x08000aac   0x00000188   Code   RO         7217    .text               c_w.l(__printf_flags_ss_wp.o)
    0x08000c34   0x08000c34   0x00000044   Code   RO         7243    .text               c_w.l(rt_memclr.o)
    0x08000c78   0x08000c78   0x00000008   Code   RO         7318    .text               c_w.l(rt_errno_addr_intlibspace.o)
    0x08000c80   0x08000c80   0x0000008a   Code   RO         7320    .text               c_w.l(lludiv10.o)
    0x08000d0a   0x08000d0a   0x000000b2   Code   RO         7322    .text               c_w.l(_printf_intcommon.o)
    0x08000dbc   0x08000dbc   0x0000041e   Code   RO         7324    .text               c_w.l(_printf_fp_dec.o)
    0x080011da   0x080011da   0x00000002   PAD
    0x080011dc   0x080011dc   0x000002fc   Code   RO         7326    .text               c_w.l(_printf_fp_hex.o)
    0x080014d8   0x080014d8   0x0000002c   Code   RO         7331    .text               c_w.l(_printf_char.o)
    0x08001504   0x08001504   0x0000002c   Code   RO         7333    .text               c_w.l(_printf_wchar.o)
    0x08001530   0x08001530   0x00000040   Code   RO         7336    .text               c_w.l(_wcrtomb.o)
    0x08001570   0x08001570   0x00000008   Code   RO         7338    .text               c_w.l(libspace.o)
    0x08001578   0x08001578   0x0000004a   Code   RO         7341    .text               c_w.l(sys_stackheap_outer.o)
    0x080015c2   0x080015c2   0x00000002   PAD
    0x080015c4   0x080015c4   0x00000010   Code   RO         7343    .text               c_w.l(rt_ctype_table.o)
    0x080015d4   0x080015d4   0x00000008   Code   RO         7348    .text               c_w.l(rt_locale_intlibspace.o)
    0x080015dc   0x080015dc   0x00000080   Code   RO         7350    .text               c_w.l(_printf_fp_infnan.o)
    0x0800165c   0x0800165c   0x000000e4   Code   RO         7352    .text               c_w.l(bigflt0.o)
    0x08001740   0x08001740   0x00000012   Code   RO         7380    .text               c_w.l(exit.o)
    0x08001752   0x08001752   0x00000002   PAD
    0x08001754   0x08001754   0x00000080   Code   RO         7407    .text               c_w.l(strcmpv7m.o)
    0x080017d4   0x080017d4   0x0000000c   Code   RO         7454    .text               c_w.l(sys_exit.o)
    0x080017e0   0x080017e0   0x00000002   Code   RO         7473    .text               c_w.l(use_no_semi.o)
    0x080017e2   0x080017e2   0x00000000   Code   RO         7475    .text               c_w.l(indicate_semi.o)
    0x080017e2   0x080017e2   0x0000003e   Code   RO         7355    CL$$btod_d2e        c_w.l(btod.o)
    0x08001820   0x08001820   0x00000046   Code   RO         7357    CL$$btod_d2e_denorm_low  c_w.l(btod.o)
    0x08001866   0x08001866   0x00000060   Code   RO         7356    CL$$btod_d2e_norm_op1  c_w.l(btod.o)
    0x080018c6   0x080018c6   0x00000338   Code   RO         7365    CL$$btod_div_common  c_w.l(btod.o)
    0x08001bfe   0x08001bfe   0x000000dc   Code   RO         7362    CL$$btod_e2e        c_w.l(btod.o)
    0x08001cda   0x08001cda   0x0000002a   Code   RO         7359    CL$$btod_ediv       c_w.l(btod.o)
    0x08001d04   0x08001d04   0x0000002a   Code   RO         7358    CL$$btod_emul       c_w.l(btod.o)
    0x08001d2e   0x08001d2e   0x00000244   Code   RO         7364    CL$$btod_mult_common  c_w.l(btod.o)
    0x08001f72   0x08001f72   0x00000002   PAD
    0x08001f74   0x08001f74   0x00000028   Code   RO           13    i.AHRS_init         ins_task.o
    0x08001f9c   0x08001f9c   0x000000bc   Code   RO           14    i.AHRS_update       ins_task.o
    0x08002058   0x08002058   0x00000048   Code   RO         1281    i.AS5600_ReadTwoByte  magneticsensor.o
    0x080020a0   0x080020a0   0x00000014   Code   RO         1056    i.BMI088_ACCEL_NS_H  bmi088middleware.o
    0x080020b4   0x080020b4   0x00000014   Code   RO         1057    i.BMI088_ACCEL_NS_L  bmi088middleware.o
    0x080020c8   0x080020c8   0x00000002   Code   RO         1058    i.BMI088_GPIO_init  bmi088middleware.o
    0x080020ca   0x080020ca   0x00000002   PAD
    0x080020cc   0x080020cc   0x00000014   Code   RO         1059    i.BMI088_GYRO_NS_H  bmi088middleware.o
    0x080020e0   0x080020e0   0x00000014   Code   RO         1060    i.BMI088_GYRO_NS_L  bmi088middleware.o
    0x080020f4   0x080020f4   0x00000002   Code   RO         1061    i.BMI088_com_init   bmi088middleware.o
    0x080020f6   0x080020f6   0x0000000c   Code   RO         1062    i.BMI088_delay_ms   bmi088middleware.o
    0x08002102   0x08002102   0x0000000c   Code   RO         1063    i.BMI088_delay_us   bmi088middleware.o
    0x0800210e   0x0800210e   0x00000034   Code   RO          915    i.BMI088_init       bmi088driver.o
    0x08002142   0x08002142   0x00000002   PAD
    0x08002144   0x08002144   0x000001b4   Code   RO          916    i.BMI088_read       bmi088driver.o
    0x080022f8   0x080022f8   0x00000026   Code   RO          919    i.BMI088_read_muli_reg  bmi088driver.o
    0x0800231e   0x0800231e   0x00000018   Code   RO          920    i.BMI088_read_single_reg  bmi088driver.o
    0x08002336   0x08002336   0x00000002   PAD
    0x08002338   0x08002338   0x00000020   Code   RO         1064    i.BMI088_read_write_byte  bmi088middleware.o
    0x08002358   0x08002358   0x00000014   Code   RO          922    i.BMI088_write_single_reg  bmi088driver.o
    0x0800236c   0x0800236c   0x00000004   Code   RO         1711    i.BusFault_Handler  stm32f4xx_it.o
    0x08002370   0x08002370   0x00000010   Code   RO         1712    i.CAN1_RX0_IRQHandler  stm32f4xx_it.o
    0x08002380   0x08002380   0x00000010   Code   RO         1713    i.CAN1_RX1_IRQHandler  stm32f4xx_it.o
    0x08002390   0x08002390   0x00000040   Code   RO          608    i.CANFilter_Enable  bsp_can.o
    0x080023d0   0x080023d0   0x0000001a   Code   RO          609    i.CAN_Enable        bsp_can.o
    0x080023ea   0x080023ea   0x00000002   PAD
    0x080023ec   0x080023ec   0x00000010   Code   RO          610    i.CAN_InitArgument  bsp_can.o
    0x080023fc   0x080023fc   0x0000006c   Code   RO          612    i.CAN_send_data     bsp_can.o
    0x08002468   0x08002468   0x0000032c   Code   RO          923    i.Calibrate_MPU_Offset_Collect  bmi088driver.o
    0x08002794   0x08002794   0x00000010   Code   RO         1714    i.DMA2_Stream7_IRQHandler  stm32f4xx_it.o
    0x080027a4   0x080027a4   0x00000034   Code   RO         2612    i.DMA_CalcBaseAndBitshift  stm32f4xx_hal_dma.o
    0x080027d8   0x080027d8   0x000000aa   Code   RO         2613    i.DMA_CheckFifoParam  stm32f4xx_hal_dma.o
    0x08002882   0x08002882   0x0000002c   Code   RO         2614    i.DMA_SetConfig     stm32f4xx_hal_dma.o
    0x080028ae   0x080028ae   0x00000002   Code   RO         1715    i.DebugMon_Handler  stm32f4xx_it.o
    0x080028b0   0x080028b0   0x0000000a   Code   RO         1716    i.EXTI4_IRQHandler  stm32f4xx_it.o
    0x080028ba   0x080028ba   0x00000010   Code   RO         1717    i.EXTI9_5_IRQHandler  stm32f4xx_it.o
    0x080028ca   0x080028ca   0x00000006   Code   RO         1385    i.Error_Handler     main.o
    0x080028d0   0x080028d0   0x0000005c   Code   RO         2382    i.FLASH_Erase_Sector  stm32f4xx_hal_flash_ex.o
    0x0800292c   0x0800292c   0x00000078   Code   RO         2383    i.FLASH_FlushCaches  stm32f4xx_hal_flash_ex.o
    0x080029a4   0x080029a4   0x00000030   Code   RO         2384    i.FLASH_MassErase   stm32f4xx_hal_flash_ex.o
    0x080029d4   0x080029d4   0x00000024   Code   RO         2264    i.FLASH_Program_Byte  stm32f4xx_hal_flash.o
    0x080029f8   0x080029f8   0x0000003c   Code   RO         2265    i.FLASH_Program_DoubleWord  stm32f4xx_hal_flash.o
    0x08002a34   0x08002a34   0x00000028   Code   RO         2266    i.FLASH_Program_HalfWord  stm32f4xx_hal_flash.o
    0x08002a5c   0x08002a5c   0x00000028   Code   RO         2267    i.FLASH_Program_Word  stm32f4xx_hal_flash.o
    0x08002a84   0x08002a84   0x00000098   Code   RO         2268    i.FLASH_SetErrorCode  stm32f4xx_hal_flash.o
    0x08002b1c   0x08002b1c   0x00000064   Code   RO         2269    i.FLASH_WaitForLastOperation  stm32f4xx_hal_flash.o
    0x08002b80   0x08002b80   0x00000024   Code   RO          693    i.Flash_ReadAngleCal  flashstorage.o
    0x08002ba4   0x08002ba4   0x0000004c   Code   RO          694    i.Flash_ReadMagCal  flashstorage.o
    0x08002bf0   0x08002bf0   0x0000003c   Code   RO          695    i.Flash_ReadMpuCal  flashstorage.o
    0x08002c2c   0x08002c2c   0x0000005c   Code   RO          696    i.Flash_SaveAngleCal  flashstorage.o
    0x08002c88   0x08002c88   0x00000074   Code   RO          697    i.Flash_SaveMagCal  flashstorage.o
    0x08002cfc   0x08002cfc   0x00000074   Code   RO          698    i.Flash_SaveMpuCal  flashstorage.o
    0x08002d70   0x08002d70   0x00000038   Code   RO          261    i.Float_to_Byte     rm_send_task.o
    0x08002da8   0x08002da8   0x0000002a   Code   RO         1875    i.HAL_CAN_ActivateNotification  stm32f4xx_hal_can.o
    0x08002dd2   0x08002dd2   0x00000156   Code   RO         1876    i.HAL_CAN_AddTxMessage  stm32f4xx_hal_can.o
    0x08002f28   0x08002f28   0x00000124   Code   RO         1877    i.HAL_CAN_ConfigFilter  stm32f4xx_hal_can.o
    0x0800304c   0x0800304c   0x00000002   Code   RO         1880    i.HAL_CAN_ErrorCallback  stm32f4xx_hal_can.o
    0x0800304e   0x0800304e   0x0000017a   Code   RO         1883    i.HAL_CAN_GetRxMessage  stm32f4xx_hal_can.o
    0x080031c8   0x080031c8   0x0000024e   Code   RO         1887    i.HAL_CAN_IRQHandler  stm32f4xx_hal_can.o
    0x08003416   0x08003416   0x00000174   Code   RO         1888    i.HAL_CAN_Init      stm32f4xx_hal_can.o
    0x0800358a   0x0800358a   0x00000002   PAD
    0x0800358c   0x0800358c   0x000000a8   Code   RO         1520    i.HAL_CAN_MspInit   can.o
    0x08003634   0x08003634   0x00000002   Code   RO         1895    i.HAL_CAN_RxFifo0FullCallback  stm32f4xx_hal_can.o
    0x08003636   0x08003636   0x00000002   PAD
    0x08003638   0x08003638   0x00000064   Code   RO          615    i.HAL_CAN_RxFifo0MsgPendingCallback  bsp_can.o
    0x0800369c   0x0800369c   0x00000002   Code   RO         1897    i.HAL_CAN_RxFifo1FullCallback  stm32f4xx_hal_can.o
    0x0800369e   0x0800369e   0x00000002   Code   RO         1898    i.HAL_CAN_RxFifo1MsgPendingCallback  stm32f4xx_hal_can.o
    0x080036a0   0x080036a0   0x00000002   Code   RO         1899    i.HAL_CAN_SleepCallback  stm32f4xx_hal_can.o
    0x080036a2   0x080036a2   0x0000005e   Code   RO         1900    i.HAL_CAN_Start     stm32f4xx_hal_can.o
    0x08003700   0x08003700   0x00000002   Code   RO         1902    i.HAL_CAN_TxMailbox0AbortCallback  stm32f4xx_hal_can.o
    0x08003702   0x08003702   0x00000002   Code   RO         1903    i.HAL_CAN_TxMailbox0CompleteCallback  stm32f4xx_hal_can.o
    0x08003704   0x08003704   0x00000002   Code   RO         1904    i.HAL_CAN_TxMailbox1AbortCallback  stm32f4xx_hal_can.o
    0x08003706   0x08003706   0x00000002   Code   RO         1905    i.HAL_CAN_TxMailbox1CompleteCallback  stm32f4xx_hal_can.o
    0x08003708   0x08003708   0x00000002   Code   RO         1906    i.HAL_CAN_TxMailbox2AbortCallback  stm32f4xx_hal_can.o
    0x0800370a   0x0800370a   0x00000002   Code   RO         1907    i.HAL_CAN_TxMailbox2CompleteCallback  stm32f4xx_hal_can.o
    0x0800370c   0x0800370c   0x00000002   Code   RO         1909    i.HAL_CAN_WakeUpFromRxMsgCallback  stm32f4xx_hal_can.o
    0x0800370e   0x0800370e   0x000000ac   Code   RO         2615    i.HAL_DMA_Abort     stm32f4xx_hal_dma.o
    0x080037ba   0x080037ba   0x00000028   Code   RO         2616    i.HAL_DMA_Abort_IT  stm32f4xx_hal_dma.o
    0x080037e2   0x080037e2   0x00000002   PAD
    0x080037e4   0x080037e4   0x00000240   Code   RO         2620    i.HAL_DMA_IRQHandler  stm32f4xx_hal_dma.o
    0x08003a24   0x08003a24   0x000000ec   Code   RO         2621    i.HAL_DMA_Init      stm32f4xx_hal_dma.o
    0x08003b10   0x08003b10   0x00000092   Code   RO         2625    i.HAL_DMA_Start_IT  stm32f4xx_hal_dma.o
    0x08003ba2   0x08003ba2   0x00000002   PAD
    0x08003ba4   0x08003ba4   0x000000ac   Code   RO         2394    i.HAL_FLASHEx_Erase  stm32f4xx_hal_flash_ex.o
    0x08003c50   0x08003c50   0x00000014   Code   RO         2273    i.HAL_FLASH_Lock    stm32f4xx_hal_flash.o
    0x08003c64   0x08003c64   0x00000098   Code   RO         2278    i.HAL_FLASH_Program  stm32f4xx_hal_flash.o
    0x08003cfc   0x08003cfc   0x00000034   Code   RO         2280    i.HAL_FLASH_Unlock  stm32f4xx_hal_flash.o
    0x08003d30   0x08003d30   0x000000fc   Code   RO           15    i.HAL_GPIO_EXTI_Callback  ins_task.o
    0x08003e2c   0x08003e2c   0x0000001c   Code   RO         2507    i.HAL_GPIO_EXTI_IRQHandler  stm32f4xx_hal_gpio.o
    0x08003e48   0x08003e48   0x000001f4   Code   RO         2508    i.HAL_GPIO_Init     stm32f4xx_hal_gpio.o
    0x0800403c   0x0800403c   0x00000010   Code   RO         2510    i.HAL_GPIO_ReadPin  stm32f4xx_hal_gpio.o
    0x0800404c   0x0800404c   0x0000000c   Code   RO         2512    i.HAL_GPIO_WritePin  stm32f4xx_hal_gpio.o
    0x08004058   0x08004058   0x0000000c   Code   RO         3045    i.HAL_GetTick       stm32f4xx_hal.o
    0x08004064   0x08004064   0x000001d0   Code   RO         3301    i.HAL_I2C_Init      stm32f4xx_hal_i2c.o
    0x08004234   0x08004234   0x000002f4   Code   RO         3319    i.HAL_I2C_Mem_Read  stm32f4xx_hal_i2c.o
    0x08004528   0x08004528   0x00000164   Code   RO         3322    i.HAL_I2C_Mem_Write  stm32f4xx_hal_i2c.o
    0x0800468c   0x0800468c   0x000000c8   Code   RO         1586    i.HAL_I2C_MspInit   i2c.o
    0x08004754   0x08004754   0x00000018   Code   RO         3051    i.HAL_IncTick       stm32f4xx_hal.o
    0x0800476c   0x0800476c   0x0000003c   Code   RO         3052    i.HAL_Init          stm32f4xx_hal.o
    0x080047a8   0x080047a8   0x000000b4   Code   RO         1835    i.HAL_InitTick      stm32f4xx_hal_timebase_tim.o
    0x0800485c   0x0800485c   0x00000054   Code   RO         1811    i.HAL_MspInit       stm32f4xx_hal_msp.o
    0x080048b0   0x080048b0   0x00000020   Code   RO         2897    i.HAL_NVIC_EnableIRQ  stm32f4xx_hal_cortex.o
    0x080048d0   0x080048d0   0x0000007c   Code   RO         2903    i.HAL_NVIC_SetPriority  stm32f4xx_hal_cortex.o
    0x0800494c   0x0800494c   0x00000028   Code   RO         2904    i.HAL_NVIC_SetPriorityGrouping  stm32f4xx_hal_cortex.o
    0x08004974   0x08004974   0x00000184   Code   RO         2109    i.HAL_RCC_ClockConfig  stm32f4xx_hal_rcc.o
    0x08004af8   0x08004af8   0x00000044   Code   RO         2113    i.HAL_RCC_GetClockConfig  stm32f4xx_hal_rcc.o
    0x08004b3c   0x08004b3c   0x0000000c   Code   RO         2114    i.HAL_RCC_GetHCLKFreq  stm32f4xx_hal_rcc.o
    0x08004b48   0x08004b48   0x00000020   Code   RO         2116    i.HAL_RCC_GetPCLK1Freq  stm32f4xx_hal_rcc.o
    0x08004b68   0x08004b68   0x00000020   Code   RO         2117    i.HAL_RCC_GetPCLK2Freq  stm32f4xx_hal_rcc.o
    0x08004b88   0x08004b88   0x000000b0   Code   RO         2118    i.HAL_RCC_GetSysClockFreq  stm32f4xx_hal_rcc.o
    0x08004c38   0x08004c38   0x0000049c   Code   RO         2121    i.HAL_RCC_OscConfig  stm32f4xx_hal_rcc.o
    0x080050d4   0x080050d4   0x000000c8   Code   RO         3791    i.HAL_SPI_Init      stm32f4xx_hal_spi.o
    0x0800519c   0x0800519c   0x00000118   Code   RO         1628    i.HAL_SPI_MspInit   spi.o
    0x080052b4   0x080052b4   0x0000022a   Code   RO         3800    i.HAL_SPI_TransmitReceive  stm32f4xx_hal_spi.o
    0x080054de   0x080054de   0x00000002   Code   RO         4819    i.HAL_TIMEx_BreakCallback  stm32f4xx_hal_tim_ex.o
    0x080054e0   0x080054e0   0x00000002   Code   RO         4820    i.HAL_TIMEx_CommutCallback  stm32f4xx_hal_tim_ex.o
    0x080054e2   0x080054e2   0x00000066   Code   RO         4104    i.HAL_TIM_Base_Init  stm32f4xx_hal_tim.o
    0x08005548   0x08005548   0x00000002   Code   RO         4106    i.HAL_TIM_Base_MspInit  stm32f4xx_hal_tim.o
    0x0800554a   0x0800554a   0x00000002   PAD
    0x0800554c   0x0800554c   0x000000a8   Code   RO         4109    i.HAL_TIM_Base_Start_IT  stm32f4xx_hal_tim.o
    0x080055f4   0x080055f4   0x00000002   Code   RO         4138    i.HAL_TIM_IC_CaptureCallback  stm32f4xx_hal_tim.o
    0x080055f6   0x080055f6   0x00000196   Code   RO         4152    i.HAL_TIM_IRQHandler  stm32f4xx_hal_tim.o
    0x0800578c   0x0800578c   0x00000002   Code   RO         4155    i.HAL_TIM_OC_DelayElapsedCallback  stm32f4xx_hal_tim.o
    0x0800578e   0x0800578e   0x00000002   Code   RO         4182    i.HAL_TIM_PWM_PulseFinishedCallback  stm32f4xx_hal_tim.o
    0x08005790   0x08005790   0x00000012   Code   RO         1386    i.HAL_TIM_PeriodElapsedCallback  main.o
    0x080057a2   0x080057a2   0x00000002   Code   RO         4195    i.HAL_TIM_TriggerCallback  stm32f4xx_hal_tim.o
    0x080057a4   0x080057a4   0x00000002   Code   RO         5097    i.HAL_UARTEx_RxEventCallback  stm32f4xx_hal_uart.o
    0x080057a6   0x080057a6   0x00000002   Code   RO         5111    i.HAL_UART_ErrorCallback  stm32f4xx_hal_uart.o
    0x080057a8   0x080057a8   0x000002e0   Code   RO         5114    i.HAL_UART_IRQHandler  stm32f4xx_hal_uart.o
    0x08005a88   0x08005a88   0x00000072   Code   RO         5115    i.HAL_UART_Init     stm32f4xx_hal_uart.o
    0x08005afa   0x08005afa   0x00000002   PAD
    0x08005afc   0x08005afc   0x000000e4   Code   RO         1670    i.HAL_UART_MspInit  usart.o
    0x08005be0   0x08005be0   0x00000002   Code   RO         5121    i.HAL_UART_RxCpltCallback  stm32f4xx_hal_uart.o
    0x08005be2   0x08005be2   0x00000002   PAD
    0x08005be4   0x08005be4   0x000000ac   Code   RO         5124    i.HAL_UART_Transmit_DMA  stm32f4xx_hal_uart.o
    0x08005c90   0x08005c90   0x00000002   Code   RO         5126    i.HAL_UART_TxCpltCallback  stm32f4xx_hal_uart.o
    0x08005c92   0x08005c92   0x00000002   Code   RO         5127    i.HAL_UART_TxHalfCpltCallback  stm32f4xx_hal_uart.o
    0x08005c94   0x08005c94   0x00000004   Code   RO         1718    i.HardFault_Handler  stm32f4xx_it.o
    0x08005c98   0x08005c98   0x0000003e   Code   RO         3344    i.I2C_IsAcknowledgeFailed  stm32f4xx_hal_i2c.o
    0x08005cd6   0x08005cd6   0x00000002   PAD
    0x08005cd8   0x08005cd8   0x00000160   Code   RO         3355    i.I2C_RequestMemoryRead  stm32f4xx_hal_i2c.o
    0x08005e38   0x08005e38   0x000000e0   Code   RO         3356    i.I2C_RequestMemoryWrite  stm32f4xx_hal_i2c.o
    0x08005f18   0x08005f18   0x0000005c   Code   RO         3364    i.I2C_WaitOnBTFFlagUntilTimeout  stm32f4xx_hal_i2c.o
    0x08005f74   0x08005f74   0x00000086   Code   RO         3365    i.I2C_WaitOnFlagUntilTimeout  stm32f4xx_hal_i2c.o
    0x08005ffa   0x08005ffa   0x000000c4   Code   RO         3366    i.I2C_WaitOnMasterAddressFlagUntilTimeout  stm32f4xx_hal_i2c.o
    0x080060be   0x080060be   0x00000080   Code   RO         3367    i.I2C_WaitOnRXNEFlagUntilTimeout  stm32f4xx_hal_i2c.o
    0x0800613e   0x0800613e   0x0000005c   Code   RO         3370    i.I2C_WaitOnTXEFlagUntilTimeout  stm32f4xx_hal_i2c.o
    0x0800619a   0x0800619a   0x0000000a   Code   RO         1282    i.I2C_getRawCount   magneticsensor.o
    0x080061a4   0x080061a4   0x00000240   Code   RO           16    i.INS_task          ins_task.o
    0x080063e4   0x080063e4   0x00000044   Code   RO         1521    i.MX_CAN1_Init      can.o
    0x08006428   0x08006428   0x00000058   Code   RO         1561    i.MX_DMA_Init       dma.o
    0x08006480   0x08006480   0x00000060   Code   RO         1462    i.MX_FREERTOS_Init  freertos.o
    0x080064e0   0x080064e0   0x0000015c   Code   RO         1438    i.MX_GPIO_Init      gpio.o
    0x0800663c   0x0800663c   0x0000003c   Code   RO         1587    i.MX_I2C3_Init      i2c.o
    0x08006678   0x08006678   0x00000048   Code   RO         1629    i.MX_SPI1_Init      spi.o
    0x080066c0   0x080066c0   0x00000038   Code   RO         1671    i.MX_USART1_UART_Init  usart.o
    0x080066f8   0x080066f8   0x00000040   Code   RO         1283    i.MagneticSensor_Init  magneticsensor.o
    0x08006738   0x08006738   0x000005ac   Code   RO          756    i.MahonyAHRSupdate  mahonyahrs.o
    0x08006ce4   0x08006ce4   0x000002fc   Code   RO          757    i.MahonyAHRSupdateIMU  mahonyahrs.o
    0x08006fe0   0x08006fe0   0x00000004   Code   RO         1719    i.MemManage_Handler  stm32f4xx_it.o
    0x08006fe4   0x08006fe4   0x00000004   Code   RO         1720    i.NMI_Handler       stm32f4xx_it.o
    0x08006fe8   0x08006fe8   0x0000006c   Code   RO         3829    i.SPI_EndRxTxTransaction  stm32f4xx_hal_spi.o
    0x08007054   0x08007054   0x000000d8   Code   RO         3834    i.SPI_WaitFlagStateUntilTimeout  stm32f4xx_hal_spi.o
    0x0800712c   0x0800712c   0x00000108   Code   RO          262    i.SendTask          rm_send_task.o
    0x08007234   0x08007234   0x0000000c   Code   RO         1464    i.StartDefaultTask  freertos.o
    0x08007240   0x08007240   0x0000002c   Code   RO         6951    i.SysTick_Handler   port.o
    0x0800726c   0x0800726c   0x000000b4   Code   RO         1387    i.SystemClock_Config  main.o
    0x08007320   0x08007320   0x00000014   Code   RO         5454    i.SystemInit        system_stm32f4xx.o
    0x08007334   0x08007334   0x00000010   Code   RO         1721    i.TIM2_IRQHandler   stm32f4xx_it.o
    0x08007344   0x08007344   0x000000d8   Code   RO         4197    i.TIM_Base_SetConfig  stm32f4xx_hal_tim.o
    0x0800741c   0x0800741c   0x00000014   Code   RO         5128    i.UART_DMAAbortOnError  stm32f4xx_hal_uart.o
    0x08007430   0x08007430   0x00000050   Code   RO         5129    i.UART_DMAError     stm32f4xx_hal_uart.o
    0x08007480   0x08007480   0x00000058   Code   RO         5134    i.UART_DMATransmitCplt  stm32f4xx_hal_uart.o
    0x080074d8   0x080074d8   0x0000000e   Code   RO         5136    i.UART_DMATxHalfCplt  stm32f4xx_hal_uart.o
    0x080074e6   0x080074e6   0x0000006c   Code   RO         5138    i.UART_EndRxTransfer  stm32f4xx_hal_uart.o
    0x08007552   0x08007552   0x00000020   Code   RO         5139    i.UART_EndTransmit_IT  stm32f4xx_hal_uart.o
    0x08007572   0x08007572   0x00000026   Code   RO         5140    i.UART_EndTxTransfer  stm32f4xx_hal_uart.o
    0x08007598   0x08007598   0x000000f8   Code   RO         5141    i.UART_Receive_IT   stm32f4xx_hal_uart.o
    0x08007690   0x08007690   0x0000022c   Code   RO         5142    i.UART_SetConfig    stm32f4xx_hal_uart.o
    0x080078bc   0x080078bc   0x00000060   Code   RO         5145    i.UART_Transmit_IT  stm32f4xx_hal_uart.o
    0x0800791c   0x0800791c   0x00000010   Code   RO         1722    i.USART1_IRQHandler  stm32f4xx_it.o
    0x0800792c   0x0800792c   0x00000004   Code   RO         1723    i.UsageFault_Handler  stm32f4xx_it.o
    0x08007930   0x08007930   0x00000030   Code   RO         7394    i.__ARM_fpclassify  m_wm.l(fpclassify.o)
    0x08007960   0x08007960   0x00000026   Code   RO         7282    i.__ARM_fpclassifyf  m_wm.l(fpclassifyf.o)
    0x08007986   0x08007986   0x00000002   PAD
    0x08007988   0x08007988   0x00000010   Code   RO         2910    i.__NVIC_GetPriorityGrouping  stm32f4xx_hal_cortex.o
    0x08007998   0x08007998   0x00000028   Code   RO         2911    i.__NVIC_SetPriority  stm32f4xx_hal_cortex.o
    0x080079c0   0x080079c0   0x0000012c   Code   RO         7079    i.__hardfp_asinf    m_wm.l(asinf.o)
    0x08007aec   0x08007aec   0x000002ac   Code   RO         7091    i.__hardfp_atan2f   m_wm.l(atan2f.o)
    0x08007d98   0x08007d98   0x00000014   Code   RO         7103    i.__hardfp_fabs     m_wm.l(fabs.o)
    0x08007dac   0x08007dac   0x0000007a   Code   RO         7121    i.__hardfp_sqrt     m_wm.l(sqrt.o)
    0x08007e26   0x08007e26   0x0000003a   Code   RO         7133    i.__hardfp_sqrtf    m_wm.l(sqrtf.o)
    0x08007e60   0x08007e60   0x00000006   Code   RO         7285    i.__mathlib_flt_infnan  m_wm.l(funder.o)
    0x08007e66   0x08007e66   0x00000006   Code   RO         7286    i.__mathlib_flt_infnan2  m_wm.l(funder.o)
    0x08007e6c   0x08007e6c   0x00000010   Code   RO         7287    i.__mathlib_flt_invalid  m_wm.l(funder.o)
    0x08007e7c   0x08007e7c   0x00000010   Code   RO         7290    i.__mathlib_flt_underflow  m_wm.l(funder.o)
    0x08007e8c   0x08007e8c   0x0000000e   Code   RO         7210    i._is_digit         c_w.l(__printf_wp.o)
    0x08007e9a   0x08007e9a   0x00000002   PAD
    0x08007e9c   0x08007e9c   0x00000160   Code   RO          924    i.bmi088_accel_init  bmi088driver.o
    0x08007ffc   0x08007ffc   0x0000037c   Code   RO          925    i.bmi088_accel_self_test  bmi088driver.o
    0x08008378   0x08008378   0x000000f4   Code   RO          926    i.bmi088_gyro_init  bmi088driver.o
    0x0800846c   0x0800846c   0x000000d0   Code   RO          927    i.bmi088_gyro_self_test  bmi088driver.o
    0x0800853c   0x0800853c   0x00000050   Code   RO          418    i.delay_us          bsp_delay.o
    0x0800858c   0x0800858c   0x00000150   Code   RO         1285    i.getAngle          magneticsensor.o
    0x080086dc   0x080086dc   0x000000dc   Code   RO           17    i.get_angle         ins_task.o
    0x080087b8   0x080087b8   0x00000050   Code   RO         1286    i.iic_ack           magneticsensor.o
    0x08008808   0x08008808   0x0000000c   Code   RO         1287    i.iic_delay         magneticsensor.o
    0x08008814   0x08008814   0x00000040   Code   RO         1288    i.iic_nack          magneticsensor.o
    0x08008854   0x08008854   0x0000005c   Code   RO         1289    i.iic_read_byte     magneticsensor.o
    0x080088b0   0x080088b0   0x0000006c   Code   RO         1290    i.iic_send_byte     magneticsensor.o
    0x0800891c   0x0800891c   0x0000004c   Code   RO         1291    i.iic_start         magneticsensor.o
    0x08008968   0x08008968   0x00000040   Code   RO         1292    i.iic_stop          magneticsensor.o
    0x080089a8   0x080089a8   0x00000064   Code   RO         1293    i.iic_wait_ack      magneticsensor.o
    0x08008a0c   0x08008a0c   0x0000003c   Code   RO          758    i.invSqrt           mahonyahrs.o
    0x08008a48   0x08008a48   0x00000002   Code   RO         1202    i.ist8310_GPIO_init  ist8310driver_middleware.o
    0x08008a4a   0x08008a4a   0x00000002   PAD
    0x08008a4c   0x08008a4c   0x00000024   Code   RO         1203    i.ist8310_IIC_read_muli_reg  ist8310driver_middleware.o
    0x08008a70   0x08008a70   0x00000028   Code   RO         1204    i.ist8310_IIC_read_single_reg  ist8310driver_middleware.o
    0x08008a98   0x08008a98   0x00000028   Code   RO         1206    i.ist8310_IIC_write_single_reg  ist8310driver_middleware.o
    0x08008ac0   0x08008ac0   0x00000014   Code   RO         1207    i.ist8310_RST_H     ist8310driver_middleware.o
    0x08008ad4   0x08008ad4   0x00000014   Code   RO         1208    i.ist8310_RST_L     ist8310driver_middleware.o
    0x08008ae8   0x08008ae8   0x00000002   Code   RO         1209    i.ist8310_com_init  ist8310driver_middleware.o
    0x08008aea   0x08008aea   0x0000000c   Code   RO         1210    i.ist8310_delay_ms  ist8310driver_middleware.o
    0x08008af6   0x08008af6   0x00000002   PAD
    0x08008af8   0x08008af8   0x00000094   Code   RO         1153    i.ist8310_init      ist8310driver.o
    0x08008b8c   0x08008b8c   0x00000154   Code   RO         1154    i.ist8310_mag_cal   ist8310driver.o
    0x08008ce0   0x08008ce0   0x00000174   Code   RO         1155    i.ist8310_mag_collect  ist8310driver.o
    0x08008e54   0x08008e54   0x00000080   Code   RO         1156    i.ist8310_read_mag  ist8310driver.o
    0x08008ed4   0x08008ed4   0x0000002c   Code   RO         1388    i.main              main.o
    0x08008f00   0x08008f00   0x0000000c   Code   RO         6516    i.makeFreeRtosPriority  cmsis_os.o
    0x08008f0c   0x08008f0c   0x00000010   Code   RO         6518    i.osDelay           cmsis_os.o
    0x08008f1c   0x08008f1c   0x0000000a   Code   RO         6521    i.osKernelStart     cmsis_os.o
    0x08008f26   0x08008f26   0x0000005c   Code   RO         6555    i.osThreadCreate    cmsis_os.o
    0x08008f82   0x08008f82   0x00000002   PAD
    0x08008f84   0x08008f84   0x00000024   Code   RO         5983    i.pcTaskGetName     tasks.o
    0x08008fa8   0x08008fa8   0x00000080   Code   RO         5984    i.prvAddCurrentTaskToDelayedList  tasks.o
    0x08009028   0x08009028   0x00000088   Code   RO         5985    i.prvAddNewTaskToReadyList  tasks.o
    0x080090b0   0x080090b0   0x0000005c   Code   RO         6348    i.prvCheckForValidListAndQueue  timers.o
    0x0800910c   0x0800910c   0x00000040   Code   RO         5986    i.prvCheckTasksWaitingTermination  tasks.o
    0x0800914c   0x0800914c   0x00000024   Code   RO         5631    i.prvCopyDataFromQueue  queue.o
    0x08009170   0x08009170   0x0000006e   Code   RO         5632    i.prvCopyDataToQueue  queue.o
    0x080091de   0x080091de   0x00000040   Code   RO         5987    i.prvDeleteTCB      tasks.o
    0x0800921e   0x0800921e   0x00000002   PAD
    0x08009220   0x08009220   0x00000024   Code   RO         6349    i.prvGetNextExpireTime  timers.o
    0x08009244   0x08009244   0x00000050   Code   RO         6895    i.prvHeapInit       heap_4.o
    0x08009294   0x08009294   0x00000028   Code   RO         5988    i.prvIdleTask       tasks.o
    0x080092bc   0x080092bc   0x00000018   Code   RO         5635    i.prvInitialiseNewQueue  queue.o
    0x080092d4   0x080092d4   0x00000098   Code   RO         5989    i.prvInitialiseNewTask  tasks.o
    0x0800936c   0x0800936c   0x00000060   Code   RO         5990    i.prvInitialiseTaskLists  tasks.o
    0x080093cc   0x080093cc   0x0000005c   Code   RO         6896    i.prvInsertBlockIntoFreeList  heap_4.o
    0x08009428   0x08009428   0x00000048   Code   RO         6351    i.prvInsertTimerInActiveList  timers.o
    0x08009470   0x08009470   0x0000001a   Code   RO         5636    i.prvIsQueueEmpty   queue.o
    0x0800948a   0x0800948a   0x0000001e   Code   RO         5637    i.prvIsQueueFull    queue.o
    0x080094a8   0x080094a8   0x00000068   Code   RO         6352    i.prvProcessExpiredTimer  timers.o
    0x08009510   0x08009510   0x00000110   Code   RO         6353    i.prvProcessReceivedCommands  timers.o
    0x08009620   0x08009620   0x0000006c   Code   RO         6354    i.prvProcessTimerOrBlockTask  timers.o
    0x0800968c   0x0800968c   0x00000024   Code   RO         5991    i.prvResetNextTaskUnblockTime  tasks.o
    0x080096b0   0x080096b0   0x0000002c   Code   RO         6355    i.prvSampleTimeNow  timers.o
    0x080096dc   0x080096dc   0x0000006e   Code   RO         5992    i.prvSearchForNameWithinSingleList  tasks.o
    0x0800974a   0x0800974a   0x00000002   PAD
    0x0800974c   0x0800974c   0x00000078   Code   RO         6356    i.prvSwitchTimerLists  timers.o
    0x080097c4   0x080097c4   0x00000030   Code   RO         6952    i.prvTaskExitError  port.o
    0x080097f4   0x080097f4   0x00000014   Code   RO         6357    i.prvTimerTask      timers.o
    0x08009808   0x08009808   0x00000068   Code   RO         5638    i.prvUnlockQueue    queue.o
    0x08009870   0x08009870   0x000000e8   Code   RO         6897    i.pvPortMalloc      heap_4.o
    0x08009958   0x08009958   0x0000002c   Code   RO         6953    i.pxPortInitialiseStack  port.o
    0x08009984   0x08009984   0x0000003e   Code   RO         7135    i.sqrtf             m_wm.l(sqrtf.o)
    0x080099c2   0x080099c2   0x00000002   PAD
    0x080099c4   0x080099c4   0x00000048   Code   RO          563    i.uart_dma_printf   bsp_uart.o
    0x08009a0c   0x08009a0c   0x00000068   Code   RO         5996    i.ulTaskNotifyTake  tasks.o
    0x08009a74   0x08009a74   0x00000026   Code   RO         5591    i.uxListRemove      list.o
    0x08009a9a   0x08009a9a   0x00000002   PAD
    0x08009a9c   0x08009a9c   0x00000018   Code   RO         1465    i.vApplicationGetIdleTaskMemory  freertos.o
    0x08009ab4   0x08009ab4   0x00000018   Code   RO         1466    i.vApplicationGetTimerTaskMemory  freertos.o
    0x08009acc   0x08009acc   0x00000016   Code   RO         5592    i.vListInitialise   list.o
    0x08009ae2   0x08009ae2   0x00000006   Code   RO         5593    i.vListInitialiseItem  list.o
    0x08009ae8   0x08009ae8   0x00000036   Code   RO         5594    i.vListInsert       list.o
    0x08009b1e   0x08009b1e   0x00000018   Code   RO         5595    i.vListInsertEnd    list.o
    0x08009b36   0x08009b36   0x00000002   PAD
    0x08009b38   0x08009b38   0x00000040   Code   RO         6955    i.vPortEnterCritical  port.o
    0x08009b78   0x08009b78   0x0000002c   Code   RO         6956    i.vPortExitCritical  port.o
    0x08009ba4   0x08009ba4   0x00000064   Code   RO         6898    i.vPortFree         heap_4.o
    0x08009c08   0x08009c08   0x00000024   Code   RO         6957    i.vPortSetupTimerInterrupt  port.o
    0x08009c2c   0x08009c2c   0x00000054   Code   RO         6958    i.vPortValidateInterruptPriority  port.o
    0x08009c80   0x08009c80   0x00000028   Code   RO         5642    i.vQueueAddToRegistry  queue.o
    0x08009ca8   0x08009ca8   0x0000004a   Code   RO         5645    i.vQueueWaitForMessageRestricted  queue.o
    0x08009cf2   0x08009cf2   0x00000002   PAD
    0x08009cf4   0x08009cf4   0x00000050   Code   RO         6003    i.vTaskDelay        tasks.o
    0x08009d44   0x08009d44   0x00000010   Code   RO         6007    i.vTaskInternalSetTimeOutState  tasks.o
    0x08009d54   0x08009d54   0x0000000c   Code   RO         6008    i.vTaskMissedYield  tasks.o
    0x08009d60   0x08009d60   0x000000bc   Code   RO         6009    i.vTaskNotifyGiveFromISR  tasks.o
    0x08009e1c   0x08009e1c   0x00000034   Code   RO         6010    i.vTaskPlaceOnEventList  tasks.o
    0x08009e50   0x08009e50   0x0000003c   Code   RO         6011    i.vTaskPlaceOnEventListRestricted  tasks.o
    0x08009e8c   0x08009e8c   0x00000090   Code   RO         6018    i.vTaskStartScheduler  tasks.o
    0x08009f1c   0x08009f1c   0x00000010   Code   RO         6020    i.vTaskSuspendAll   tasks.o
    0x08009f2c   0x08009f2c   0x00000060   Code   RO         6021    i.vTaskSwitchContext  tasks.o
    0x08009f8c   0x08009f8c   0x00000104   Code   RO         6959    i.xPortStartScheduler  port.o
    0x0800a090   0x0800a090   0x00000070   Code   RO         5649    i.xQueueGenericCreateStatic  queue.o
    0x0800a100   0x0800a100   0x00000090   Code   RO         5650    i.xQueueGenericReset  queue.o
    0x0800a190   0x0800a190   0x00000170   Code   RO         5651    i.xQueueGenericSend  queue.o
    0x0800a300   0x0800a300   0x000000be   Code   RO         5652    i.xQueueGenericSendFromISR  queue.o
    0x0800a3be   0x0800a3be   0x00000002   PAD
    0x0800a3c0   0x0800a3c0   0x00000148   Code   RO         5660    i.xQueueReceive     queue.o
    0x0800a508   0x0800a508   0x00000098   Code   RO         6024    i.xTaskCheckForTimeOut  tasks.o
    0x0800a5a0   0x0800a5a0   0x0000006c   Code   RO         6025    i.xTaskCreate       tasks.o
    0x0800a60c   0x0800a60c   0x00000060   Code   RO         6026    i.xTaskCreateStatic  tasks.o
    0x0800a66c   0x0800a66c   0x0000008c   Code   RO         6030    i.xTaskGetHandle    tasks.o
    0x0800a6f8   0x0800a6f8   0x0000001c   Code   RO         6031    i.xTaskGetSchedulerState  tasks.o
    0x0800a714   0x0800a714   0x0000000c   Code   RO         6032    i.xTaskGetTickCount  tasks.o
    0x0800a720   0x0800a720   0x000000d4   Code   RO         6034    i.xTaskIncrementTick  tasks.o
    0x0800a7f4   0x0800a7f4   0x0000009c   Code   RO         6037    i.xTaskPriorityDisinherit  tasks.o
    0x0800a890   0x0800a890   0x00000078   Code   RO         6039    i.xTaskRemoveFromEventList  tasks.o
    0x0800a908   0x0800a908   0x000000cc   Code   RO         6040    i.xTaskResumeAll    tasks.o
    0x0800a9d4   0x0800a9d4   0x00000068   Code   RO         6364    i.xTimerCreateTimerTask  timers.o
    0x0800aa3c   0x0800aa3c   0x00000074   Code   RO         6365    i.xTimerGenericCommand  timers.o
    0x0800aab0   0x0800aab0   0x0000002c   Code   RO         7378    locale$$code        c_w.l(lc_numeric_c.o)
    0x0800aadc   0x0800aadc   0x0000002c   Code   RO         7401    locale$$code        c_w.l(lc_ctype_c.o)
    0x0800ab08   0x0800ab08   0x00000062   Code   RO         7049    x$fpl$d2f           fz_wm.l(d2f.o)
    0x0800ab6a   0x0800ab6a   0x00000002   PAD
    0x0800ab6c   0x0800ab6c   0x00000150   Code   RO         7051    x$fpl$dadd          fz_wm.l(daddsub_clz.o)
    0x0800acbc   0x0800acbc   0x00000018   Code   RO         7245    x$fpl$dcmpinf       fz_wm.l(dcmpi.o)
    0x0800acd4   0x0800acd4   0x000002b0   Code   RO         7058    x$fpl$ddiv          fz_wm.l(ddiv.o)
    0x0800af84   0x0800af84   0x0000002e   Code   RO         7066    x$fpl$dflt          fz_wm.l(dflt_clz.o)
    0x0800afb2   0x0800afb2   0x00000002   PAD
    0x0800afb4   0x0800afb4   0x00000078   Code   RO         7071    x$fpl$dleqf         fz_wm.l(dleqf.o)
    0x0800b02c   0x0800b02c   0x00000154   Code   RO         7073    x$fpl$dmul          fz_wm.l(dmul.o)
    0x0800b180   0x0800b180   0x0000009c   Code   RO         7247    x$fpl$dnaninf       fz_wm.l(dnaninf.o)
    0x0800b21c   0x0800b21c   0x0000000c   Code   RO         7251    x$fpl$dretinf       fz_wm.l(dretinf.o)
    0x0800b228   0x0800b228   0x0000006c   Code   RO         7075    x$fpl$drleqf        fz_wm.l(drleqf.o)
    0x0800b294   0x0800b294   0x00000198   Code   RO         7253    x$fpl$dsqrt         fz_wm.l(dsqrt_umaal.o)
    0x0800b42c   0x0800b42c   0x000001d4   Code   RO         7053    x$fpl$dsub          fz_wm.l(daddsub_clz.o)
    0x0800b600   0x0800b600   0x00000056   Code   RO         7077    x$fpl$f2d           fz_wm.l(f2d.o)
    0x0800b656   0x0800b656   0x0000008c   Code   RO         7255    x$fpl$fnaninf       fz_wm.l(fnaninf.o)
    0x0800b6e2   0x0800b6e2   0x0000000a   Code   RO         7469    x$fpl$fpinit        fz_wm.l(fpinit.o)
    0x0800b6ec   0x0800b6ec   0x0000000a   Code   RO         7257    x$fpl$fretinf       fz_wm.l(fretinf.o)
    0x0800b6f6   0x0800b6f6   0x00000004   Code   RO         7259    x$fpl$printf1       fz_wm.l(printf1.o)
    0x0800b6fa   0x0800b6fa   0x00000004   Code   RO         7261    x$fpl$printf2       fz_wm.l(printf2.o)
    0x0800b6fe   0x0800b6fe   0x00000000   Code   RO         7267    x$fpl$usenofp       fz_wm.l(usenofp.o)
    0x0800b6fe   0x0800b6fe   0x00000002   PAD
    0x0800b700   0x0800b700   0x0000001a   Data   RO          933    .constdata          bmi088driver.o
    0x0800b71a   0x0800b71a   0x0000000c   Data   RO         1158    .constdata          ist8310driver.o
    0x0800b726   0x0800b726   0x00000002   PAD
    0x0800b728   0x0800b728   0x00000054   Data   RO         1468    .constdata          freertos.o
    0x0800b77c   0x0800b77c   0x00000008   Data   RO         2627    .constdata          stm32f4xx_hal_dma.o
    0x0800b784   0x0800b784   0x00000018   Data   RO         5455    .constdata          system_stm32f4xx.o
    0x0800b79c   0x0800b79c   0x00000008   Data   RO         7169    .constdata          c_w.l(_printf_wctomb.o)
    0x0800b7a4   0x0800b7a4   0x00000028   Data   RO         7198    .constdata          c_w.l(_printf_hex_int_ll_ptr.o)
    0x0800b7cc   0x0800b7cc   0x00000011   Data   RO         7218    .constdata          c_w.l(__printf_flags_ss_wp.o)
    0x0800b7dd   0x0800b7dd   0x00000026   Data   RO         7327    .constdata          c_w.l(_printf_fp_hex.o)
    0x0800b803   0x0800b803   0x00000001   PAD
    0x0800b804   0x0800b804   0x00000094   Data   RO         7353    .constdata          c_w.l(bigflt0.o)
    0x0800b898   0x0800b898   0x00000020   Data   RO         1469    .conststring        freertos.o
    0x0800b8b8   0x0800b8b8   0x00000020   Data   RO         7527    Region$$Table       anon$$obj.o
    0x0800b8d8   0x0800b8d8   0x0000001c   Data   RO         7377    locale$$data        c_w.l(lc_numeric_c.o)
    0x0800b8f4   0x0800b8f4   0x00000110   Data   RO         7400    locale$$data        c_w.l(lc_ctype_c.o)


    Execution Region RW_IRAM1 (Exec base: 0x20000000, Load base: 0x0800ba04, Size: 0x0000ce90, Max: 0x0001c000, ABSOLUTE, COMPRESSED[0x0000007c])

    Exec Addr    Load Addr    Size         Type   Attr      Idx    E Section Name        Object

    0x20000000   COMPRESSED   0x0000004c   Data   RW           19    .data               ins_task.o
    0x2000004c   COMPRESSED   0x0000000d   Data   RW          263    .data               rm_send_task.o
    0x20000059   COMPRESSED   0x00000003   PAD
    0x2000005c   COMPRESSED   0x00000008   Data   RW          419    .data               bsp_delay.o
    0x20000064   COMPRESSED   0x00000006   Data   RW          565    .data               bsp_uart.o
    0x2000006a   COMPRESSED   0x00000002   PAD
    0x2000006c   COMPRESSED   0x00000009   Data   RW          618    .data               bsp_can.o
    0x20000075   COMPRESSED   0x00000003   PAD
    0x20000078   COMPRESSED   0x00000014   Data   RW          759    .data               mahonyahrs.o
    0x2000008c   COMPRESSED   0x00000040   Data   RW          934    .data               bmi088driver.o
    0x200000cc   COMPRESSED   0x0000001e   Data   RW         1159    .data               ist8310driver.o
    0x200000ea   COMPRESSED   0x00000002   PAD
    0x200000ec   COMPRESSED   0x00000020   Data   RW         1294    .data               magneticsensor.o
    0x2000010c   COMPRESSED   0x0000000c   Data   RW         1470    .data               freertos.o
    0x20000118   COMPRESSED   0x00000009   Data   RW         3059    .data               stm32f4xx_hal.o
    0x20000121   COMPRESSED   0x00000003   PAD
    0x20000124   COMPRESSED   0x00000004   Data   RW         5456    .data               system_stm32f4xx.o
    0x20000128   COMPRESSED   0x0000003c   Data   RW         6043    .data               tasks.o
    0x20000164   COMPRESSED   0x00000014   Data   RW         6373    .data               timers.o
    0x20000178   COMPRESSED   0x00000020   Data   RW         6904    .data               heap_4.o
    0x20000198   COMPRESSED   0x0000000c   Data   RW         6960    .data               port.o
    0x200001a4        -       0x0000005c   Zero   RW           18    .bss                ins_task.o
    0x20000200        -       0x00000080   Zero   RW          564    .bss                bsp_uart.o
    0x20000280        -       0x00000024   Zero   RW          932    .bss                bmi088driver.o
    0x200002a4        -       0x000006a8   Zero   RW         1467    .bss                freertos.o
    0x2000094c        -       0x00000028   Zero   RW         1522    .bss                can.o
    0x20000974        -       0x00000054   Zero   RW         1588    .bss                i2c.o
    0x200009c8        -       0x00000118   Zero   RW         1630    .bss                spi.o
    0x20000ae0        -       0x000000a4   Zero   RW         1672    .bss                usart.o
    0x20000b84        -       0x00000048   Zero   RW         1838    .bss                stm32f4xx_hal_timebase_tim.o
    0x20000bcc        -       0x00000020   Zero   RW         2281    .bss                stm32f4xx_hal_flash.o
    0x20000bec        -       0x00000040   Zero   RW         5663    .bss                queue.o
    0x20000c2c        -       0x000000f0   Zero   RW         6042    .bss                tasks.o
    0x20000d1c        -       0x00000110   Zero   RW         6372    .bss                timers.o
    0x20000e2c        -       0x00006000   Zero   RW         6903    .bss                heap_4.o
    0x20006e2c        -       0x00000060   Zero   RW         7339    .bss                c_w.l(libspace.o)
    0x20006e8c   COMPRESSED   0x00000004   PAD
    0x20006e90        -       0x00002000   Zero   RW            2    HEAP                startup_stm32f405xx.o
    0x20008e90        -       0x00004000   Zero   RW            1    STACK               startup_stm32f405xx.o


    Execution Region RW_IRAM2 (Exec base: 0x2001c000, Load base: 0x0800ba80, Size: 0x00000000, Max: 0x00004000, ABSOLUTE)

    **** No section assigned to this execution region ****


==============================================================================

Image component sizes


      Code (inc. data)   RO Data    RW Data    ZI Data      Debug   Object Name

      3078        106         26         64         36      10032   bmi088driver.o
       140         28          0          0          0       4736   bmi088middleware.o
       314         48          0          9          0       4946   bsp_can.o
        80          4          0          8          0     536895   bsp_delay.o
        72         14          0          6        128       1530   bsp_uart.o
       236         22          0          0         40       1645   can.o
       130          0          0          0          0      22843   cmsis_os.o
        88          4          0          0          0        762   dma.o
         0          0          0          0          0      19676   event_groups.o
       496         28          0          0          0       5026   flashstorage.o
       156         36        116         12       1704       3384   freertos.o
       348         16          0          0          0       1055   gpio.o
       504         32          0         32      24576       4983   heap_4.o
       260         30          0          0         84       1689   i2c.o
      1276        166          0         76         92     561464   ins_task.o
       988         44         12         30          0       4380   ist8310driver.o
       172         26          0          0          0       5123   ist8310driver_middleware.o
       144          0          0          0          0       3542   list.o
      1078        106          0         32          0       7954   magneticsensor.o
      2276         72          0         20          0       4881   mahonyahrs.o
       248         10          0          0          0       2624   main.o
       814         92          0         12          0      11889   port.o
      1586         24          0          0         64      17504   queue.o
       320         34          0         13          0     698373   rm_send_task.o
       352         36          0          0        280       1827   spi.o
        64         26        392          0      24576        836   startup_stm32f405xx.o
        96         20          0          9          0       8022   stm32f4xx_hal.o
      2134          6          0          0          0      14123   stm32f4xx_hal_can.o
       252         22          0          0          0      33634   stm32f4xx_hal_cortex.o
      1436         16          8          0          0       6938   stm32f4xx_hal_dma.o
       652         64          0          0         32       5886   stm32f4xx_hal_flash.o
       432         26          0          0          0       3206   stm32f4xx_hal_flash_ex.o
       556         50          0          0          0       3374   stm32f4xx_hal_gpio.o
      2856         46          0          0          0      11558   stm32f4xx_hal_i2c.o
        84          6          0          0          0        842   stm32f4xx_hal_msp.o
      1888         94          0          0          0       6193   stm32f4xx_hal_rcc.o
      1078         14          0          0          0       4617   stm32f4xx_hal_spi.o
       902         76          0          0          0       6362   stm32f4xx_hal_tim.o
         4          0          0          0          0       1537   stm32f4xx_hal_tim_ex.o
       180         18          0          0         72       1439   stm32f4xx_hal_timebase_tim.o
      2312         26          0          0          0      13418   stm32f4xx_hal_uart.o
       128         30          0          0          0       6173   stm32f4xx_it.o
         0          0          0          0          0        416   stream_buffer.o
        20          6         24          4          0       1103   system_stm32f4xx.o
      2858        238          0         60        240      32623   tasks.o
      1088         94          0         20        272      30715   timers.o
       284         32          0          0        164       1761   usart.o

    ----------------------------------------------------------------------
     34504       1888        612        420      52360    2133539   Object Totals
         0          0         32          0          0          0   (incl. Generated)
        44          0          2         13          0          0   (incl. Padding)

    ----------------------------------------------------------------------

      Code (inc. data)   RO Data    RW Data    ZI Data      Debug   Library Member Name

        90          0          0          0          0          0   __dczerorl2.o
         8          0          0          0          0         68   __main.o
       392          4         17          0          0         92   __printf_flags_ss_wp.o
        14          0          0          0          0         68   __printf_wp.o
         0          0          0          0          0          0   __rtentry.o
        12          0          0          0          0          0   __rtentry2.o
         6          0          0          0          0          0   __rtentry4.o
        52          8          0          0          0          0   __scatter.o
        28          0          0          0          0          0   __scatter_zi.o
         6          0          0          0          0          0   _printf_a.o
         6          0          0          0          0          0   _printf_c.o
        44          0          0          0          0        108   _printf_char.o
        48          6          0          0          0         96   _printf_char_common.o
        40          0          0          0          0         68   _printf_charcount.o
         6          0          0          0          0          0   _printf_d.o
       120         16          0          0          0         92   _printf_dec.o
         6          0          0          0          0          0   _printf_e.o
         6          0          0          0          0          0   _printf_f.o
      1054          0          0          0          0        216   _printf_fp_dec.o
       764          8         38          0          0        100   _printf_fp_hex.o
       128         16          0          0          0         84   _printf_fp_infnan.o
         6          0          0          0          0          0   _printf_g.o
       148          4         40          0          0        160   _printf_hex_int_ll_ptr.o
         6          0          0          0          0          0   _printf_i.o
       178          0          0          0          0         88   _printf_intcommon.o
        10          0          0          0          0          0   _printf_l.o
         6          0          0          0          0          0   _printf_lc.o
        10          0          0          0          0          0   _printf_ll.o
         6          0          0          0          0          0   _printf_lld.o
         6          0          0          0          0          0   _printf_lli.o
         6          0          0          0          0          0   _printf_llo.o
         6          0          0          0          0          0   _printf_llu.o
         6          0          0          0          0          0   _printf_llx.o
       124         16          0          0          0         92   _printf_longlong_dec.o
         6          0          0          0          0          0   _printf_ls.o
         6          0          0          0          0          0   _printf_n.o
         6          0          0          0          0          0   _printf_o.o
       112         10          0          0          0        124   _printf_oct_int_ll.o
         6          0          0          0          0          0   _printf_p.o
        78          0          0          0          0        108   _printf_pad.o
         0          0          0          0          0          0   _printf_percent.o
         4          0          0          0          0          0   _printf_percent_end.o
         6          0          0          0          0          0   _printf_s.o
        82          0          0          0          0         80   _printf_str.o
        36          0          0          0          0         84   _printf_truncate.o
         6          0          0          0          0          0   _printf_u.o
        44          0          0          0          0        108   _printf_wchar.o
       188          6          8          0          0         92   _printf_wctomb.o
         6          0          0          0          0          0   _printf_x.o
        22          0          0          0          0        100   _rserrno.o
        10          0          0          0          0         68   _sputc.o
        64          0          0          0          0         92   _wcrtomb.o
        16          0          0          0          0         68   aeabi_memset.o
       228          4        148          0          0         96   bigflt0.o
      1936        128          0          0          0        672   btod.o
        18          0          0          0          0         80   exit.o
         6          0          0          0          0        152   heapauxi.o
         0          0          0          0          0          0   indicate_semi.o
        44         10        272          0          0         76   lc_ctype_c.o
        44         10         28          0          0         76   lc_numeric_c.o
         2          0          0          0          0          0   libinit.o
        34          0          0          0          0          0   libinit2.o
         2          0          0          0          0          0   libshutdown.o
         2          0          0          0          0          0   libshutdown2.o
         8          4          0          0         96         68   libspace.o
       138          0          0          0          0         80   lludiv10.o
       238          0          0          0          0        100   lludivv7m.o
        16          4          0          0          0         76   rt_ctype_table.o
         8          4          0          0          0         68   rt_errno_addr_intlibspace.o
         8          4          0          0          0         68   rt_locale_intlibspace.o
        68          0          0          0          0         68   rt_memclr.o
        78          0          0          0          0         80   rt_memclr_w.o
       138          0          0          0          0         68   rt_memcpy_v6.o
       100          0          0          0          0         80   rt_memcpy_w.o
         2          0          0          0          0          0   rtexit.o
        10          0          0          0          0          0   rtexit2.o
       128          0          0          0          0         68   strcmpv7m.o
        62          0          0          0          0         76   strlen.o
        12          4          0          0          0         68   sys_exit.o
        74          0          0          0          0         80   sys_stackheap_outer.o
         2          0          0          0          0         68   use_no_semi.o
        36          4          0          0          0         76   vsprintf.o
        98          4          0          0          0        140   d2f.o
       804         16          0          0          0        368   daddsub_clz.o
        24          0          0          0          0        116   dcmpi.o
       688        140          0          0          0        256   ddiv.o
        46          0          0          0          0        116   dflt_clz.o
       120          4          0          0          0        140   dleqf.o
       340         12          0          0          0        152   dmul.o
       156          4          0          0          0        140   dnaninf.o
        12          0          0          0          0        116   dretinf.o
       108          0          0          0          0        128   drleqf.o
       408         56          0          0          0        168   dsqrt_umaal.o
        86          4          0          0          0        132   f2d.o
       140          4          0          0          0        132   fnaninf.o
        10          0          0          0          0        116   fpinit.o
        10          0          0          0          0        116   fretinf.o
         4          0          0          0          0        116   printf1.o
         4          0          0          0          0        116   printf2.o
         0          0          0          0          0          0   usenofp.o
       300         42          0          0          0        176   asinf.o
       684         90          0          0          0        208   atan2f.o
        20          0          0          0          0        124   fabs.o
        48          0          0          0          0        124   fpclassify.o
        38          0          0          0          0        116   fpclassifyf.o
        44         12          0          0          0        464   funder.o
       122          0          0          0          0        148   sqrt.o
       120          0          0          0          0        272   sqrtf.o

    ----------------------------------------------------------------------
     11952        658        552          0        100       8800   Library Totals
        30          0          1          0          4          0   (incl. Padding)

    ----------------------------------------------------------------------

      Code (inc. data)   RO Data    RW Data    ZI Data      Debug   Library Name

      7488        270        551          0         96       4600   c_w.l
      3058        244          0          0          0       2568   fz_wm.l
      1376        144          0          0          0       1632   m_wm.l

    ----------------------------------------------------------------------
     11952        658        552          0        100       8800   Library Totals

    ----------------------------------------------------------------------

==============================================================================


      Code (inc. data)   RO Data    RW Data    ZI Data      Debug   

     46456       2546       1164        420      52460    2110091   Grand Totals
     46456       2546       1164        124      52460    2110091   ELF Image Totals (compressed)
     46456       2546       1164        124          0          0   ROM Totals

==============================================================================

    Total RO  Size (Code + RO Data)                47620 (  46.50kB)
    Total RW  Size (RW Data + ZI Data)             52880 (  51.64kB)
    Total ROM Size (Code + RO Data + RW Data)      47744 (  46.63kB)

==============================================================================

